Component: ARM Compiler 5.06 update 2 (build 183) Tool: armlink [4d35b7]

==============================================================================

Section Cross References

    startup_stm32f10x_cl.o(STACK) refers (Special) to system_stm32f10x.o(i.SystemInit) for SystemInit
    startup_stm32f10x_cl.o(STACK) refers (Special) to heapauxi.o(.text) for __use_two_region_memory
    startup_stm32f10x_cl.o(HEAP) refers (Special) to system_stm32f10x.o(i.SystemInit) for SystemInit
    startup_stm32f10x_cl.o(HEAP) refers (Special) to heapauxi.o(.text) for __use_two_region_memory
    startup_stm32f10x_cl.o(RESET) refers (Special) to system_stm32f10x.o(i.SystemInit) for SystemInit
    startup_stm32f10x_cl.o(RESET) refers (Special) to heapauxi.o(.text) for __use_two_region_memory
    startup_stm32f10x_cl.o(RESET) refers to startup_stm32f10x_cl.o(STACK) for __initial_sp
    startup_stm32f10x_cl.o(RESET) refers to startup_stm32f10x_cl.o(.text) for Reset_Handler
    startup_stm32f10x_cl.o(RESET) refers to stm32f10x_it.o(i.NMI_Handler) for NMI_Handler
    startup_stm32f10x_cl.o(RESET) refers to stm32f10x_it.o(i.HardFault_Handler) for HardFault_Handler
    startup_stm32f10x_cl.o(RESET) refers to stm32f10x_it.o(i.MemManage_Handler) for MemManage_Handler
    startup_stm32f10x_cl.o(RESET) refers to stm32f10x_it.o(i.BusFault_Handler) for BusFault_Handler
    startup_stm32f10x_cl.o(RESET) refers to stm32f10x_it.o(i.UsageFault_Handler) for UsageFault_Handler
    startup_stm32f10x_cl.o(RESET) refers to stm32f10x_it.o(i.SVC_Handler) for SVC_Handler
    startup_stm32f10x_cl.o(RESET) refers to stm32f10x_it.o(i.DebugMon_Handler) for DebugMon_Handler
    startup_stm32f10x_cl.o(RESET) refers to stm32f10x_it.o(i.PendSV_Handler) for PendSV_Handler
    startup_stm32f10x_cl.o(RESET) refers to stm32f10x_it.o(i.SysTick_Handler) for SysTick_Handler
    startup_stm32f10x_cl.o(RESET) refers to stm32f10x_it.o(i.RTC_IRQHandler) for RTC_IRQHandler
    startup_stm32f10x_cl.o(RESET) refers to stm32f10x_it.o(i.CAN1_RX0_IRQHandler) for CAN1_RX0_IRQHandler
    startup_stm32f10x_cl.o(RESET) refers to stm32f10x_it.o(i.TIM2_IRQHandler) for TIM2_IRQHandler
    startup_stm32f10x_cl.o(.text) refers (Special) to system_stm32f10x.o(i.SystemInit) for SystemInit
    startup_stm32f10x_cl.o(.text) refers (Special) to heapauxi.o(.text) for __use_two_region_memory
    startup_stm32f10x_cl.o(.text) refers to __main.o(!!!main) for __main
    startup_stm32f10x_cl.o(.text) refers to startup_stm32f10x_cl.o(HEAP) for Heap_Mem
    startup_stm32f10x_cl.o(.text) refers to startup_stm32f10x_cl.o(STACK) for Stack_Mem
    system_stm32f10x.o(i.SetSysClock) refers to system_stm32f10x.o(i.SetSysClockTo72) for SetSysClockTo72
    system_stm32f10x.o(i.SystemInit) refers to system_stm32f10x.o(i.SetSysClock) for SetSysClock
    stm32f10x_bkp.o(i.BKP_DeInit) refers to stm32f10x_rcc.o(i.RCC_BackupResetCmd) for RCC_BackupResetCmd
    stm32f10x_can.o(i.CAN_DeInit) refers to stm32f10x_rcc.o(i.RCC_APB1PeriphResetCmd) for RCC_APB1PeriphResetCmd
    stm32f10x_can.o(i.CAN_GetITStatus) refers to stm32f10x_can.o(i.CheckITStatus) for CheckITStatus
    stm32f10x_can.o(i.CAN_Receive) refers to stm32f10x_can.o(i.CAN_FIFORelease) for CAN_FIFORelease
    stm32f10x_flash.o(i.FLASH_EnableWriteProtection) refers to stm32f10x_flash.o(i.FLASH_WaitForLastOperation) for FLASH_WaitForLastOperation
    stm32f10x_flash.o(i.FLASH_EraseAllPages) refers to stm32f10x_flash.o(i.FLASH_WaitForLastOperation) for FLASH_WaitForLastOperation
    stm32f10x_flash.o(i.FLASH_EraseOptionBytes) refers to stm32f10x_flash.o(i.FLASH_WaitForLastOperation) for FLASH_WaitForLastOperation
    stm32f10x_flash.o(i.FLASH_ErasePage) refers to stm32f10x_flash.o(i.FLASH_WaitForLastOperation) for FLASH_WaitForLastOperation
    stm32f10x_flash.o(i.FLASH_ProgramHalfWord) refers to stm32f10x_flash.o(i.FLASH_WaitForLastOperation) for FLASH_WaitForLastOperation
    stm32f10x_flash.o(i.FLASH_ProgramOptionByteData) refers to stm32f10x_flash.o(i.FLASH_WaitForLastOperation) for FLASH_WaitForLastOperation
    stm32f10x_flash.o(i.FLASH_ProgramWord) refers to stm32f10x_flash.o(i.FLASH_WaitForLastOperation) for FLASH_WaitForLastOperation
    stm32f10x_flash.o(i.FLASH_ReadOutProtection) refers to stm32f10x_flash.o(i.FLASH_WaitForLastOperation) for FLASH_WaitForLastOperation
    stm32f10x_flash.o(i.FLASH_UserOptionByteConfig) refers to stm32f10x_flash.o(i.FLASH_WaitForLastOperation) for FLASH_WaitForLastOperation
    stm32f10x_flash.o(i.FLASH_WaitForLastOperation) refers to stm32f10x_flash.o(i.FLASH_GetStatus) for FLASH_GetStatus
    stm32f10x_flash.o(i.FLASH_WaitForLastOperation) refers to stm32f10x_flash.o(i.delay) for delay
    stm32f10x_gpio.o(i.GPIO_AFIODeInit) refers to stm32f10x_rcc.o(i.RCC_APB2PeriphResetCmd) for RCC_APB2PeriphResetCmd
    stm32f10x_gpio.o(i.GPIO_DeInit) refers to stm32f10x_rcc.o(i.RCC_APB2PeriphResetCmd) for RCC_APB2PeriphResetCmd
[...]
    .text                                    0x08000356   Section       78  rt_memclr_w.o(.text)
    .text                                    0x080003a4   Section        0  heapauxi.o(.text)
    .text                                    0x080003aa   Section       74  sys_stackheap_outer.o(.text)
    .text                                    0x080003f4   Section        0  exit.o(.text)
    .text                                    0x08000408   Section        8  libspace.o(.text)
    .text                                    0x08000410   Section        0  sys_exit.o(.text)
    .text                                    0x0800041c   Section        2  use_no_semi.o(.text)
    .text                                    0x0800041e   Section        0  indicate_semi.o(.text)
    i.BKP_DeInit                             0x0800041e   Section        0  stm32f10x_bkp.o(i.BKP_DeInit)
    i.BusFault_Handler                       0x0800042e   Section        0  stm32f10x_it.o(i.BusFault_Handler)
    i.CAN1IrqFuc                             0x08000434   Section        0  uhf_125k.o(i.CAN1IrqFuc)
    i.CAN1_RX0_IRQHandler                    0x08000a04   Section        0  stm32f10x_it.o(i.CAN1_RX0_IRQHandler)
    i.CANSendData                            0x08000a0c   Section        0  uhf_125k.o(i.CANSendData)
    i.CANSendDataConst                       0x08000a20   Section        0  uhf_125k.o(i.CANSendDataConst)
    i.CAN_Configuration                      0x08000a40   Section        0  drv_can.o(i.CAN_Configuration)
    i.CAN_DeInit                             0x08000c60   Section        0  stm32f10x_can.o(i.CAN_DeInit)
    i.CAN_FIFORelease                        0x08000c98   Section        0  stm32f10x_can.o(i.CAN_FIFORelease)
    i.CAN_FilterInit                         0x08000ca8   Section        0  stm32f10x_can.o(i.CAN_FilterInit)
    i.CAN_ITConfig                           0x08000db0   Section        0  stm32f10x_can.o(i.CAN_ITConfig)
    i.CAN_Init                               0x08000dc2   Section        0  stm32f10x_can.o(i.CAN_Init)
    i.CAN_Receive                            0x08000ed6   Section        0  stm32f10x_can.o(i.CAN_Receive)
    i.CAN_Transmit                           0x08000fc0   Section        0  stm32f10x_can.o(i.CAN_Transmit)
    i.Cal_crc8                               0x080010e8   Section        0  uhf_125k.o(i.Cal_crc8)
    i.CheckIOState                           0x0800110c   Section        0  uhf_125k.o(i.CheckIOState)
    i.CheckLfRemote                          0x08001174   Section        0  uhf_125k.o(i.CheckLfRemote)
    i.CheckOnTime                            0x080012a4   Section        0  uhf_125k.o(i.CheckOnTime)
    i.DebugMon_Handler                       0x080012cc   Section        0  stm32f10x_it.o(i.DebugMon_Handler)
    i.DelayXms                               0x080012d0   Section        0  main.o(i.DelayXms)
    i.FLASH_ClearFlag                        0x0800130c   Section        0  stm32f10x_flash.o(i.FLASH_ClearFlag)
    i.FLASH_ErasePage                        0x08001318   Section        0  stm32f10x_flash.o(i.FLASH_ErasePage)
    i.FLASH_GetStatus                        0x08001368   Section        0  stm32f10x_flash.o(i.FLASH_GetStatus)
    i.FLASH_Lock                             0x0800139c   Section        0  stm32f10x_flash.o(i.FLASH_Lock)
    i.FLASH_PrefetchBufferCmd                0x080013b0   Section        0  stm32f10x_flash.o(i.FLASH_PrefetchBufferCmd)
    i.FLASH_ProgramMoreWord                  0x080013cc   Section        0  uhf_125k.o(i.FLASH_ProgramMoreWord)
    i.FLASH_ProgramWord                      0x080013f4   Section        0  stm32f10x_flash.o(i.FLASH_ProgramWord)
    i.FLASH_ReadCount                        0x08001468   Section        0  uhf_125k.o(i.FLASH_ReadCount)
    i.FLASH_ReadMoreWord                     0x0800146e   Section        0  uhf_125k.o(i.FLASH_ReadMoreWord)
    i.FLASH_ReadRemoteID                     0x08001488   Section        0  uhf_125k.o(i.FLASH_ReadRemoteID)
    i.FLASH_SetLatency                       0x08001514   Section        0  stm32f10x_flash.o(i.FLASH_SetLatency)
    i.FLASH_Unlock                           0x0800152c   Section        0  stm32f10x_flash.o(i.FLASH_Unlock)
    i.FLASH_WaitForLastOperation             0x08001544   Section        0  stm32f10x_flash.o(i.FLASH_WaitForLastOperation)
    i.FLASH_WriteRemoteID                    0x08001570   Section        0  uhf_125k.o(i.FLASH_WriteRemoteID)
    i.GPIO_Configuration                     0x0800165c   Section        0  main.o(i.GPIO_Configuration)
    i.GPIO_DeInit                            0x080017ec   Section        0  stm32f10x_gpio.o(i.GPIO_DeInit)
    i.GPIO_Init                              0x080018b4   Section        0  stm32f10x_gpio.o(i.GPIO_Init)
    i.GPIO_PinRemapConfig                    0x080019cc   Section        0  stm32f10x_gpio.o(i.GPIO_PinRemapConfig)
    i.GPIO_ReadInputDataBit                  0x08001a3c   Section        0  stm32f10x_gpio.o(i.GPIO_ReadInputDataBit)
    i.GPIO_ReadOutputDataBit                 0x08001a4e   Section        0  stm32f10x_gpio.o(i.GPIO_ReadOutputDataBit)
    i.GPIO_ResetBits                         0x08001a60   Section        0  stm32f10x_gpio.o(i.GPIO_ResetBits)
    i.GPIO_SDIO_Configuration                0x08001a64   Section        0  drv_spi.o(i.GPIO_SDIO_Configuration)
    i.GPIO_SetBits                           0x08001a94   Section        0  stm32f10x_gpio.o(i.GPIO_SetBits)
    i.HardFault_Handler                      0x08001a98   Section        0  stm32f10x_it.o(i.HardFault_Handler)
    i.KillTimer                              0x08001a9c   Section        0  uhf_125k.o(i.KillTimer)
    i.LFSendData                             0x08001ac4   Section        0  uhf_125k.o(i.LFSendData)
    i.MemManage_Handler                      0x08001c74   Section        0  stm32f10x_it.o(i.MemManage_Handler)
    i.NMI_Handler                            0x08001c78   Section        0  stm32f10x_it.o(i.NMI_Handler)
    i.NVIC_Configuration                     0x08001c7a   Section        0  main.o(i.NVIC_Configuration)
    i.NVIC_Init                              0x08001cdc   Section        0  misc.o(i.NVIC_Init)
    i.NVIC_PriorityGroupConfig               0x08001d4c   Section        0  misc.o(i.NVIC_PriorityGroupConfig)
    i.NVIC_SystemReset                       0x08001d60   Section        0  uhf_125k.o(i.NVIC_SystemReset)
    NVIC_SystemReset                         0x08001d61   Thumb Code    26  uhf_125k.o(i.NVIC_SystemReset)
    i.OnEventRemoteClose                     0x08001d84   Section        0  uhf_125k.o(i.OnEventRemoteClose)
    i.OnEventRemoteOpen                      0x08001f58   Section        0  uhf_125k.o(i.OnEventRemoteOpen)
    i.OnEventStudy                           0x08002088   Section        0  uhf_125k.o(i.OnEventStudy)
    i.OnEvnetLFSend                          0x080021ac   Section        0  uhf_125k.o(i.OnEvnetLFSend)
    i.OnTimer                                0x080022f8   Section        0  uhf_125k.o(i.OnTimer)
    i.PWR_BackupAccessCmd                    0x08002458   Section        0  stm32f10x_pwr.o(i.PWR_BackupAccessCmd)
    i.PendSV_Handler                         0x08002464   Section        0  stm32f10x_it.o(i.PendSV_Handler)
    i.RCC_APB1PeriphClockCmd                 0x08002468   Section        0  stm32f10x_rcc.o(i.RCC_APB1PeriphClockCmd)
    i.RCC_APB1PeriphResetCmd                 0x08002488   Section        0  stm32f10x_rcc.o(i.RCC_APB1PeriphResetCmd)
    i.RCC_APB2PeriphClockCmd                 0x080024a8   Section        0  stm32f10x_rcc.o(i.RCC_APB2PeriphClockCmd)
    i.RCC_APB2PeriphResetCmd                 0x080024c8   Section        0  stm32f10x_rcc.o(i.RCC_APB2PeriphResetCmd)
    i.RCC_BackupResetCmd                     0x080024e8   Section        0  stm32f10x_rcc.o(i.RCC_BackupResetCmd)
    i.RCC_ClearFlag                          0x080024f4   Section        0  stm32f10x_rcc.o(i.RCC_ClearFlag)
    i.RCC_Configuration                      0x08002508   Section        0  main.o(i.RCC_Configuration)
    i.RCC_DeInit                             0x080025b4   Section        0  stm32f10x_rcc.o(i.RCC_DeInit)
    i.RCC_GetClocksFreq                      0x08002610   Section        0  stm32f10x_rcc.o(i.RCC_GetClocksFreq)
    i.RCC_GetFlagStatus                      0x0800279c   Section        0  stm32f10x_rcc.o(i.RCC_GetFlagStatus)
    i.RCC_GetSYSCLKSource                    0x080027d8   Section        0  stm32f10x_rcc.o(i.RCC_GetSYSCLKSource)
    i.RCC_HCLKConfig                         0x080027e8   Section        0  stm32f10x_rcc.o(i.RCC_HCLKConfig)
    i.RCC_HSEConfig                          0x08002800   Section        0  stm32f10x_rcc.o(i.RCC_HSEConfig)
    i.RCC_HSICmd                             0x0800284c   Section        0  stm32f10x_rcc.o(i.RCC_HSICmd)
    i.RCC_LSICmd                             0x08002858   Section        0  stm32f10x_rcc.o(i.RCC_LSICmd)
    i.RCC_PCLK1Config                        0x08002864   Section        0  stm32f10x_rcc.o(i.RCC_PCLK1Config)
    i.RCC_PCLK2Config                        0x0800287c   Section        0  stm32f10x_rcc.o(i.RCC_PCLK2Config)
    i.RCC_RTCCLKCmd                          0x08002894   Section        0  stm32f10x_rcc.o(i.RCC_RTCCLKCmd)
    i.RCC_RTCCLKConfig                       0x080028a0   Section        0  stm32f10x_rcc.o(i.RCC_RTCCLKConfig)
    i.RCC_SYSCLKConfig                       0x080028b0   Section        0  stm32f10x_rcc.o(i.RCC_SYSCLKConfig)
    i.RCC_WaitForHSEStartUp                  0x080028c8   Section        0  stm32f10x_rcc.o(i.RCC_WaitForHSEStartUp)
    i.RTC_ClearITPendingBit                  0x08002900   Section        0  stm32f10x_rtc.o(i.RTC_ClearITPendingBit)
    i.RTC_Configuration                      0x08002910   Section        0  main.o(i.RTC_Configuration)
    i.RTC_EnterConfigMode                    0x08002964   Section        0  stm32f10x_rtc.o(i.RTC_EnterConfigMode)
    i.RTC_ExitConfigMode                     0x08002978   Section        0  stm32f10x_rtc.o(i.RTC_ExitConfigMode)
    i.RTC_GetCounter                         0x0800298c   Section        0  stm32f10x_rtc.o(i.RTC_GetCounter)
    i.RTC_GetITStatus                        0x080029a0   Section        0  stm32f10x_rtc.o(i.RTC_GetITStatus)
    i.RTC_IRQHandler                         0x080029c4   Section        0  stm32f10x_it.o(i.RTC_IRQHandler)
    i.RTC_ITConfig                           0x08002a74   Section        0  stm32f10x_rtc.o(i.RTC_ITConfig)
    i.RTC_SetCounter                         0x08002a94   Section        0  stm32f10x_rtc.o(i.RTC_SetCounter)
    i.RTC_SetPrescaler                       0x08002ab0   Section        0  stm32f10x_rtc.o(i.RTC_SetPrescaler)
    i.RTC_WaitForLastTask                    0x08002ad0   Section        0  stm32f10x_rtc.o(i.RTC_WaitForLastTask)
    i.RTC_WaitForSynchro                     0x08002ae4   Section        0  stm32f10x_rtc.o(i.RTC_WaitForSynchro)
    i.SVC_Handler                            0x08002b08   Section        0  stm32f10x_it.o(i.SVC_Handler)
    i.SetGpioPinNxpOpen                      0x08002b0c   Section        0  main.o(i.SetGpioPinNxpOpen)
    i.SetGpioPinStudyIn                      0x08002b48   Section        0  main.o(i.SetGpioPinStudyIn)
    i.SetSysClock                            0x08002b6c   Section        0  system_stm32f10x.o(i.SetSysClock)
    SetSysClock                              0x08002b6d   Thumb Code     8  system_stm32f10x.o(i.SetSysClock)
    i.SetSysClockTo72                        0x08002b74   Section        0  system_stm32f10x.o(i.SetSysClockTo72)
    SetSysClockTo72                          0x08002b75   Thumb Code   258  system_stm32f10x.o(i.SetSysClockTo72)
    i.SetTimer                               0x08002c84   Section        0  uhf_125k.o(i.SetTimer)
    i.SysTick_CLKSourceConfig                0x08002cb8   Section        0  misc.o(i.SysTick_CLKSourceConfig)
    i.SysTick_Configuration                  0x08002ce0   Section        0  main.o(i.SysTick_Configuration)
    i.SysTick_Handler                        0x08002d3c   Section        0  stm32f10x_it.o(i.SysTick_Handler)
    i.SystemInit                             0x08002d54   Section        0  system_stm32f10x.o(i.SystemInit)
    i.TIM2_IRQHandler                        0x08002db4   Section        0  stm32f10x_it.o(i.TIM2_IRQHandler)
    i.TIM_ARRPreloadConfig                   0x08002de0   Section        0  stm32f10x_tim.o(i.TIM_ARRPreloadConfig)
    i.TIM_ClearITPendingBit                  0x08002df8   Section        0  stm32f10x_tim.o(i.TIM_ClearITPendingBit)
    i.TIM_Cmd                                0x08002dfe   Section        0  stm32f10x_tim.o(i.TIM_Cmd)
    i.TIM_Configuration                      0x08002e18   Section        0  drv_time.o(i.TIM_Configuration)
    i.TIM_CtrlPWMOutputs                     0x08002eec   Section        0  stm32f10x_tim.o(i.TIM_CtrlPWMOutputs)
    i.TIM_GetCounter                         0x08002f0a   Section        0  stm32f10x_tim.o(i.TIM_GetCounter)
    i.TIM_GetITStatus                        0x08002f10   Section        0  stm32f10x_tim.o(i.TIM_GetITStatus)
    i.TIM_ITConfig                           0x08002f32   Section        0  stm32f10x_tim.o(i.TIM_ITConfig)
    i.TIM_OC1Init                            0x08002f44   Section        0  stm32f10x_tim.o(i.TIM_OC1Init)
    i.TIM_OC1PreloadConfig                   0x08002fbc   Section        0  stm32f10x_tim.o(i.TIM_OC1PreloadConfig)
    i.TIM_OC2Init                            0x08002fd0   Section        0  stm32f10x_tim.o(i.TIM_OC2Init)
    i.TIM_OC2PreloadConfig                   0x0800306c   Section        0  stm32f10x_tim.o(i.TIM_OC2PreloadConfig)
    i.TIM_SetCounter                         0x08003086   Section        0  stm32f10x_tim.o(i.TIM_SetCounter)
    i.TIM_TimeBaseInit                       0x0800308c   Section        0  stm32f10x_tim.o(i.TIM_TimeBaseInit)
    i.USART_Cmd                              0x080030c8   Section        0  stm32f10x_usart.o(i.USART_Cmd)
    i.USART_Configuration                    0x080030e0   Section        0  main.o(i.USART_Configuration)
    i.USART_GetFlagStatus                    0x08003118   Section        0  stm32f10x_usart.o(i.USART_GetFlagStatus)
    i.USART_Init                             0x08003134   Section        0  stm32f10x_usart.o(i.USART_Init)
    i.USART_ReceiveData                      0x080031d4   Section        0  stm32f10x_usart.o(i.USART_ReceiveData)
    i.USER_Configuration                     0x080031e0   Section        0  uhf_125k.o(i.USER_Configuration)
    i.UhfRevData_First                       0x080033a8   Section        0  uhf_125k.o(i.UhfRevData_First)
    i.UhfRevData_HIGH                        0x08003510   Section        0  uhf_125k.o(i.UhfRevData_HIGH)
    i.UsageFault_Handler                     0x08003690   Section        0  stm32f10x_it.o(i.UsageFault_Handler)
    i.ValueRange                             0x08003694   Section        0  uhf_125k.o(i.ValueRange)
    i.ValueVGARange                          0x080036b2   Section        0  uhf_125k.o(i.ValueVGARange)
    i.WaitSendCANLamp                        0x080036c0   Section        0  uhf_125k.o(i.WaitSendCANLamp)
    i.WriteConfigToFlash                     0x080036ec   Section        0  uhf_125k.o(i.WriteConfigToFlash)
    i._delay_us                              0x0800373c   Section        0  drv_spi.o(i._delay_us)
    i.bGoRx                                  0x08003750   Section        0  drv_cmt2300.o(i.bGoRx)
    i.bGoSleep                               0x080037e4   Section        0  drv_cmt2300.o(i.bGoSleep)
    i.bGoStandby                             0x0800380c   Section        0  drv_cmt2300.o(i.bGoStandby)
    i.bIntSrcFlagClr                         0x08003858   Section        0  drv_cmt2300.o(i.bIntSrcFlagClr)
    i.bSpi3Read                              0x08003918   Section        0  drv_spi.o(i.bSpi3Read)
    i.bSpi3ReadByte                          0x0800394c   Section        0  drv_spi.o(i.bSpi3ReadByte)
    i.delay                                  0x080039c4   Section        0  stm32f10x_flash.o(i.delay)
    delay                                    0x080039c5   Thumb Code    26  stm32f10x_flash.o(i.delay)
    i.main                                   0x080039e0   Section        0  main.o(i.main)
    i.vAfterCfg                              0x08003a6c   Section        0  drv_cmt2300.o(i.vAfterCfg)
    i.vCfgBank                               0x08003ac4   Section        0  drv_cmt2300.o(i.vCfgBank)
    i.vEnableRdFifo                          0x08003ae4   Section        0  drv_cmt2300.o(i.vEnableRdFifo)
    i.vGpioFuncCfg                           0x08003b14   Section        0  drv_cmt2300.o(i.vGpioFuncCfg)
    i.vInit                                  0x08003b24   Section        0  drv_cmt2300.o(i.vInit)
    i.vInitOOKRadio                          0x08003b54   Section        0  drv_cmt2300.o(i.vInitOOKRadio)
    i.vInitRadio                             0x08003bc0   Section        0  drv_cmt2300.o(i.vInitRadio)
    i.vSetPayloadLength                      0x08003c30   Section        0  drv_cmt2300.o(i.vSetPayloadLength)
    i.vSoftReset                             0x08003c90   Section        0  drv_cmt2300.o(i.vSoftReset)
    i.vSpi3Init                              0x08003ca4   Section        0  drv_spi.o(i.vSpi3Init)
    i.vSpi3Write                             0x08003ce8   Section        0  drv_spi.o(i.vSpi3Write)
    i.vSpi3WriteByte                         0x08003d14   Section        0  drv_spi.o(i.vSpi3WriteByte)
    .constdata                               0x08003db8   Section      854  uhf_125k.o(.constdata)
    .data                                    0x20000000   Section       20  stm32f10x_rcc.o(.data)
    APBAHBPrescTable                         0x20000000   Data          16  stm32f10x_rcc.o(.data)
    ADCPrescTable                            0x20000010   Data           4  stm32f10x_rcc.o(.data)
    .data                                    0x20000014   Section      488  drv_cmt2300.o(.data)
    .data                                    0x200001fc   Section        8  main.o(.data)
    .data                                    0x20000204   Section      423  uhf_125k.o(.data)
    .bss                                     0x200003ac   Section      566  uhf_125k.o(.bss)
    .bss                                     0x200005e4   Section       96  libspace.o(.bss)
    HEAP                                     0x20000648   Section      512  startup_stm32f10x_cl.o(HEAP)
    Heap_Mem                                 0x20000648   Data         512  startup_stm32f10x_cl.o(HEAP)
    STACK                                    0x20000848   Section     1024  startup_stm32f10x_cl.o(STACK)
    Stack_Mem                                0x20000848   Data        1024  startup_stm32f10x_cl.o(STACK)
    __initial_sp                             0x20000c48   Data           0  startup_stm32f10x_cl.o(STACK)

    Global Symbols

    Symbol Name                              Value     Ov Type        Size  Object(Section)

    BuildAttributes$$THM_ISAv4$P$D$K$B$S$PE$A:L22UL41UL21$X:L11$S22US41US21$IEEE1$IW$USESV6$~STKCKD$USESV7$~SHL$OSPACE$ROPI$EBA8$UX$STANDARDLIB$REQ8$PRES8$EABIv2 0x00000000   Number         0  anon$$obj.o ABSOLUTE
    __ARM_use_no_argv                        0x00000000   Number         0  main.o ABSOLUTE
    __ARM_exceptions_init                     - Undefined Weak Reference
    __alloca_initialize                       - Undefined Weak Reference
    __arm_preinit_                            - Undefined Weak Reference
    __cpp_initialize__aeabi_                  - Undefined Weak Reference
    __cxa_finalize                            - Undefined Weak Reference
    __rt_locale                               - Undefined Weak Reference
    __sigvec_lookup                           - Undefined Weak Reference
    _atexit_init                              - Undefined Weak Reference
    _call_atexit_fns                          - Undefined Weak Reference
    _clock_init                               - Undefined Weak Reference
    _fp_trap_init                             - Undefined Weak Reference
    _fp_trap_shutdown                         - Undefined Weak Reference
    _get_lc_collate                           - Undefined Weak Reference
    _get_lc_ctype                             - Undefined Weak Reference
    _get_lc_monetary                          - Undefined Weak Reference
    _get_lc_numeric                           - Undefined Weak Reference
    _get_lc_time                              - Undefined Weak Reference
    _getenv_init                              - Undefined Weak Reference
    _handle_redirection                       - Undefined Weak Reference
    _init_alloc                               - Undefined Weak Reference
    _init_user_alloc                          - Undefined Weak Reference
    _initio                                   - Undefined Weak Reference
    _rand_init                                - Undefined Weak Reference
    _signal_finish                            - Undefined Weak Reference
    _signal_init                              - Undefined Weak Reference
    _terminate_alloc                          - Undefined Weak Reference
    _terminate_user_alloc                     - Undefined Weak Reference
    _terminateio                              - Undefined Weak Reference
    __Vectors_Size                           0x00000150   Number         0  startup_stm32f10x_cl.o ABSOLUTE
    __Vectors                                0x08000000   Data           4  startup_stm32f10x_cl.o(RESET)
    __Vectors_End                            0x08000150   Data           0  startup_stm32f10x_cl.o(RESET)
    __main                                   0x08000151   Thumb Code     8  __main.o(!!!main)
    __scatterload                            0x08000159   Thumb Code     0  __scatter.o(!!!scatter)
    __scatterload_rt2                        0x08000159   Thumb Code    44  __scatter.o(!!!scatter)
    __scatterload_rt2_thumb_only             0x08000159   Thumb Code     0  __scatter.o(!!!scatter)
    __scatterload_null                       0x08000167   Thumb Code     0  __scatter.o(!!!scatter)
    __decompress                             0x0800018d   Thumb Code    90  __dczerorl2.o(!!dczerorl2)
    __decompress1                            0x0800018d   Thumb Code     0  __dczerorl2.o(!!dczerorl2)
    __scatterload_zeroinit                   0x080001e9   Thumb Code    28  __scatter_zi.o(!!handler_zi)
    __rt_lib_init                            0x08000205   Thumb Code     0  libinit.o(.ARM.Collect$$libinit$$00000000)
    __rt_lib_init_alloca_1                   0x08000207   Thumb Code     0  libinit2.o(.ARM.Collect$$libinit$$0000002E)
    __rt_lib_init_argv_1                     0x08000207   Thumb Code     0  libinit2.o(.ARM.Collect$$libinit$$0000002C)
    __rt_lib_init_atexit_1                   0x08000207   Thumb Code     0  libinit2.o(.ARM.Collect$$libinit$$0000001B)
    __rt_lib_init_clock_1                    0x08000207   Thumb Code     0  libinit2.o(.ARM.Collect$$libinit$$00000021)
    __rt_lib_init_cpp_1                      0x08000207   Thumb Code     0  libinit2.o(.ARM.Collect$$libinit$$00000032)
    __rt_lib_init_exceptions_1               0x08000207   Thumb Code     0  libinit2.o(.ARM.Collect$$libinit$$00000030)
    __rt_lib_init_fp_1                       0x08000207   Thumb Code     0  libinit2.o(.ARM.Collect$$libinit$$00000002)
    __rt_lib_init_fp_trap_1                  0x08000207   Thumb Code     0  libinit2.o(.ARM.Collect$$libinit$$0000001F)
    __rt_lib_init_getenv_1                   0x08000207   Thumb Code     0  libinit2.o(.ARM.Collect$$libinit$$00000023)
    __rt_lib_init_heap_1                     0x08000207   Thumb Code     0  libinit2.o(.ARM.Collect$$libinit$$0000000A)
    __rt_lib_init_lc_collate_1               0x08000207   Thumb Code     0  libinit2.o(.ARM.Collect$$libinit$$00000011)
    __rt_lib_init_lc_ctype_1                 0x08000207   Thumb Code     0  libinit2.o(.ARM.Collect$$libinit$$00000013)
    __rt_lib_init_lc_monetary_1              0x08000207   Thumb Code     0  libinit2.o(.ARM.Collect$$libinit$$00000015)
    __rt_lib_init_lc_numeric_1               0x08000207   Thumb Code     0  libinit2.o(.ARM.Collect$$libinit$$00000017)
    __rt_lib_init_lc_time_1                  0x08000207   Thumb Code     0  libinit2.o(.ARM.Collect$$libinit$$00000019)
    __rt_lib_init_preinit_1                  0x08000207   Thumb Code     0  libinit2.o(.ARM.Collect$$libinit$$00000004)
    __rt_lib_init_rand_1                     0x08000207   Thumb Code     0  libinit2.o(.ARM.Collect$$libinit$$0000000E)
    __rt_lib_init_return                     0x08000207   Thumb Code     0  libinit2.o(.ARM.Collect$$libinit$$00000033)
    __rt_lib_init_signal_1                   0x08000207   Thumb Code     0  libinit2.o(.ARM.Collect$$libinit$$0000001D)
    __rt_lib_init_stdio_1                    0x08000207   Thumb Code     0  libinit2.o(.ARM.Collect$$libinit$$00000025)
    __rt_lib_init_user_alloc_1               0x08000207   Thumb Code     0  libinit2.o(.ARM.Collect$$libinit$$0000000C)
    __rt_lib_shutdown                        0x08000209   Thumb Code     0  libshutdown.o(.ARM.Collect$$libshutdown$$00000000)
    __rt_lib_shutdown_cpp_1                  0x0800020b   Thumb Code     0  libshutdown2.o(.ARM.Collect$$libshutdown$$00000002)
    __rt_lib_shutdown_fp_trap_1              0x0800020b   Thumb Code     0  libshutdown2.o(.ARM.Collect$$libshutdown$$00000007)
    __rt_lib_shutdown_heap_1                 0x0800020b   Thumb Code     0  libshutdown2.o(.ARM.Collect$$libshutdown$$0000000F)
    __rt_lib_shutdown_return                 0x0800020b   Thumb Code     0  libshutdown2.o(.ARM.Collect$$libshutdown$$00000010)
    __rt_lib_shutdown_signal_1               0x0800020b   Thumb Code     0  libshutdown2.o(.ARM.Collect$$libshutdown$$0000000A)
    __rt_lib_shutdown_stdio_1                0x0800020b   Thumb Code     0  libshutdown2.o(.ARM.Collect$$libshutdown$$00000004)
    __rt_lib_shutdown_user_alloc_1           0x0800020b   Thumb Code     0  libshutdown2.o(.ARM.Collect$$libshutdown$$0000000C)
    __rt_entry                               0x0800020d   Thumb Code     0  __rtentry.o(.ARM.Collect$$rtentry$$00000000)
    __rt_entry_presh_1                       0x0800020d   Thumb Code     0  __rtentry2.o(.ARM.Collect$$rtentry$$00000002)
    __rt_entry_sh                            0x0800020d   Thumb Code     0  __rtentry4.o(.ARM.Collect$$rtentry$$00000004)
    __rt_entry_li                            0x08000213   Thumb Code     0  __rtentry2.o(.ARM.Collect$$rtentry$$0000000A)
    __rt_entry_postsh_1                      0x08000213   Thumb Code     0  __rtentry2.o(.ARM.Collect$$rtentry$$00000009)
    __rt_entry_main                          0x08000217   Thumb Code     0  __rtentry2.o(.ARM.Collect$$rtentry$$0000000D)
    __rt_entry_postli_1                      0x08000217   Thumb Code     0  __rtentry2.o(.ARM.Collect$$rtentry$$0000000C)
    __rt_exit                                0x0800021f   Thumb Code     0  rtexit.o(.ARM.Collect$$rtexit$$00000000)
    __rt_exit_ls                             0x08000221   Thumb Code     0  rtexit2.o(.ARM.Collect$$rtexit$$00000003)
    __rt_exit_prels_1                        0x08000221   Thumb Code     0  rtexit2.o(.ARM.Collect$$rtexit$$00000002)
    __rt_exit_exit                           0x08000225   Thumb Code     0  rtexit2.o(.ARM.Collect$$rtexit$$00000004)
    Reset_Handler                            0x0800022d   Thumb Code     8  startup_stm32f10x_cl.o(.text)
    ADC1_2_IRQHandler                        0x08000247   Thumb Code     0  startup_stm32f10x_cl.o(.text)
    CAN1_RX1_IRQHandler                      0x08000247   Thumb Code     0  startup_stm32f10x_cl.o(.text)
    CAN1_SCE_IRQHandler                      0x08000247   Thumb Code     0  startup_stm32f10x_cl.o(.text)
    CAN1_TX_IRQHandler                       0x08000247   Thumb Code     0  startup_stm32f10x_cl.o(.text)
    CAN2_RX0_IRQHandler                      0x08000247   Thumb Code     0  startup_stm32f10x_cl.o(.text)
    CAN2_RX1_IRQHandler                      0x08000247   Thumb Code     0  startup_stm32f10x_cl.o(.text)
    CAN2_SCE_IRQHandler                      0x08000247   Thumb Code     0  startup_stm32f10x_cl.o(.text)
    CAN2_TX_IRQHandler                       0x08000247   Thumb Code     0  startup_stm32f10x_cl.o(.text)
    DMA1_Channel1_IRQHandler                 0x08000247   Thumb Code     0  startup_stm32f10x_cl.o(.text)
    DMA1_Channel2_IRQHandler                 0x08000247   Thumb Code     0  startup_stm32f10x_cl.o(.text)
    DMA1_Channel3_IRQHandler                 0x08000247   Thumb Code     0  startup_stm32f10x_cl.o(.text)
    DMA1_Channel4_IRQHandler                 0x08000247   Thumb Code     0  startup_stm32f10x_cl.o(.text)
    DMA1_Channel5_IRQHandler                 0x08000247   Thumb Code     0  startup_stm32f10x_cl.o(.text)
    DMA1_Channel6_IRQHandler                 0x08000247   Thumb Code     0  startup_stm32f10x_cl.o(.text)
    DMA1_Channel7_IRQHandler                 0x08000247   Thumb Code     0  startup_stm32f10x_cl.o(.text)
    DMA2_Channel1_IRQHandler                 0x08000247   Thumb Code     0  startup_stm32f10x_cl.o(.text)
    DMA2_Channel2_IRQHandler                 0x08000247   Thumb Code     0  startup_stm32f10x_cl.o(.text)
    DMA2_Channel3_IRQHandler                 0x08000247   Thumb Code     0  startup_stm32f10x_cl.o(.text)
    DMA2_Channel4_IRQHandler                 0x08000247   Thumb Code     0  startup_stm32f10x_cl.o(.text)
    DMA2_Channel5_IRQHandler                 0x08000247   Thumb Code     0  startup_stm32f10x_cl.o(.text)
    ETH_IRQHandler                           0x08000247   Thumb Code     0  startup_stm32f10x_cl.o(.text)
    ETH_WKUP_IRQHandler                      0x08000247   Thumb Code     0  startup_stm32f10x_cl.o(.text)
    EXTI0_IRQHandler                         0x08000247   Thumb Code     0  startup_stm32f10x_cl.o(.text)
    EXTI15_10_IRQHandler                     0x08000247   Thumb Code     0  startup_stm32f10x_cl.o(.text)
    EXTI1_IRQHandler                         0x08000247   Thumb Code     0  startup_stm32f10x_cl.o(.text)
    EXTI2_IRQHandler                         0x08000247   Thumb Code     0  startup_stm32f10x_cl.o(.text)
    EXTI3_IRQHandler                         0x08000247   Thumb Code     0  startup_stm32f10x_cl.o(.text)
    EXTI4_IRQHandler                         0x08000247   Thumb Code     0  startup_stm32f10x_cl.o(.text)
    EXTI9_5_IRQHandler                       0x08000247   Thumb Code     0  startup_stm32f10x_cl.o(.text)
    FLASH_IRQHandler                         0x08000247   Thumb Code     0  startup_stm32f10x_cl.o(.text)
    I2C1_ER_IRQHandler                       0x08000247   Thumb Code     0  startup_stm32f10x_cl.o(.text)
    I2C1_EV_IRQHandler                       0x08000247   Thumb Code     0  startup_stm32f10x_cl.o(.text)
    I2C2_ER_IRQHandler                       0x08000247   Thumb Code     0  startup_stm32f10x_cl.o(.text)
    I2C2_EV_IRQHandler                       0x08000247   Thumb Code     0  startup_stm32f10x_cl.o(.text)
    OTG_FS_IRQHandler                        0x08000247   Thumb Code     0  startup_stm32f10x_cl.o(.text)
    OTG_FS_WKUP_IRQHandler                   0x08000247   Thumb Code     0  startup_stm32f10x_cl.o(.text)
    PVD_IRQHandler                           0x08000247   Thumb Code     0  startup_stm32f10x_cl.o(.text)
    RCC_IRQHandler                           0x08000247   Thumb Code     0  startup_stm32f10x_cl.o(.text)
    RTCAlarm_IRQHandler                      0x08000247   Thumb Code     0  startup_stm32f10x_cl.o(.text)
    SPI1_IRQHandler                          0x08000247   Thumb Code     0  startup_stm32f10x_cl.o(.text)
    SPI2_IRQHandler                          0x08000247   Thumb Code     0  startup_stm32f10x_cl.o(.text)
    SPI3_IRQHandler                          0x08000247   Thumb Code     0  startup_stm32f10x_cl.o(.text)
    TAMPER_IRQHandler                        0x08000247   Thumb Code     0  startup_stm32f10x_cl.o(.text)
    TIM1_BRK_IRQHandler                      0x08000247   Thumb Code     0  startup_stm32f10x_cl.o(.text)
    TIM1_CC_IRQHandler                       0x08000247   Thumb Code     0  startup_stm32f10x_cl.o(.text)
    TIM1_TRG_COM_IRQHandler                  0x08000247   Thumb Code     0  startup_stm32f10x_cl.o(.text)
    TIM1_UP_IRQHandler                       0x08000247   Thumb Code     0  startup_stm32f10x_cl.o(.text)
    TIM3_IRQHandler                          0x08000247   Thumb Code     0  startup_stm32f10x_cl.o(.text)
    TIM4_IRQHandler                          0x08000247   Thumb Code     0  startup_stm32f10x_cl.o(.text)
    TIM5_IRQHandler                          0x08000247   Thumb Code     0  startup_stm32f10x_cl.o(.text)
    TIM6_IRQHandler                          0x08000247   Thumb Code     0  startup_stm32f10x_cl.o(.text)
    TIM7_IRQHandler                          0x08000247   Thumb Code     0  startup_stm32f10x_cl.o(.text)
    UART4_IRQHandler                         0x08000247   Thumb Code     0  startup_stm32f10x_cl.o(.text)
    UART5_IRQHandler                         0x08000247   Thumb Code     0  startup_stm32f10x_cl.o(.text)
    USART1_IRQHandler                        0x08000247   Thumb Code     0  startup_stm32f10x_cl.o(.text)
    USART2_IRQHandler                        0x08000247   Thumb Code     0  startup_stm32f10x_cl.o(.text)
    USART3_IRQHandler                        0x08000247   Thumb Code     0  startup_stm32f10x_cl.o(.text)
    WWDG_IRQHandler                          0x08000247   Thumb Code     0  startup_stm32f10x_cl.o(.text)
    __user_initial_stackheap                 0x08000249   Thumb Code     0  startup_stm32f10x_cl.o(.text)
    __aeabi_memcpy                           0x08000269   Thumb Code     0  rt_memcpy_v6.o(.text)
    __rt_memcpy                              0x08000269   Thumb Code   138  rt_memcpy_v6.o(.text)
    _memcpy_lastbytes                        0x080002cf   Thumb Code     0  rt_memcpy_v6.o(.text)
    __aeabi_memcpy4                          0x080002f3   Thumb Code     0  rt_memcpy_w.o(.text)
    __aeabi_memcpy8                          0x080002f3   Thumb Code     0  rt_memcpy_w.o(.text)
    __rt_memcpy_w                            0x080002f3   Thumb Code   100  rt_memcpy_w.o(.text)
    _memcpy_lastbytes_aligned                0x0800033b   Thumb Code     0  rt_memcpy_w.o(.text)
    __aeabi_memclr4                          0x08000357   Thumb Code     0  rt_memclr_w.o(.text)
    __aeabi_memclr8                          0x08000357   Thumb Code     0  rt_memclr_w.o(.text)
    __rt_memclr_w                            0x08000357   Thumb Code    78  rt_memclr_w.o(.text)
    _memset_w                                0x0800035b   Thumb Code     0  rt_memclr_w.o(.text)
    __use_two_region_memory                  0x080003a5   Thumb Code     2  heapauxi.o(.text)
    __rt_heap_escrow$2region                 0x080003a7   Thumb Code     2  heapauxi.o(.text)
    __rt_heap_expand$2region                 0x080003a9   Thumb Code     2  heapauxi.o(.text)
    __user_setup_stackheap                   0x080003ab   Thumb Code    74  sys_stackheap_outer.o(.text)
    exit                                     0x080003f5   Thumb Code    18  exit.o(.text)
    __user_libspace                          0x08000409   Thumb Code     8  libspace.o(.text)
    __user_perproc_libspace                  0x08000409   Thumb Code     0  libspace.o(.text)
    __user_perthread_libspace                0x08000409   Thumb Code     0  libspace.o(.text)
    _sys_exit                                0x08000411   Thumb Code     8  sys_exit.o(.text)
    __I$use$semihosting                      0x0800041d   Thumb Code     0  use_no_semi.o(.text)
    __use_no_semihosting_swi                 0x0800041d   Thumb Code     2  use_no_semi.o(.text)
    BKP_DeInit                               0x0800041f   Thumb Code    16  stm32f10x_bkp.o(i.BKP_DeInit)
    __semihosting_library_function           0x0800041f   Thumb Code     0  indicate_semi.o(.text)
    BusFault_Handler                         0x0800042f   Thumb Code     4  stm32f10x_it.o(i.BusFault_Handler)
    CAN1IrqFuc                               0x08000435   Thumb Code  1440  uhf_125k.o(i.CAN1IrqFuc)
    CAN1_RX0_IRQHandler                      0x08000a05   Thumb Code     8  stm32f10x_it.o(i.CAN1_RX0_IRQHandler)
    CANSendData                              0x08000a0d   Thumb Code    20  uhf_125k.o(i.CANSendData)
    CANSendDataConst                         0x08000a21   Thumb Code    26  uhf_125k.o(i.CANSendDataConst)
    CAN_Configuration                        0x08000a41   Thumb Code   472  drv_can.o(i.CAN_Configuration)
    CAN_DeInit                               0x08000c61   Thumb Code    50  stm32f10x_can.o(i.CAN_DeInit)
    CAN_FIFORelease                          0x08000c99   Thumb Code    14  stm32f10x_can.o(i.CAN_FIFORelease)
    CAN_FilterInit                           0x08000ca9   Thumb Code   258  stm32f10x_can.o(i.CAN_FilterInit)
    CAN_ITConfig                             0x08000db1   Thumb Code    18  stm32f10x_can.o(i.CAN_ITConfig)
    CAN_Init                                 0x08000dc3   Thumb Code   276  stm32f10x_can.o(i.CAN_Init)
    CAN_Receive                              0x08000ed7   Thumb Code   234  stm32f10x_can.o(i.CAN_Receive)
    CAN_Transmit                             0x08000fc1   Thumb Code   294  stm32f10x_can.o(i.CAN_Transmit)
    Cal_crc8                                 0x080010e9   Thumb Code    30  uhf_125k.o(i.Cal_crc8)
    CheckIOState                             0x0800110d   Thumb Code    86  uhf_125k.o(i.CheckIOState)
    CheckLfRemote                            0x08001175   Thumb Code   256  uhf_125k.o(i.CheckLfRemote)
    CheckOnTime                              0x080012a5   Thumb Code    36  uhf_125k.o(i.CheckOnTime)
    DebugMon_Handler                         0x080012cd   Thumb Code     2  stm32f10x_it.o(i.DebugMon_Handler)
    DelayXms                                 0x080012d1   Thumb Code    56  main.o(i.DelayXms)
    FLASH_ClearFlag                          0x0800130d   Thumb Code     6  stm32f10x_flash.o(i.FLASH_ClearFlag)
    FLASH_ErasePage                          0x08001319   Thumb Code    76  stm32f10x_flash.o(i.FLASH_ErasePage)
    FLASH_GetStatus                          0x08001369   Thumb Code    48  stm32f10x_flash.o(i.FLASH_GetStatus)
    FLASH_Lock                               0x0800139d   Thumb Code    14  stm32f10x_flash.o(i.FLASH_Lock)
    FLASH_PrefetchBufferCmd                  0x080013b1   Thumb Code    22  stm32f10x_flash.o(i.FLASH_PrefetchBufferCmd)
    FLASH_ProgramMoreWord                    0x080013cd   Thumb Code    38  uhf_125k.o(i.FLASH_ProgramMoreWord)
    FLASH_ProgramWord                        0x080013f5   Thumb Code   110  stm32f10x_flash.o(i.FLASH_ProgramWord)
    FLASH_ReadCount                          0x08001469   Thumb Code     6  uhf_125k.o(i.FLASH_ReadCount)
    FLASH_ReadMoreWord                       0x0800146f   Thumb Code    26  uhf_125k.o(i.FLASH_ReadMoreWord)
    FLASH_ReadRemoteID                       0x08001489   Thumb Code   124  uhf_125k.o(i.FLASH_ReadRemoteID)
    FLASH_SetLatency                         0x08001515   Thumb Code    18  stm32f10x_flash.o(i.FLASH_SetLatency)
    FLASH_Unlock                             0x0800152d   Thumb Code    12  stm32f10x_flash.o(i.FLASH_Unlock)
    FLASH_WaitForLastOperation               0x08001545   Thumb Code    42  stm32f10x_flash.o(i.FLASH_WaitForLastOperation)
    FLASH_WriteRemoteID                      0x08001571   Thumb Code   222  uhf_125k.o(i.FLASH_WriteRemoteID)
    GPIO_Configuration                       0x0800165d   Thumb Code   382  main.o(i.GPIO_Configuration)
    GPIO_DeInit                              0x080017ed   Thumb Code   172  stm32f10x_gpio.o(i.GPIO_DeInit)
    GPIO_Init                                0x080018b5   Thumb Code   278  stm32f10x_gpio.o(i.GPIO_Init)
    GPIO_PinRemapConfig                      0x080019cd   Thumb Code   106  stm32f10x_gpio.o(i.GPIO_PinRemapConfig)
    GPIO_ReadInputDataBit                    0x08001a3d   Thumb Code    18  stm32f10x_gpio.o(i.GPIO_ReadInputDataBit)
    GPIO_ReadOutputDataBit                   0x08001a4f   Thumb Code    18  stm32f10x_gpio.o(i.GPIO_ReadOutputDataBit)
    GPIO_ResetBits                           0x08001a61   Thumb Code     4  stm32f10x_gpio.o(i.GPIO_ResetBits)
    GPIO_SDIO_Configuration                  0x08001a65   Thumb Code    42  drv_spi.o(i.GPIO_SDIO_Configuration)
    GPIO_SetBits                             0x08001a95   Thumb Code     4  stm32f10x_gpio.o(i.GPIO_SetBits)
    HardFault_Handler                        0x08001a99   Thumb Code     4  stm32f10x_it.o(i.HardFault_Handler)
    KillTimer                                0x08001a9d   Thumb Code    24  uhf_125k.o(i.KillTimer)
    LFSendData                               0x08001ac5   Thumb Code   404  uhf_125k.o(i.LFSendData)
    MemManage_Handler                        0x08001c75   Thumb Code     4  stm32f10x_it.o(i.MemManage_Handler)
    NMI_Handler                              0x08001c79   Thumb Code     2  stm32f10x_it.o(i.NMI_Handler)
    NVIC_Configuration                       0x08001c7b   Thumb Code    98  main.o(i.NVIC_Configuration)
    NVIC_Init                                0x08001cdd   Thumb Code   100  misc.o(i.NVIC_Init)
    NVIC_PriorityGroupConfig                 0x08001d4d   Thumb Code    10  misc.o(i.NVIC_PriorityGroupConfig)
    OnEventRemoteClose                       0x08001d85   Thumb Code   364  uhf_125k.o(i.OnEventRemoteClose)
    OnEventRemoteOpen                        0x08001f59   Thumb Code   244  uhf_125k.o(i.OnEventRemoteOpen)
    OnEventStudy                             0x08002089   Thumb Code   254  uhf_125k.o(i.OnEventStudy)
    OnEvnetLFSend                            0x080021ad   Thumb Code   278  uhf_125k.o(i.OnEvnetLFSend)
    OnTimer                                  0x080022f9   Thumb Code   290  uhf_125k.o(i.OnTimer)
    PWR_BackupAccessCmd                      0x08002459   Thumb Code     6  stm32f10x_pwr.o(i.PWR_BackupAccessCmd)
    PendSV_Handler                           0x08002465   Thumb Code     2  stm32f10x_it.o(i.PendSV_Handler)
    RCC_APB1PeriphClockCmd                   0x08002469   Thumb Code    26  stm32f10x_rcc.o(i.RCC_APB1PeriphClockCmd)
    RCC_APB1PeriphResetCmd                   0x08002489   Thumb Code    26  stm32f10x_rcc.o(i.RCC_APB1PeriphResetCmd)
    RCC_APB2PeriphClockCmd                   0x080024a9   Thumb Code    26  stm32f10x_rcc.o(i.RCC_APB2PeriphClockCmd)
    RCC_APB2PeriphResetCmd                   0x080024c9   Thumb Code    26  stm32f10x_rcc.o(i.RCC_APB2PeriphResetCmd)
    RCC_BackupResetCmd                       0x080024e9   Thumb Code     6  stm32f10x_rcc.o(i.RCC_BackupResetCmd)
    RCC_ClearFlag                            0x080024f5   Thumb Code    14  stm32f10x_rcc.o(i.RCC_ClearFlag)
    RCC_Configuration                        0x08002509   Thumb Code   166  main.o(i.RCC_Configuration)
    RCC_DeInit                               0x080025b5   Thumb Code    78  stm32f10x_rcc.o(i.RCC_DeInit)
    RCC_GetClocksFreq                        0x08002611   Thumb Code   374  stm32f10x_rcc.o(i.RCC_GetClocksFreq)
    RCC_GetFlagStatus                        0x0800279d   Thumb Code    56  stm32f10x_rcc.o(i.RCC_GetFlagStatus)
    RCC_GetSYSCLKSource                      0x080027d9   Thumb Code    10  stm32f10x_rcc.o(i.RCC_GetSYSCLKSource)
    RCC_HCLKConfig                           0x080027e9   Thumb Code    18  stm32f10x_rcc.o(i.RCC_HCLKConfig)
    RCC_HSEConfig                            0x08002801   Thumb Code    70  stm32f10x_rcc.o(i.RCC_HSEConfig)
    RCC_HSICmd                               0x0800284d   Thumb Code     6  stm32f10x_rcc.o(i.RCC_HSICmd)
    RCC_LSICmd                               0x08002859   Thumb Code     6  stm32f10x_rcc.o(i.RCC_LSICmd)
    RCC_PCLK1Config                          0x08002865   Thumb Code    18  stm32f10x_rcc.o(i.RCC_PCLK1Config)
    RCC_PCLK2Config                          0x0800287d   Thumb Code    20  stm32f10x_rcc.o(i.RCC_PCLK2Config)
    RCC_RTCCLKCmd                            0x08002895   Thumb Code     6  stm32f10x_rcc.o(i.RCC_RTCCLKCmd)
    RCC_RTCCLKConfig                         0x080028a1   Thumb Code    12  stm32f10x_rcc.o(i.RCC_RTCCLKConfig)
    RCC_SYSCLKConfig                         0x080028b1   Thumb Code    18  stm32f10x_rcc.o(i.RCC_SYSCLKConfig)
    RCC_WaitForHSEStartUp                    0x080028c9   Thumb Code    56  stm32f10x_rcc.o(i.RCC_WaitForHSEStartUp)
    RTC_ClearITPendingBit                    0x08002901   Thumb Code    12  stm32f10x_rtc.o(i.RTC_ClearITPendingBit)
    RTC_Configuration                        0x08002911   Thumb Code    84  main.o(i.RTC_Configuration)
    RTC_EnterConfigMode                      0x08002965   Thumb Code    14  stm32f10x_rtc.o(i.RTC_EnterConfigMode)
    RTC_ExitConfigMode                       0x08002979   Thumb Code    16  stm32f10x_rtc.o(i.RTC_ExitConfigMode)
    RTC_GetCounter                           0x0800298d   Thumb Code    16  stm32f10x_rtc.o(i.RTC_GetCounter)
    RTC_GetITStatus                          0x080029a1   Thumb Code    32  stm32f10x_rtc.o(i.RTC_GetITStatus)
    RTC_IRQHandler                           0x080029c5   Thumb Code   154  stm32f10x_it.o(i.RTC_IRQHandler)
    RTC_ITConfig                             0x08002a75   Thumb Code    26  stm32f10x_rtc.o(i.RTC_ITConfig)
    RTC_SetCounter                           0x08002a95   Thumb Code    24  stm32f10x_rtc.o(i.RTC_SetCounter)
    RTC_SetPrescaler                         0x08002ab1   Thumb Code    26  stm32f10x_rtc.o(i.RTC_SetPrescaler)
    RTC_WaitForLastTask                      0x08002ad1   Thumb Code    16  stm32f10x_rtc.o(i.RTC_WaitForLastTask)
    RTC_WaitForSynchro                       0x08002ae5   Thumb Code    30  stm32f10x_rtc.o(i.RTC_WaitForSynchro)
    SVC_Handler                              0x08002b09   Thumb Code     2  stm32f10x_it.o(i.SVC_Handler)
    SetGpioPinNxpOpen                        0x08002b0d   Thumb Code    54  main.o(i.SetGpioPinNxpOpen)
    SetGpioPinStudyIn                        0x08002b49   Thumb Code    30  main.o(i.SetGpioPinStudyIn)
    SetTimer                                 0x08002c85   Thumb Code    32  uhf_125k.o(i.SetTimer)
    SysTick_CLKSourceConfig                  0x08002cb9   Thumb Code    40  misc.o(i.SysTick_CLKSourceConfig)
    SysTick_Configuration                    0x08002ce1   Thumb Code    82  main.o(i.SysTick_Configuration)
    SysTick_Handler                          0x08002d3d   Thumb Code    18  stm32f10x_it.o(i.SysTick_Handler)
    SystemInit                               0x08002d55   Thumb Code    84  system_stm32f10x.o(i.SystemInit)
    TIM2_IRQHandler                          0x08002db5   Thumb Code    38  stm32f10x_it.o(i.TIM2_IRQHandler)
    TIM_ARRPreloadConfig                     0x08002de1   Thumb Code    24  stm32f10x_tim.o(i.TIM_ARRPreloadConfig)
    TIM_ClearITPendingBit                    0x08002df9   Thumb Code     6  stm32f10x_tim.o(i.TIM_ClearITPendingBit)
    TIM_Cmd                                  0x08002dff   Thumb Code    24  stm32f10x_tim.o(i.TIM_Cmd)
    TIM_Configuration                        0x08002e19   Thumb Code   206  drv_time.o(i.TIM_Configuration)
    TIM_CtrlPWMOutputs                       0x08002eed   Thumb Code    30  stm32f10x_tim.o(i.TIM_CtrlPWMOutputs)
    TIM_GetCounter                           0x08002f0b   Thumb Code     6  stm32f10x_tim.o(i.TIM_GetCounter)
    TIM_GetITStatus                          0x08002f11   Thumb Code    34  stm32f10x_tim.o(i.TIM_GetITStatus)
    TIM_ITConfig                             0x08002f33   Thumb Code    18  stm32f10x_tim.o(i.TIM_ITConfig)
    TIM_OC1Init                              0x08002f45   Thumb Code   110  stm32f10x_tim.o(i.TIM_OC1Init)
    TIM_OC1PreloadConfig                     0x08002fbd   Thumb Code    18  stm32f10x_tim.o(i.TIM_OC1PreloadConfig)
    TIM_OC2Init                              0x08002fd1   Thumb Code   148  stm32f10x_tim.o(i.TIM_OC2Init)
    TIM_OC2PreloadConfig                     0x0800306d   Thumb Code    26  stm32f10x_tim.o(i.TIM_OC2PreloadConfig)
    TIM_SetCounter                           0x08003087   Thumb Code     4  stm32f10x_tim.o(i.TIM_SetCounter)
    TIM_TimeBaseInit                         0x0800308d   Thumb Code    50  stm32f10x_tim.o(i.TIM_TimeBaseInit)
    USART_Cmd                                0x080030c9   Thumb Code    24  stm32f10x_usart.o(i.USART_Cmd)
    USART_Configuration                      0x080030e1   Thumb Code    50  main.o(i.USART_Configuration)
    USART_GetFlagStatus                      0x08003119   Thumb Code    26  stm32f10x_usart.o(i.USART_GetFlagStatus)
    USART_Init                               0x08003135   Thumb Code   156  stm32f10x_usart.o(i.USART_Init)
    USART_ReceiveData                        0x080031d5   Thumb Code    10  stm32f10x_usart.o(i.USART_ReceiveData)
    USER_Configuration                       0x080031e1   Thumb Code   366  uhf_125k.o(i.USER_Configuration)
    UhfRevData_First                         0x080033a9   Thumb Code   336  uhf_125k.o(i.UhfRevData_First)
    UhfRevData_HIGH                          0x08003511   Thumb Code   354  uhf_125k.o(i.UhfRevData_HIGH)
    UsageFault_Handler                       0x08003691   Thumb Code     4  stm32f10x_it.o(i.UsageFault_Handler)
    ValueRange                               0x08003695   Thumb Code    30  uhf_125k.o(i.ValueRange)
    ValueVGARange                            0x080036b3   Thumb Code    14  uhf_125k.o(i.ValueVGARange)
    WaitSendCANLamp                          0x080036c1   Thumb Code    32  uhf_125k.o(i.WaitSendCANLamp)
    WriteConfigToFlash                       0x080036ed   Thumb Code    80  uhf_125k.o(i.WriteConfigToFlash)
    _delay_us                                0x0800373d   Thumb Code    20  drv_spi.o(i._delay_us)
    bGoRx                                    0x08003751   Thumb Code   134  drv_cmt2300.o(i.bGoRx)
    bGoSleep                                 0x080037e5   Thumb Code    38  drv_cmt2300.o(i.bGoSleep)
    bGoStandby                               0x0800380d   Thumb Code    68  drv_cmt2300.o(i.bGoStandby)
    bIntSrcFlagClr                           0x08003859   Thumb Code   190  drv_cmt2300.o(i.bIntSrcFlagClr)
    bSpi3Read                                0x08003919   Thumb Code    46  drv_spi.o(i.bSpi3Read)
    bSpi3ReadByte                            0x0800394d   Thumb Code   116  drv_spi.o(i.bSpi3ReadByte)
    main                                     0x080039e1   Thumb Code   136  main.o(i.main)
    vAfterCfg                                0x08003a6d   Thumb Code    70  drv_cmt2300.o(i.vAfterCfg)
    vCfgBank                                 0x08003ac5   Thumb Code    30  drv_cmt2300.o(i.vCfgBank)
    vEnableRdFifo                            0x08003ae5   Thumb Code    42  drv_cmt2300.o(i.vEnableRdFifo)
    vGpioFuncCfg                             0x08003b15   Thumb Code    14  drv_cmt2300.o(i.vGpioFuncCfg)
    vInit                                    0x08003b25   Thumb Code    44  drv_cmt2300.o(i.vInit)
    vInitOOKRadio                            0x08003b55   Thumb Code    80  drv_cmt2300.o(i.vInitOOKRadio)
    vInitRadio                               0x08003bc1   Thumb Code    88  drv_cmt2300.o(i.vInitRadio)
    vSetPayloadLength                        0x08003c31   Thumb Code    90  drv_cmt2300.o(i.vSetPayloadLength)
    vSoftReset                               0x08003c91   Thumb Code    18  drv_cmt2300.o(i.vSoftReset)
    vSpi3Init                                0x08003ca5   Thumb Code    60  drv_spi.o(i.vSpi3Init)
    vSpi3Write                               0x08003ce9   Thumb Code    38  drv_spi.o(i.vSpi3Write)
    vSpi3WriteByte                           0x08003d15   Thumb Code   156  drv_spi.o(i.vSpi3WriteByte)
    CopyRight                                0x08003db8   Data          43  uhf_125k.o(.constdata)
    Lavida_LFData_Open                       0x08003de3   Data          23  uhf_125k.o(.constdata)
    CarGetWindowLQ                           0x08003dfc   Data          20  uhf_125k.o(.constdata)
    CarGetWindowRQ                           0x08003e10   Data          20  uhf_125k.o(.constdata)
    CarGetWindowLH                           0x08003e24   Data          20  uhf_125k.o(.constdata)
    CarGetWindowRH                           0x08003e38   Data          20  uhf_125k.o(.constdata)
    CarGetlonkmode                           0x08003e4c   Data          20  uhf_125k.o(.constdata)
    ConstCanCmdLock                          0x08003e60   Data          20  uhf_125k.o(.constdata)
    ConstCanCmdUpWin_F                       0x08003e74   Data          20  uhf_125k.o(.constdata)
    ConstCanCmdUpWin_L                       0x08003e88   Data          20  uhf_125k.o(.constdata)
    ConstCanCmdCloseGlass                    0x08003e9c   Data          20  uhf_125k.o(.constdata)
    ConstCanCmdlockAccOFF1                   0x08003eb0   Data          20  uhf_125k.o(.constdata)
    ConstCanCmdlockAccOFF2                   0x08003ec4   Data          20  uhf_125k.o(.constdata)
    ConstCanCmdHorn                          0x08003ed8   Data          20  uhf_125k.o(.constdata)
    ConstCanCmdALARM                         0x08003eec   Data          20  uhf_125k.o(.constdata)
    ConstCanCmdUnLock                        0x08003f00   Data          20  uhf_125k.o(.constdata)
    ConstCanCmdOpenGlass                     0x08003f14   Data          20  uhf_125k.o(.constdata)
    ConstCanCmdLamp                          0x08003f28   Data          20  uhf_125k.o(.constdata)
    ConstCarCMDOBDSKY1                       0x08003f3c   Data          20  uhf_125k.o(.constdata)
    ConstCarCMDOBDSKY2                       0x08003f50   Data          20  uhf_125k.o(.constdata)
    ConstCarCmdCloseSKY                      0x08003f64   Data          20  uhf_125k.o(.constdata)
    ConstCarCmdDoorPWR                       0x08003f78   Data          20  uhf_125k.o(.constdata)
    cmd_unlock_data                          0x08003f8c   Data          20  uhf_125k.o(.constdata)
    cmd_lock_data                            0x08003fa0   Data          20  uhf_125k.o(.constdata)
    cmd_into_security                        0x08003fb4   Data          20  uhf_125k.o(.constdata)
    cmd_outo_security                        0x08003fc8   Data          20  uhf_125k.o(.constdata)
    CrcTable                                 0x08003fdc   Data         256  uhf_125k.o(.constdata)
    BasePlus                                 0x080040dc   Data          50  uhf_125k.o(.constdata)
    Region$$Table$$Base                      0x08004110   Number         0  anon$$obj.o(Region$$Table)
    Region$$Table$$Limit                     0x08004130   Number         0  anon$$obj.o(Region$$Table)
    FixedPktLength                           0x20000014   Data           1  drv_cmt2300.o(.data)
    PayloadLength                            0x20000015   Data           1  drv_cmt2300.o(.data)
    PktRssi                                  0x20000016   Data           1  drv_cmt2300.o(.data)
    PktRssiCode                              0x20000017   Data           1  drv_cmt2300.o(.data)
    PktRevError                              0x20000018   Data           1  drv_cmt2300.o(.data)
    RssiTrig                                 0x20000019   Data           1  drv_cmt2300.o(.data)
    FhssLockTrig                             0x2000001a   Data           1  drv_cmt2300.o(.data)
    FhssLockChannel                          0x2000001b   Data           1  drv_cmt2300.o(.data)
    RssiPeakLock                             0x2000001c   Data           1  drv_cmt2300.o(.data)
    FhssPeakChannel                          0x2000001d   Data           1  drv_cmt2300.o(.data)
    FhssChannelRange                         0x2000001e   Data           1  drv_cmt2300.o(.data)
    FhssChannel                              0x2000001f   Data           1  drv_cmt2300.o(.data)
    FhssRssiAvg                              0x20000020   Data           4  drv_cmt2300.o(.data)
    FhssRssiTH                               0x20000024   Data           1  drv_cmt2300.o(.data)
    SleepTimerM                              0x20000026   Data           2  drv_cmt2300.o(.data)
    SleepTimerR                              0x20000028   Data           1  drv_cmt2300.o(.data)
    RxTimerT1M                               0x2000002a   Data           2  drv_cmt2300.o(.data)
    RxTimerT1R                               0x2000002c   Data           1  drv_cmt2300.o(.data)
    RxTimerT2M                               0x2000002e   Data           2  drv_cmt2300.o(.data)
    RxTimerT2R                               0x20000030   Data           1  drv_cmt2300.o(.data)
    TxPktNum                                 0x20000031   Data           1  drv_cmt2300.o(.data)
    TxPktGap                                 0x20000032   Data           1  drv_cmt2300.o(.data)
    PJDSel                                   0x20000033   Data           1  drv_cmt2300.o(.data)
    DutyCycleMode                            0x20000034   Data           1  drv_cmt2300.o(.data)
    DetectMode                               0x20000035   Data           1  drv_cmt2300.o(.data)
    RxExtendMode                             0x20000036   Data           1  drv_cmt2300.o(.data)
    RxExitState                              0x20000037   Data           1  drv_cmt2300.o(.data)
    TxExitState                              0x20000038   Data           1  drv_cmt2300.o(.data)
    RssiTrigLevel                            0x20000039   Data           1  drv_cmt2300.o(.data)
    PreambleRxDetect                         0x2000003a   Data           1  drv_cmt2300.o(.data)
    FreqString                               0x2000003b   Data          16  drv_cmt2300.o(.data)
    BRnDevString                             0x2000004b   Data          16  drv_cmt2300.o(.data)
    PowerString                              0x2000005b   Data          17  drv_cmt2300.o(.data)
    CMTBank_OOK                              0x2000006c   Data          24  drv_cmt2300.o(.data)
    SystemBank_OOK                           0x20000084   Data          24  drv_cmt2300.o(.data)
    FrequencyBank_OOK_433_20                 0x2000009c   Data          16  drv_cmt2300.o(.data)
    DataRateBank_OOK                         0x200000ac   Data          48  drv_cmt2300.o(.data)
    BasebandBank_OOK                         0x200000dc   Data          58  drv_cmt2300.o(.data)
    TXBank_OOK                               0x20000116   Data          22  drv_cmt2300.o(.data)
    FrequencyBank_OOK434_65                  0x2000012c   Data          16  drv_cmt2300.o(.data)
    CMTBank                                  0x2000013c   Data          24  drv_cmt2300.o(.data)
    SystemBank                               0x20000154   Data          24  drv_cmt2300.o(.data)
    DataRateBank                             0x2000016c   Data          48  drv_cmt2300.o(.data)
    BasebandBank                             0x2000019c   Data          58  drv_cmt2300.o(.data)
    TXBank                                   0x200001d6   Data          22  drv_cmt2300.o(.data)
    FrequencyBank_ook315                     0x200001ec   Data          16  drv_cmt2300.o(.data)
    EventFlag                                0x200001fc   Data           1  main.o(.data)
    TimingDelay                              0x20000200   Data           4  main.o(.data)
    RTCValue                                 0x20000204   Data           4  uhf_125k.o(.data)
    TIM2flag                                 0x20000208   Data           1  uhf_125k.o(.data)
    IDEventFlag                              0x20000209   Data           7  uhf_125k.o(.data)
    OnTimeFlag                               0x20000210   Data           7  uhf_125k.o(.data)
    RTCDisableFlag                           0x20000217   Data           1  uhf_125k.o(.data)
    door                                     0x20000218   Data           1  uhf_125k.o(.data)
    CarPower                                 0x20000219   Data           1  uhf_125k.o(.data)
    AllowCloseUpwinFlag                      0x2000021a   Data           1  uhf_125k.o(.data)
    ChangeRevMode                            0x2000021b   Data           1  uhf_125k.o(.data)
    StudyTime                                0x2000021c   Data           4  uhf_125k.o(.data)
    RevIndexTotal                            0x20000220   Data           1  uhf_125k.o(.data)
    ACCActiveCount                           0x20000221   Data           1  uhf_125k.o(.data)
    IsLQWinOpen                              0x20000222   Data           1  uhf_125k.o(.data)
    IsLHWinOpen                              0x20000223   Data           1  uhf_125k.o(.data)
    IsRQWinOpen                              0x20000224   Data           1  uhf_125k.o(.data)
    IsRHWinOpen                              0x20000225   Data           1  uhf_125k.o(.data)
    IsSKYWinOpen                             0x20000226   Data           1  uhf_125k.o(.data)
    CarIsLockFlag                            0x20000227   Data           1  uhf_125k.o(.data)
    CarDoorOpenFlag                          0x20000228   Data           1  uhf_125k.o(.data)
    PrvCarDoorOpenFlag                       0x20000229   Data           1  uhf_125k.o(.data)
    PowerFlag                                0x2000022a   Data           1  uhf_125k.o(.data)
    ConnectFlag                              0x2000022b   Data           1  uhf_125k.o(.data)
    CarDWAActiveFlag                         0x2000022c   Data           1  uhf_125k.o(.data)
    Disable_lf_flag                          0x2000022d   Data           1  uhf_125k.o(.data)
    Disable_lf                               0x2000022e   Data           1  uhf_125k.o(.data)
    Disable_hron                             0x2000022f   Data           1  uhf_125k.o(.data)
    Disable_doorhron                         0x20000230   Data           1  uhf_125k.o(.data)
    Disable_alarm                            0x20000231   Data           1  uhf_125k.o(.data)
    AllowWriteFlag                           0x20000232   Data           1  uhf_125k.o(.data)
    FD_OPEN_flag                             0x20000233   Data           1  uhf_125k.o(.data)
    AlarmOpen_flag                           0x20000234   Data           1  uhf_125k.o(.data)
    DoorHron_flag                            0x20000235   Data           1  uhf_125k.o(.data)
    OPEN_ANIT                                0x20000236   Data           1  uhf_125k.o(.data)
    GOTOOPENLOCK                             0x20000237   Data           1  uhf_125k.o(.data)
    LOCKMODEFLAG                             0x20000238   Data           1  uhf_125k.o(.data)
    DisablePoweroff                          0x20000239   Data           1  uhf_125k.o(.data)
    SetOBDCount                              0x2000023c   Data           4  uhf_125k.o(.data)
    MCUID                                    0x20000240   Data           4  uhf_125k.o(.data)
    button_counter                           0x20000244   Data           4  uhf_125k.o(.data)
    prvTmp_button                            0x20000248   Data           2  uhf_125k.o(.data)
    DoorOpenLfcount                          0x2000024a   Data           2  uhf_125k.o(.data)
    DoorOpenNoLfcount                        0x2000024c   Data           1  uhf_125k.o(.data)
    UpSkycount                               0x2000024d   Data           1  uhf_125k.o(.data)
    DoorHoncount                             0x2000024e   Data           1  uhf_125k.o(.data)
    RemoteIDLength                           0x2000024f   Data           1  uhf_125k.o(.data)
    DoorOpenLFsleep                          0x20000250   Data           1  uhf_125k.o(.data)
    config_flag                              0x20000254   Data           4  uhf_125k.o(.data)
    LFData_StARTID                           0x20000258   Data          14  uhf_125k.o(.data)
    LFData_StartR1                           0x20000266   Data          20  uhf_125k.o(.data)
    LFData_Open                              0x2000027a   Data          27  uhf_125k.o(.data)
    LFData_Open1                             0x20000295   Data          27  uhf_125k.o(.data)
    CanTxTmp                                 0x200002b0   Data          20  uhf_125k.o(.data)
    CanCmdCart                               0x200002c4   Data          20  uhf_125k.o(.data)
    CanCmdLamp1                              0x200002d8   Data          20  uhf_125k.o(.data)
    CarGetRemote                             0x200002ec   Data          20  uhf_125k.o(.data)
    CarGetWindowSKY                          0x20000300   Data          20  uhf_125k.o(.data)
    CanGetDoorstate                          0x20000314   Data          20  uhf_125k.o(.data)
    CanGetNumKey                             0x20000328   Data          20  uhf_125k.o(.data)
    CanGetAccState                           0x2000033c   Data          20  uhf_125k.o(.data)
    CarGetCarLockState                       0x20000350   Data          20  uhf_125k.o(.data)
    CarGetCarTbox                            0x20000364   Data          20  uhf_125k.o(.data)
    CarCmdAntiTheft                          0x20000378   Data          20  uhf_125k.o(.data)
    CarFd                                    0x2000038c   Data          20  uhf_125k.o(.data)
    WaitCanCmdLockFlag                       0x200003a0   Data           1  uhf_125k.o(.data)
    CarIsUnLockFlag                          0x200003a1   Data           1  uhf_125k.o(.data)
    WaitCanCmdLampFlag                       0x200003a2   Data           1  uhf_125k.o(.data)
    FindRemoteFlag                           0x200003a3   Data           1  uhf_125k.o(.data)
    lfsendcount                              0x200003a4   Data           4  uhf_125k.o(.data)
    UnfindRemoteCount                        0x200003a8   Data           1  uhf_125k.o(.data)
    FindRemoteCount                          0x200003a9   Data           1  uhf_125k.o(.data)
    AllowStudyFlag                           0x200003aa   Data           1  uhf_125k.o(.data)
    ElapseTime                               0x200003ac   Data          28  uhf_125k.o(.bss)
    ElapseTimeEnd                            0x200003c8   Data          28  uhf_125k.o(.bss)
    RxMessage                                0x200003e4   Data          20  uhf_125k.o(.bss)
    Data                                     0x200003f8   Data          64  uhf_125k.o(.bss)
    DataPlus                                 0x20000438   Data         426  uhf_125k.o(.bss)
    __libspace_start                         0x200005e4   Data          96  libspace.o(.bss)
    __temporary_stack_top$libspace           0x20000644   Data           0  libspace.o(.bss)



==============================================================================

Memory Map of the image

  Image Entry point : 0x08000151

  Load Region LR_IROM1 (Base: 0x08000000, Size: 0x000044dc, Max: 0x00040000, ABSOLUTE, COMPRESSED[0x00004344])

    Execution Region ER_IROM1 (Base: 0x08000000, Size: 0x00004130, Max: 0x00040000, ABSOLUTE)

    Base Addr    Size         Type   Attr      Idx    E Section Name        Object

    0x08000000   0x00000150   Data   RO            3    RESET               startup_stm32f10x_cl.o
    0x08000150   0x00000008   Code   RO         2833  * !!!main             c_w.l(__main.o)
    0x08000158   0x00000034   Code   RO         2992    !!!scatter          c_w.l(__scatter.o)
    0x0800018c   0x0000005a   Code   RO         2990    !!dczerorl2         c_w.l(__dczerorl2.o)
    0x080001e6   0x00000002   PAD
    0x080001e8   0x0000001c   Code   RO         2994    !!handler_zi        c_w.l(__scatter_zi.o)
    0x08000204   0x00000002   Code   RO         2860    .ARM.Collect$$libinit$$00000000  c_w.l(libinit.o)
    0x08000206   0x00000000   Code   RO         2867    .ARM.Collect$$libinit$$00000002  c_w.l(libinit2.o)
    0x08000206   0x00000000   Code   RO         2869    .ARM.Collect$$libinit$$00000004  c_w.l(libinit2.o)
    0x08000206   0x00000000   Code   RO         2872    .ARM.Collect$$libinit$$0000000A  c_w.l(libinit2.o)
    0x08000206   0x00000000   Code   RO         2874    .ARM.Collect$$libinit$$0000000C  c_w.l(libinit2.o)
    0x08000206   0x00000000   Code   RO         2876    .ARM.Collect$$libinit$$0000000E  c_w.l(libinit2.o)
    0x08000206   0x00000000   Code   RO         2879    .ARM.Collect$$libinit$$00000011  c_w.l(libinit2.o)
    0x08000206   0x00000000   Code   RO         2881    .ARM.Collect$$libinit$$00000013  c_w.l(libinit2.o)
    0x08000206   0x00000000   Code   RO         2883    .ARM.Collect$$libinit$$00000015  c_w.l(libinit2.o)
    0x08000206   0x00000000   Code   RO         2885    .ARM.Collect$$libinit$$00000017  c_w.l(libinit2.o)
    0x08000206   0x00000000   Code   RO         2887    .ARM.Collect$$libinit$$00000019  c_w.l(libinit2.o)
    0x08000206   0x00000000   Code   RO         2889    .ARM.Collect$$libinit$$0000001B  c_w.l(libinit2.o)
    0x08000206   0x00000000   Code   RO         2891    .ARM.Collect$$libinit$$0000001D  c_w.l(libinit2.o)
    0x08000206   0x00000000   Code   RO         2893    .ARM.Collect$$libinit$$0000001F  c_w.l(libinit2.o)
    0x08000206   0x00000000   Code   RO         2895    .ARM.Collect$$libinit$$00000021  c_w.l(libinit2.o)
    0x08000206   0x00000000   Code   RO         2897    .ARM.Collect$$libinit$$00000023  c_w.l(libinit2.o)
    0x08000206   0x00000000   Code   RO         2899    .ARM.Collect$$libinit$$00000025  c_w.l(libinit2.o)
    0x08000206   0x00000000   Code   RO         2903    .ARM.Collect$$libinit$$0000002C  c_w.l(libinit2.o)
    0x08000206   0x00000000   Code   RO         2905    .ARM.Collect$$libinit$$0000002E  c_w.l(libinit2.o)
    0x08000206   0x00000000   Code   RO         2907    .ARM.Collect$$libinit$$00000030  c_w.l(libinit2.o)
    0x08000206   0x00000000   Code   RO         2909    .ARM.Collect$$libinit$$00000032  c_w.l(libinit2.o)
    0x08000206   0x00000002   Code   RO         2910    .ARM.Collect$$libinit$$00000033  c_w.l(libinit2.o)
    0x08000208   0x00000002   Code   RO         2930    .ARM.Collect$$libshutdown$$00000000  c_w.l(libshutdown.o)
    0x0800020a   0x00000000   Code   RO         2943    .ARM.Collect$$libshutdown$$00000002  c_w.l(libshutdown2.o)
    0x0800020a   0x00000000   Code   RO         2945    .ARM.Collect$$libshutdown$$00000004  c_w.l(libshutdown2.o)
    0x0800020a   0x00000000   Code   RO         2948    .ARM.Collect$$libshutdown$$00000007  c_w.l(libshutdown2.o)
    0x0800020a   0x00000000   Code   RO         2951    .ARM.Collect$$libshutdown$$0000000A  c_w.l(libshutdown2.o)
    0x0800020a   0x00000000   Code   RO         2953    .ARM.Collect$$libshutdown$$0000000C  c_w.l(libshutdown2.o)
    0x0800020a   0x00000000   Code   RO         2956    .ARM.Collect$$libshutdown$$0000000F  c_w.l(libshutdown2.o)
    0x0800020a   0x00000002   Code   RO         2957    .ARM.Collect$$libshutdown$$00000010  c_w.l(libshutdown2.o)
    0x0800020c   0x00000000   Code   RO         2835    .ARM.Collect$$rtentry$$00000000  c_w.l(__rtentry.o)
    0x0800020c   0x00000000   Code   RO         2837    .ARM.Collect$$rtentry$$00000002  c_w.l(__rtentry2.o)
    0x0800020c   0x00000006   Code   RO         2849    .ARM.Collect$$rtentry$$00000004  c_w.l(__rtentry4.o)
    0x08000212   0x00000000   Code   RO         2839    .ARM.Collect$$rtentry$$00000009  c_w.l(__rtentry2.o)
    0x08000212   0x00000004   Code   RO         2840    .ARM.Collect$$rtentry$$0000000A  c_w.l(__rtentry2.o)
    0x08000216   0x00000000   Code   RO         2842    .ARM.Collect$$rtentry$$0000000C  c_w.l(__rtentry2.o)
    0x08000216   0x00000008   Code   RO         2843    .ARM.Collect$$rtentry$$0000000D  c_w.l(__rtentry2.o)
    0x0800021e   0x00000002   Code   RO         2864    .ARM.Collect$$rtexit$$00000000  c_w.l(rtexit.o)
    0x08000220   0x00000000   Code   RO         2912    .ARM.Collect$$rtexit$$00000002  c_w.l(rtexit2.o)
    0x08000220   0x00000004   Code   RO         2913    .ARM.Collect$$rtexit$$00000003  c_w.l(rtexit2.o)
    0x08000224   0x00000006   Code   RO         2914    .ARM.Collect$$rtexit$$00000004  c_w.l(rtexit2.o)
    0x0800022a   0x00000002   PAD
    0x0800022c   0x0000003c   Code   RO            4    .text               startup_stm32f10x_cl.o
    0x08000268   0x0000008a   Code   RO         2825    .text               c_w.l(rt_memcpy_v6.o)
    0x080002f2   0x00000064   Code   RO         2827    .text               c_w.l(rt_memcpy_w.o)
    0x08000356   0x0000004e   Code   RO         2829    .text               c_w.l(rt_memclr_w.o)
    0x080003a4   0x00000006   Code   RO         2831    .text               c_w.l(heapauxi.o)
    0x080003aa   0x0000004a   Code   RO         2851    .text               c_w.l(sys_stackheap_outer.o)
    0x080003f4   0x00000012   Code   RO         2853    .text               c_w.l(exit.o)
    0x08000406   0x00000002   PAD
    0x08000408   0x00000008   Code   RO         2861    .text               c_w.l(libspace.o)
    0x08000410   0x0000000c   Code   RO         2922    .text               c_w.l(sys_exit.o)
    0x0800041c   0x00000002   Code   RO         2933    .text               c_w.l(use_no_semi.o)
    0x0800041e   0x00000000   Code   RO         2935    .text               c_w.l(indicate_semi.o)
    0x0800041e   0x00000010   Code   RO          169    i.BKP_DeInit        stm32f10x_bkp.o
    0x0800042e   0x00000004   Code   RO         2532    i.BusFault_Handler  stm32f10x_it.o
    0x08000432   0x00000002   PAD
    0x08000434   0x000005d0   Code   RO         2614    i.CAN1IrqFuc        uhf_125k.o
    0x08000a04   0x00000008   Code   RO         2533    i.CAN1_RX0_IRQHandler  stm32f10x_it.o
    0x08000a0c   0x00000014   Code   RO         2615    i.CANSendData       uhf_125k.o
    0x08000a20   0x00000020   Code   RO         2616    i.CANSendDataConst  uhf_125k.o
    0x08000a40   0x00000220   Code   RO         1993    i.CAN_Configuration  drv_can.o
    0x08000c60   0x00000038   Code   RO          249    i.CAN_DeInit        stm32f10x_can.o
    0x08000c98   0x0000000e   Code   RO          250    i.CAN_FIFORelease   stm32f10x_can.o
    0x08000ca6   0x00000002   PAD
    0x08000ca8   0x00000108   Code   RO          251    i.CAN_FilterInit    stm32f10x_can.o
    0x08000db0   0x00000012   Code   RO          254    i.CAN_ITConfig      stm32f10x_can.o
    0x08000dc2   0x00000114   Code   RO          255    i.CAN_Init          stm32f10x_can.o
    0x08000ed6   0x000000ea   Code   RO          257    i.CAN_Receive       stm32f10x_can.o
    0x08000fc0   0x00000126   Code   RO          261    i.CAN_Transmit      stm32f10x_can.o
    0x080010e6   0x00000002   PAD
    0x080010e8   0x00000024   Code   RO         2617    i.Cal_crc8          uhf_125k.o
    0x0800110c   0x00000068   Code   RO         2619    i.CheckIOState      uhf_125k.o
    0x08001174   0x00000130   Code   RO         2620    i.CheckLfRemote     uhf_125k.o
    0x080012a4   0x00000028   Code   RO         2621    i.CheckOnTime       uhf_125k.o
    0x080012cc   0x00000002   Code   RO         2534    i.DebugMon_Handler  stm32f10x_it.o
    0x080012ce   0x00000002   PAD
    0x080012d0   0x0000003c   Code   RO         2451    i.DelayXms          main.o
    0x0800130c   0x0000000c   Code   RO          370    i.FLASH_ClearFlag   stm32f10x_flash.o
    0x08001318   0x00000050   Code   RO          374    i.FLASH_ErasePage   stm32f10x_flash.o
    0x08001368   0x00000034   Code   RO          378    i.FLASH_GetStatus   stm32f10x_flash.o
    0x0800139c   0x00000014   Code   RO          383    i.FLASH_Lock        stm32f10x_flash.o
    0x080013b0   0x0000001c   Code   RO          384    i.FLASH_PrefetchBufferCmd  stm32f10x_flash.o
    0x080013cc   0x00000026   Code   RO         2622    i.FLASH_ProgramMoreWord  uhf_125k.o
    0x080013f2   0x00000002   PAD
    0x080013f4   0x00000074   Code   RO          387    i.FLASH_ProgramWord  stm32f10x_flash.o
    0x08001468   0x00000006   Code   RO         2623    i.FLASH_ReadCount   uhf_125k.o
    0x0800146e   0x0000001a   Code   RO         2624    i.FLASH_ReadMoreWord  uhf_125k.o
    0x08001488   0x0000008c   Code   RO         2625    i.FLASH_ReadRemoteID  uhf_125k.o
    0x08001514   0x00000018   Code   RO          389    i.FLASH_SetLatency  stm32f10x_flash.o
    0x0800152c   0x00000018   Code   RO          390    i.FLASH_Unlock      stm32f10x_flash.o
    0x08001544   0x0000002a   Code   RO          392    i.FLASH_WaitForLastOperation  stm32f10x_flash.o
    0x0800156e   0x00000002   PAD
    0x08001570   0x000000ec   Code   RO         2626    i.FLASH_WriteRemoteID  uhf_125k.o
    0x0800165c   0x00000190   Code   RO         2452    i.GPIO_Configuration  main.o
    0x080017ec   0x000000c8   Code   RO          520    i.GPIO_DeInit       stm32f10x_gpio.o
    0x080018b4   0x00000116   Code   RO          525    i.GPIO_Init         stm32f10x_gpio.o
    0x080019ca   0x00000002   PAD
    0x080019cc   0x00000070   Code   RO          527    i.GPIO_PinRemapConfig  stm32f10x_gpio.o
    0x08001a3c   0x00000012   Code   RO          529    i.GPIO_ReadInputDataBit  stm32f10x_gpio.o
    0x08001a4e   0x00000012   Code   RO          531    i.GPIO_ReadOutputDataBit  stm32f10x_gpio.o
    0x08001a60   0x00000004   Code   RO          532    i.GPIO_ResetBits    stm32f10x_gpio.o
    0x08001a64   0x00000030   Code   RO         2033    i.GPIO_SDIO_Configuration  drv_spi.o
    0x08001a94   0x00000004   Code   RO          533    i.GPIO_SetBits      stm32f10x_gpio.o
    0x08001a98   0x00000004   Code   RO         2535    i.HardFault_Handler  stm32f10x_it.o
    0x08001a9c   0x00000028   Code   RO         2628    i.KillTimer         uhf_125k.o
    0x08001ac4   0x000001b0   Code   RO         2629    i.LFSendData        uhf_125k.o
    0x08001c74   0x00000004   Code   RO         2536    i.MemManage_Handler  stm32f10x_it.o
    0x08001c78   0x00000002   Code   RO         2537    i.NMI_Handler       stm32f10x_it.o
    0x08001c7a   0x00000062   Code   RO         2454    i.NVIC_Configuration  main.o
    0x08001cdc   0x00000070   Code   RO          127    i.NVIC_Init         misc.o
    0x08001d4c   0x00000014   Code   RO          128    i.NVIC_PriorityGroupConfig  misc.o
    0x08001d60   0x00000024   Code   RO         2630    i.NVIC_SystemReset  uhf_125k.o
    0x08001d84   0x000001d4   Code   RO         2631    i.OnEventRemoteClose  uhf_125k.o
    0x08001f58   0x00000130   Code   RO         2632    i.OnEventRemoteOpen  uhf_125k.o
    0x08002088   0x00000124   Code   RO         2633    i.OnEventStudy      uhf_125k.o
    0x080021ac   0x0000014c   Code   RO         2634    i.OnEvnetLFSend     uhf_125k.o
    0x080022f8   0x00000160   Code   RO         2635    i.OnTimer           uhf_125k.o
    0x08002458   0x0000000c   Code   RO          633    i.PWR_BackupAccessCmd  stm32f10x_pwr.o
    0x08002464   0x00000002   Code   RO         2538    i.PendSV_Handler    stm32f10x_it.o
    0x08002466   0x00000002   PAD
    0x08002468   0x00000020   Code   RO          696    i.RCC_APB1PeriphClockCmd  stm32f10x_rcc.o
    0x08002488   0x00000020   Code   RO          697    i.RCC_APB1PeriphResetCmd  stm32f10x_rcc.o
    0x080024a8   0x00000020   Code   RO          698    i.RCC_APB2PeriphClockCmd  stm32f10x_rcc.o
    0x080024c8   0x00000020   Code   RO          699    i.RCC_APB2PeriphResetCmd  stm32f10x_rcc.o
    0x080024e8   0x0000000c   Code   RO          701    i.RCC_BackupResetCmd  stm32f10x_rcc.o
    0x080024f4   0x00000014   Code   RO          702    i.RCC_ClearFlag     stm32f10x_rcc.o
    0x08002508   0x000000ac   Code   RO         2455    i.RCC_Configuration  main.o
    0x080025b4   0x0000005c   Code   RO          705    i.RCC_DeInit        stm32f10x_rcc.o
    0x08002610   0x0000018c   Code   RO          706    i.RCC_GetClocksFreq  stm32f10x_rcc.o
    0x0800279c   0x0000003c   Code   RO          707    i.RCC_GetFlagStatus  stm32f10x_rcc.o
    0x080027d8   0x00000010   Code   RO          709    i.RCC_GetSYSCLKSource  stm32f10x_rcc.o
    0x080027e8   0x00000018   Code   RO          710    i.RCC_HCLKConfig    stm32f10x_rcc.o
    0x08002800   0x0000004c   Code   RO          711    i.RCC_HSEConfig     stm32f10x_rcc.o
    0x0800284c   0x0000000c   Code   RO          712    i.RCC_HSICmd        stm32f10x_rcc.o
    0x08002858   0x0000000c   Code   RO          717    i.RCC_LSICmd        stm32f10x_rcc.o
    0x08002864   0x00000018   Code   RO          720    i.RCC_PCLK1Config   stm32f10x_rcc.o
    0x0800287c   0x00000018   Code   RO          721    i.RCC_PCLK2Config   stm32f10x_rcc.o
    0x08002894   0x0000000c   Code   RO          730    i.RCC_RTCCLKCmd     stm32f10x_rcc.o
    0x080028a0   0x00000010   Code   RO          731    i.RCC_RTCCLKConfig  stm32f10x_rcc.o
    0x080028b0   0x00000018   Code   RO          732    i.RCC_SYSCLKConfig  stm32f10x_rcc.o
    0x080028c8   0x00000038   Code   RO          733    i.RCC_WaitForHSEStartUp  stm32f10x_rcc.o
    0x08002900   0x00000010   Code   RO          948    i.RTC_ClearITPendingBit  stm32f10x_rtc.o
    0x08002910   0x00000054   Code   RO         2456    i.RTC_Configuration  main.o
    0x08002964   0x00000014   Code   RO          949    i.RTC_EnterConfigMode  stm32f10x_rtc.o
    0x08002978   0x00000014   Code   RO          950    i.RTC_ExitConfigMode  stm32f10x_rtc.o
    0x0800298c   0x00000014   Code   RO          951    i.RTC_GetCounter    stm32f10x_rtc.o
    0x080029a0   0x00000024   Code   RO          954    i.RTC_GetITStatus   stm32f10x_rtc.o
    0x080029c4   0x000000b0   Code   RO         2539    i.RTC_IRQHandler    stm32f10x_it.o
    0x08002a74   0x00000020   Code   RO          955    i.RTC_ITConfig      stm32f10x_rtc.o
    0x08002a94   0x0000001c   Code   RO          957    i.RTC_SetCounter    stm32f10x_rtc.o
    0x08002ab0   0x00000020   Code   RO          958    i.RTC_SetPrescaler  stm32f10x_rtc.o
    0x08002ad0   0x00000014   Code   RO          959    i.RTC_WaitForLastTask  stm32f10x_rtc.o
    0x08002ae4   0x00000024   Code   RO          960    i.RTC_WaitForSynchro  stm32f10x_rtc.o
    0x08002b08   0x00000002   Code   RO         2540    i.SVC_Handler       stm32f10x_it.o
    0x08002b0a   0x00000002   PAD
    0x08002b0c   0x0000003c   Code   RO         2457    i.SetGpioPinNxpOpen  main.o
    0x08002b48   0x00000024   Code   RO         2458    i.SetGpioPinStudyIn  main.o
    0x08002b6c   0x00000008   Code   RO           24    i.SetSysClock       system_stm32f10x.o
    0x08002b74   0x00000110   Code   RO           25    i.SetSysClockTo72   system_stm32f10x.o
    0x08002c84   0x00000034   Code   RO         2636    i.SetTimer          uhf_125k.o
    0x08002cb8   0x00000028   Code   RO          131    i.SysTick_CLKSourceConfig  misc.o
    0x08002ce0   0x0000005c   Code   RO         2459    i.SysTick_Configuration  main.o
    0x08002d3c   0x00000018   Code   RO         2541    i.SysTick_Handler   stm32f10x_it.o
    0x08002d54   0x00000060   Code   RO           26    i.SystemInit        system_stm32f10x.o
    0x08002db4   0x0000002c   Code   RO         2542    i.TIM2_IRQHandler   stm32f10x_it.o
    0x08002de0   0x00000018   Code   RO         1041    i.TIM_ARRPreloadConfig  stm32f10x_tim.o
    0x08002df8   0x00000006   Code   RO         1048    i.TIM_ClearITPendingBit  stm32f10x_tim.o
    0x08002dfe   0x00000018   Code   RO         1053    i.TIM_Cmd           stm32f10x_tim.o
    0x08002e16   0x00000002   PAD
    0x08002e18   0x000000d4   Code   RO         2021    i.TIM_Configuration  drv_time.o
    0x08002eec   0x0000001e   Code   RO         1055    i.TIM_CtrlPWMOutputs  stm32f10x_tim.o
    0x08002f0a   0x00000006   Code   RO         1072    i.TIM_GetCounter    stm32f10x_tim.o
    0x08002f10   0x00000022   Code   RO         1074    i.TIM_GetITStatus   stm32f10x_tim.o
    0x08002f32   0x00000012   Code   RO         1078    i.TIM_ITConfig      stm32f10x_tim.o
    0x08002f44   0x00000078   Code   RO         1082    i.TIM_OC1Init       stm32f10x_tim.o
    0x08002fbc   0x00000012   Code   RO         1085    i.TIM_OC1PreloadConfig  stm32f10x_tim.o
    0x08002fce   0x00000002   PAD
    0x08002fd0   0x0000009c   Code   RO         1087    i.TIM_OC2Init       stm32f10x_tim.o
    0x0800306c   0x0000001a   Code   RO         1090    i.TIM_OC2PreloadConfig  stm32f10x_tim.o
    0x08003086   0x00000004   Code   RO         1118    i.TIM_SetCounter    stm32f10x_tim.o
    0x0800308a   0x00000002   PAD
    0x0800308c   0x0000003c   Code   RO         1124    i.TIM_TimeBaseInit  stm32f10x_tim.o
    0x080030c8   0x00000018   Code   RO         1733    i.USART_Cmd         stm32f10x_usart.o
    0x080030e0   0x00000038   Code   RO         2460    i.USART_Configuration  main.o
    0x08003118   0x0000001a   Code   RO         1736    i.USART_GetFlagStatus  stm32f10x_usart.o
    0x08003132   0x00000002   PAD
    0x08003134   0x000000a0   Code   RO         1740    i.USART_Init        stm32f10x_usart.o
    0x080031d4   0x0000000a   Code   RO         1745    i.USART_ReceiveData  stm32f10x_usart.o
    0x080031de   0x00000002   PAD
    0x080031e0   0x000001c8   Code   RO         2637    i.USER_Configuration  uhf_125k.o
    0x080033a8   0x00000168   Code   RO         2638    i.UhfRevData_First  uhf_125k.o
    0x08003510   0x00000180   Code   RO         2639    i.UhfRevData_HIGH   uhf_125k.o
    0x08003690   0x00000004   Code   RO         2543    i.UsageFault_Handler  stm32f10x_it.o
    0x08003694   0x0000001e   Code   RO         2640    i.ValueRange        uhf_125k.o
    0x080036b2   0x0000000e   Code   RO         2641    i.ValueVGARange     uhf_125k.o
    0x080036c0   0x0000002c   Code   RO         2642    i.WaitSendCANLamp   uhf_125k.o
    0x080036ec   0x00000050   Code   RO         2645    i.WriteConfigToFlash  uhf_125k.o
    0x0800373c   0x00000014   Code   RO         2034    i._delay_us         drv_spi.o
    0x08003750   0x00000094   Code   RO         2162    i.bGoRx             drv_cmt2300.o
    0x080037e4   0x00000026   Code   RO         2163    i.bGoSleep          drv_cmt2300.o
    0x0800380a   0x00000002   PAD
    0x0800380c   0x0000004c   Code   RO         2164    i.bGoStandby        drv_cmt2300.o
    0x08003858   0x000000be   Code   RO         2167    i.bIntSrcFlagClr    drv_cmt2300.o
    0x08003916   0x00000002   PAD
    0x08003918   0x00000034   Code   RO         2035    i.bSpi3Read         drv_spi.o
    0x0800394c   0x00000078   Code   RO         2036    i.bSpi3ReadByte     drv_spi.o
    0x080039c4   0x0000001a   Code   RO          393    i.delay             stm32f10x_flash.o
    0x080039de   0x00000002   PAD
    0x080039e0   0x0000008c   Code   RO         2461    i.main              main.o
    0x08003a6c   0x00000058   Code   RO         2174    i.vAfterCfg         drv_cmt2300.o
    0x08003ac4   0x0000001e   Code   RO         2175    i.vCfgBank          drv_cmt2300.o
    0x08003ae2   0x00000002   PAD
    0x08003ae4   0x00000030   Code   RO         2180    i.vEnableRdFifo     drv_cmt2300.o
    0x08003b14   0x0000000e   Code   RO         2182    i.vGpioFuncCfg      drv_cmt2300.o
    0x08003b22   0x00000002   PAD
    0x08003b24   0x00000030   Code   RO         2183    i.vInit             drv_cmt2300.o
    0x08003b54   0x0000006c   Code   RO         2184    i.vInitOOKRadio     drv_cmt2300.o
    0x08003bc0   0x00000070   Code   RO         2185    i.vInitRadio        drv_cmt2300.o
    0x08003c30   0x00000060   Code   RO         2196    i.vSetPayloadLength  drv_cmt2300.o
    0x08003c90   0x00000012   Code   RO         2198    i.vSoftReset        drv_cmt2300.o
    0x08003ca2   0x00000002   PAD
    0x08003ca4   0x00000044   Code   RO         2043    i.vSpi3Init         drv_spi.o
    0x08003ce8   0x0000002c   Code   RO         2046    i.vSpi3Write        drv_spi.o
    0x08003d14   0x000000a4   Code   RO         2047    i.vSpi3WriteByte    drv_spi.o
    0x08003db8   0x00000356   Data   RO         2647    .constdata          uhf_125k.o
    0x0800410e   0x00000002   PAD
    0x08004110   0x00000020   Data   RO         2988    Region$$Table       anon$$obj.o


    Execution Region RW_IRAM1 (Base: 0x20000000, Size: 0x00000c48, Max: 0x00010000, ABSOLUTE, COMPRESSED[0x00000214])

    Base Addr    Size         Type   Attr      Idx    E Section Name        Object

    0x20000000   0x00000014   Data   RW          734    .data               stm32f10x_rcc.o
    0x20000014   0x000001e8   Data   RW         2206    .data               drv_cmt2300.o
    0x200001fc   0x00000008   Data   RW         2462    .data               main.o
    0x20000204   0x000001a7   Data   RW         2648    .data               uhf_125k.o
    0x200003ab   0x00000001   PAD
    0x200003ac   0x00000236   Zero   RW         2646    .bss                uhf_125k.o
    0x200005e2   0x00000002   PAD
    0x200005e4   0x00000060   Zero   RW         2862    .bss                c_w.l(libspace.o)
    0x20000644   0x00000004   PAD
    0x20000648   0x00000200   Zero   RW            2    HEAP                startup_stm32f10x_cl.o
    0x20000848   0x00000400   Zero   RW            1    STACK               startup_stm32f10x_cl.o


==============================================================================

Image component sizes


      Code (inc. data)   RO Data    RW Data    ZI Data      Debug   Object Name

         0          0          0          0          0       4508   core_cm3.o
       544         72          0          0          0      10968   drv_can.o
      1014        108          0        488          0      10085   drv_cmt2300.o
       516         38          0          0          0       3808   drv_spi.o
       212          6          0          0          0        652   drv_time.o
      1198         66          0          8          0      12154   main.o
       172         22          0          0          0       2017   misc.o
        60         22        336          0       1536        804   startup_stm32f10x_cl.o
        16          0          0          0          0        469   stm32f10x_bkp.o
      1156         12          0          0          0       6211   stm32f10x_can.o
       424         50          0          0          0       6748   stm32f10x_flash.o
       634         34          0          0          0       5573   stm32f10x_gpio.o
       276         34          0          0          0       5239   stm32f10x_it.o
        12          6          0          0          0        498   stm32f10x_pwr.o
      1004        132          0         20          0      14073   stm32f10x_rcc.o
       260         48          0          0          0       5036   stm32f10x_rtc.o
       526         28          0          0          0      10510   stm32f10x_tim.o
       220          4          0          0          0       3871   stm32f10x_usart.o
       376         26          0          0          0     275009   system_stm32f10x.o
      6146        880        854        423        566      28615   uhf_125k.o

    ----------------------------------------------------------------------
     14806       1588       1224        940       2104     406848   Object Totals
         0          0         32          0          0          0   (incl. Generated)
        40          0          2          1          2          0   (incl. Padding)

    ----------------------------------------------------------------------

      Code (inc. data)   RO Data    RW Data    ZI Data      Debug   Library Member Name

        90          0          0          0          0          0   __dczerorl2.o
         8          0          0          0          0         68   __main.o
         0          0          0          0          0          0   __rtentry.o
        12          0          0          0          0          0   __rtentry2.o
         6          0          0          0          0          0   __rtentry4.o
        52          8          0          0          0          0   __scatter.o
        28          0          0          0          0          0   __scatter_zi.o
        18          0          0          0          0         80   exit.o
         6          0          0          0          0        152   heapauxi.o
         0          0          0          0          0          0   indicate_semi.o
         2          0          0          0          0          0   libinit.o
         2          0          0          0          0          0   libinit2.o
         2          0          0          0          0          0   libshutdown.o
         2          0          0          0          0          0   libshutdown2.o
         8          4          0          0         96         68   libspace.o
        78          0          0          0          0         80   rt_memclr_w.o
       138          0          0          0          0         68   rt_memcpy_v6.o
       100          0          0          0          0         80   rt_memcpy_w.o
         2          0          0          0          0          0   rtexit.o
        10          0          0          0          0          0   rtexit2.o
        12          4          0          0          0         68   sys_exit.o
        74          0          0          0          0         80   sys_stackheap_outer.o
         2          0          0          0          0         68   use_no_semi.o

    ----------------------------------------------------------------------
       658         16          0          0        100        812   Library Totals
         6          0          0          0          4          0   (incl. Padding)

    ----------------------------------------------------------------------

      Code (inc. data)   RO Data    RW Data    ZI Data      Debug   Library Name

       652         16          0          0         96        812   c_w.l

    ----------------------------------------------------------------------
       658         16          0          0        100        812   Library Totals

    ----------------------------------------------------------------------

==============================================================================


      Code (inc. data)   RO Data    RW Data    ZI Data      Debug   

     15464       1604       1224        940       2204     399804   Grand Totals
     15464       1604       1224        532       2204     399804   ELF Image Totals (compressed)
     15464       1604       1224        532          0          0   ROM Totals

==============================================================================

    Total RO  Size (Code + RO Data)                16688 (  16.30kB)
    Total RW  Size (RW Data + ZI Data)              3144 (   3.07kB)
    Total ROM Size (Code + RO Data + RW Data)      17220 (  16.82kB)

==============================================================================

