Component: ARM Compiler 5.06 update 6 (build 750) Tool: armlink [4d35ed]

==============================================================================

Section Cross References

    startup_stm32f10x_cl.o(STACK) refers (Special) to system_stm32f10x.o(i.SystemInit) for SystemInit
    startup_stm32f10x_cl.o(STACK) refers (Special) to heapauxi.o(.text) for __use_two_region_memory
    startup_stm32f10x_cl.o(HEAP) refers (Special) to system_stm32f10x.o(i.SystemInit) for SystemInit
    startup_stm32f10x_cl.o(HEAP) refers (Special) to heapauxi.o(.text) for __use_two_region_memory
    startup_stm32f10x_cl.o(RESET) refers (Special) to system_stm32f10x.o(i.SystemInit) for SystemInit
    startup_stm32f10x_cl.o(RESET) refers (Special) to heapauxi.o(.text) for __use_two_region_memory
    startup_stm32f10x_cl.o(RESET) refers to startup_stm32f10x_cl.o(STACK) for __initial_sp
    startup_stm32f10x_cl.o(RESET) refers to startup_stm32f10x_cl.o(.text) for Reset_Handler
    startup_stm32f10x_cl.o(RESET) refers to stm32f10x_it.o(i.NMI_Handler) for NMI_Handler
    startup_stm32f10x_cl.o(RESET) refers to stm32f10x_it.o(i.HardFault_Handler) for HardFault_Handler
    startup_stm32f10x_cl.o(RESET) refers to stm32f10x_it.o(i.MemManage_Handler) for MemManage_Handler
    startup_stm32f10x_cl.o(RESET) refers to stm32f10x_it.o(i.BusFault_Handler) for BusFault_Handler
    startup_stm32f10x_cl.o(RESET) refers to stm32f10x_it.o(i.UsageFault_Handler) for UsageFault_Handler
    startup_stm32f10x_cl.o(RESET) refers to stm32f10x_it.o(i.SVC_Handler) for SVC_Handler
    startup_stm32f10x_cl.o(RESET) refers to stm32f10x_it.o(i.DebugMon_Handler) for DebugMon_Handler
    startup_stm32f10x_cl.o(RESET) refers to stm32f10x_it.o(i.PendSV_Handler) for PendSV_Handler
    startup_stm32f10x_cl.o(RESET) refers to stm32f10x_it.o(i.SysTick_Handler) for SysTick_Handler
    startup_stm32f10x_cl.o(RESET) refers to stm32f10x_it.o(i.RTC_IRQHandler) for RTC_IRQHandler
    startup_stm32f10x_cl.o(RESET) refers to stm32f10x_it.o(i.CAN1_RX0_IRQHandler) for CAN1_RX0_IRQHandler
    startup_stm32f10x_cl.o(RESET) refers to stm32f10x_it.o(i.TIM2_IRQHandler) for TIM2_IRQHandler
    startup_stm32f10x_cl.o(RESET) refers to drv_serial.o(i.USART2_IRQHandler) for USART2_IRQHandler
    startup_stm32f10x_cl.o(RESET) refers to stm32f10x_it.o(i.CAN2_RX0_IRQHandler) for CAN2_RX0_IRQHandler
    startup_stm32f10x_cl.o(.text) refers (Special) to system_stm32f10x.o(i.SystemInit) for SystemInit
    startup_stm32f10x_cl.o(.text) refers (Special) to heapauxi.o(.text) for __use_two_region_memory
    startup_stm32f10x_cl.o(.text) refers to __main.o(!!!main) for __main
    startup_stm32f10x_cl.o(.text) refers to startup_stm32f10x_cl.o(HEAP) for Heap_Mem
    startup_stm32f10x_cl.o(.text) refers to startup_stm32f10x_cl.o(STACK) for Stack_Mem
    system_stm32f10x.o(i.SetSysClock) refers to system_stm32f10x.o(i.SetSysClockTo72) for SetSysClockTo72
    system_stm32f10x.o(i.SystemInit) refers to system_stm32f10x.o(i.SetSysClock) for SetSysClock
    stm32f10x_bkp.o(i.BKP_DeInit) refers to stm32f10x_rcc.o(i.RCC_BackupResetCmd) for RCC_BackupResetCmd
    stm32f10x_can.o(i.CAN_DeInit) refers to stm32f10x_rcc.o(i.RCC_APB1PeriphResetCmd) for RCC_APB1PeriphResetCmd
    stm32f10x_can.o(i.CAN_GetITStatus) refers to stm32f10x_can.o(i.CheckITStatus) for CheckITStatus
    stm32f10x_can.o(i.CAN_Receive) refers to stm32f10x_can.o(i.CAN_FIFORelease) for CAN_FIFORelease
    stm32f10x_flash.o(i.FLASH_EnableWriteProtection) refers to stm32f10x_flash.o(i.FLASH_WaitForLastOperation) for FLASH_WaitForLastOperation
    stm32f10x_flash.o(i.FLASH_EraseAllPages) refers to stm32f10x_flash.o(i.FLASH_WaitForLastOperation) for FLASH_WaitForLastOperation
    stm32f10x_flash.o(i.FLASH_EraseOptionBytes) refers to stm32f10x_flash.o(i.FLASH_WaitForLastOperation) for FLASH_WaitForLastOperation
    stm32f10x_flash.o(i.FLASH_ErasePage) refers to stm32f10x_flash.o(i.FLASH_WaitForLastOperation) for FLASH_WaitForLastOperation
    stm32f10x_flash.o(i.FLASH_ProgramHalfWord) refers to stm32f10x_flash.o(i.FLASH_WaitForLastOperation) for FLASH_WaitForLastOperation
    stm32f10x_flash.o(i.FLASH_ProgramOptionByteData) refers to stm32f10x_flash.o(i.FLASH_WaitForLastOperation) for FLASH_WaitForLastOperation
    stm32f10x_flash.o(i.FLASH_ProgramWord) refers to stm32f10x_flash.o(i.FLASH_WaitForLastOperation) for FLASH_WaitForLastOperation
    stm32f10x_flash.o(i.FLASH_ReadOutProtection) refers to stm32f10x_flash.o(i.FLASH_WaitForLastOperation) for FLASH_WaitForLastOperation
    stm32f10x_flash.o(i.FLASH_UserOptionByteConfig) refers to stm32f10x_flash.o(i.FLASH_WaitForLastOperation) for FLASH_WaitForLastOperation
    stm32f10x_flash.o(i.FLASH_WaitForLastOperation) refers to stm32f10x_flash.o(i.FLASH_GetStatus) for FLASH_GetStatus
    stm32f10x_flash.o(i.FLASH_WaitForLastOperation) refers to stm32f10x_flash.o(i.delay) for delay
    stm32f10x_gpio.o(i.GPIO_AFIODeInit) refers to stm32f10x_rcc.o(i.RCC_APB2PeriphResetCmd) for RCC_APB2PeriphResetCmd
[...]
    _printf_d                                0x08003205   Thumb Code     0  _printf_d.o(.ARM.Collect$$_printf_percent$$00000009)
    _printf_percent                          0x08003205   Thumb Code     0  _printf_percent.o(.ARM.Collect$$_printf_percent$$00000000)
    _printf_x                                0x0800320b   Thumb Code     0  _printf_x.o(.ARM.Collect$$_printf_percent$$0000000C)
    _printf_s                                0x08003211   Thumb Code     0  _printf_s.o(.ARM.Collect$$_printf_percent$$00000014)
    _printf_percent_end                      0x08003217   Thumb Code     0  _printf_percent_end.o(.ARM.Collect$$_printf_percent$$00000017)
    __rt_lib_init                            0x0800321b   Thumb Code     0  libinit.o(.ARM.Collect$$libinit$$00000000)
    __rt_lib_init_alloca_1                   0x0800321d   Thumb Code     0  libinit2.o(.ARM.Collect$$libinit$$0000002E)
    __rt_lib_init_argv_1                     0x0800321d   Thumb Code     0  libinit2.o(.ARM.Collect$$libinit$$0000002C)
    __rt_lib_init_atexit_1                   0x0800321d   Thumb Code     0  libinit2.o(.ARM.Collect$$libinit$$0000001B)
    __rt_lib_init_clock_1                    0x0800321d   Thumb Code     0  libinit2.o(.ARM.Collect$$libinit$$00000021)
    __rt_lib_init_cpp_1                      0x0800321d   Thumb Code     0  libinit2.o(.ARM.Collect$$libinit$$00000032)
    __rt_lib_init_exceptions_1               0x0800321d   Thumb Code     0  libinit2.o(.ARM.Collect$$libinit$$00000030)
    __rt_lib_init_fp_1                       0x0800321d   Thumb Code     0  libinit2.o(.ARM.Collect$$libinit$$00000002)
    __rt_lib_init_fp_trap_1                  0x0800321d   Thumb Code     0  libinit2.o(.ARM.Collect$$libinit$$0000001F)
    __rt_lib_init_getenv_1                   0x0800321d   Thumb Code     0  libinit2.o(.ARM.Collect$$libinit$$00000023)
    __rt_lib_init_heap_1                     0x0800321d   Thumb Code     0  libinit2.o(.ARM.Collect$$libinit$$0000000A)
    __rt_lib_init_lc_collate_1               0x0800321d   Thumb Code     0  libinit2.o(.ARM.Collect$$libinit$$00000011)
    __rt_lib_init_lc_ctype_1                 0x0800321d   Thumb Code     0  libinit2.o(.ARM.Collect$$libinit$$00000013)
    __rt_lib_init_lc_monetary_1              0x0800321d   Thumb Code     0  libinit2.o(.ARM.Collect$$libinit$$00000015)
    __rt_lib_init_lc_numeric_1               0x0800321d   Thumb Code     0  libinit2.o(.ARM.Collect$$libinit$$00000017)
    __rt_lib_init_lc_time_1                  0x0800321d   Thumb Code     0  libinit2.o(.ARM.Collect$$libinit$$00000019)
    __rt_lib_init_preinit_1                  0x0800321d   Thumb Code     0  libinit2.o(.ARM.Collect$$libinit$$00000004)
    __rt_lib_init_rand_1                     0x0800321d   Thumb Code     0  libinit2.o(.ARM.Collect$$libinit$$0000000E)
    __rt_lib_init_return                     0x0800321d   Thumb Code     0  libinit2.o(.ARM.Collect$$libinit$$00000033)
    __rt_lib_init_signal_1                   0x0800321d   Thumb Code     0  libinit2.o(.ARM.Collect$$libinit$$0000001D)
    __rt_lib_init_stdio_1                    0x0800321d   Thumb Code     0  libinit2.o(.ARM.Collect$$libinit$$00000025)
    __rt_lib_init_user_alloc_1               0x0800321d   Thumb Code     0  libinit2.o(.ARM.Collect$$libinit$$0000000C)
    __rt_lib_shutdown                        0x0800321f   Thumb Code     0  libshutdown.o(.ARM.Collect$$libshutdown$$00000000)
    __rt_lib_shutdown_cpp_1                  0x08003221   Thumb Code     0  libshutdown2.o(.ARM.Collect$$libshutdown$$00000002)
    __rt_lib_shutdown_fp_trap_1              0x08003221   Thumb Code     0  libshutdown2.o(.ARM.Collect$$libshutdown$$00000007)
    __rt_lib_shutdown_heap_1                 0x08003221   Thumb Code     0  libshutdown2.o(.ARM.Collect$$libshutdown$$0000000F)
    __rt_lib_shutdown_return                 0x08003221   Thumb Code     0  libshutdown2.o(.ARM.Collect$$libshutdown$$00000010)
    __rt_lib_shutdown_signal_1               0x08003221   Thumb Code     0  libshutdown2.o(.ARM.Collect$$libshutdown$$0000000A)
    __rt_lib_shutdown_stdio_1                0x08003221   Thumb Code     0  libshutdown2.o(.ARM.Collect$$libshutdown$$00000004)
    __rt_lib_shutdown_user_alloc_1           0x08003221   Thumb Code     0  libshutdown2.o(.ARM.Collect$$libshutdown$$0000000C)
    __rt_entry                               0x08003223   Thumb Code     0  __rtentry.o(.ARM.Collect$$rtentry$$00000000)
    __rt_entry_presh_1                       0x08003223   Thumb Code     0  __rtentry2.o(.ARM.Collect$$rtentry$$00000002)
    __rt_entry_sh                            0x08003223   Thumb Code     0  __rtentry4.o(.ARM.Collect$$rtentry$$00000004)
    __rt_entry_li                            0x08003229   Thumb Code     0  __rtentry2.o(.ARM.Collect$$rtentry$$0000000A)
    __rt_entry_postsh_1                      0x08003229   Thumb Code     0  __rtentry2.o(.ARM.Collect$$rtentry$$00000009)
    __rt_entry_main                          0x0800322d   Thumb Code     0  __rtentry2.o(.ARM.Collect$$rtentry$$0000000D)
    __rt_entry_postli_1                      0x0800322d   Thumb Code     0  __rtentry2.o(.ARM.Collect$$rtentry$$0000000C)
    __rt_exit                                0x08003235   Thumb Code     0  rtexit.o(.ARM.Collect$$rtexit$$00000000)
    __rt_exit_ls                             0x08003237   Thumb Code     0  rtexit2.o(.ARM.Collect$$rtexit$$00000003)
    __rt_exit_prels_1                        0x08003237   Thumb Code     0  rtexit2.o(.ARM.Collect$$rtexit$$00000002)
    __rt_exit_exit                           0x0800323b   Thumb Code     0  rtexit2.o(.ARM.Collect$$rtexit$$00000004)
    Reset_Handler                            0x08003241   Thumb Code     8  startup_stm32f10x_cl.o(.text)
    ADC1_2_IRQHandler                        0x0800325b   Thumb Code     0  startup_stm32f10x_cl.o(.text)
    CAN1_RX1_IRQHandler                      0x0800325b   Thumb Code     0  startup_stm32f10x_cl.o(.text)
    CAN1_SCE_IRQHandler                      0x0800325b   Thumb Code     0  startup_stm32f10x_cl.o(.text)
    CAN1_TX_IRQHandler                       0x0800325b   Thumb Code     0  startup_stm32f10x_cl.o(.text)
    CAN2_RX1_IRQHandler                      0x0800325b   Thumb Code     0  startup_stm32f10x_cl.o(.text)
    CAN2_SCE_IRQHandler                      0x0800325b   Thumb Code     0  startup_stm32f10x_cl.o(.text)
    CAN2_TX_IRQHandler                       0x0800325b   Thumb Code     0  startup_stm32f10x_cl.o(.text)
    DMA1_Channel1_IRQHandler                 0x0800325b   Thumb Code     0  startup_stm32f10x_cl.o(.text)
    DMA1_Channel2_IRQHandler                 0x0800325b   Thumb Code     0  startup_stm32f10x_cl.o(.text)
    DMA1_Channel3_IRQHandler                 0x0800325b   Thumb Code     0  startup_stm32f10x_cl.o(.text)
    DMA1_Channel4_IRQHandler                 0x0800325b   Thumb Code     0  startup_stm32f10x_cl.o(.text)
    DMA1_Channel5_IRQHandler                 0x0800325b   Thumb Code     0  startup_stm32f10x_cl.o(.text)
    DMA1_Channel6_IRQHandler                 0x0800325b   Thumb Code     0  startup_stm32f10x_cl.o(.text)
    DMA1_Channel7_IRQHandler                 0x0800325b   Thumb Code     0  startup_stm32f10x_cl.o(.text)
    DMA2_Channel1_IRQHandler                 0x0800325b   Thumb Code     0  startup_stm32f10x_cl.o(.text)
    DMA2_Channel2_IRQHandler                 0x0800325b   Thumb Code     0  startup_stm32f10x_cl.o(.text)
    DMA2_Channel3_IRQHandler                 0x0800325b   Thumb Code     0  startup_stm32f10x_cl.o(.text)
    DMA2_Channel4_IRQHandler                 0x0800325b   Thumb Code     0  startup_stm32f10x_cl.o(.text)
    DMA2_Channel5_IRQHandler                 0x0800325b   Thumb Code     0  startup_stm32f10x_cl.o(.text)
    ETH_IRQHandler                           0x0800325b   Thumb Code     0  startup_stm32f10x_cl.o(.text)
    ETH_WKUP_IRQHandler                      0x0800325b   Thumb Code     0  startup_stm32f10x_cl.o(.text)
    EXTI0_IRQHandler                         0x0800325b   Thumb Code     0  startup_stm32f10x_cl.o(.text)
    EXTI15_10_IRQHandler                     0x0800325b   Thumb Code     0  startup_stm32f10x_cl.o(.text)
    EXTI1_IRQHandler                         0x0800325b   Thumb Code     0  startup_stm32f10x_cl.o(.text)
    EXTI2_IRQHandler                         0x0800325b   Thumb Code     0  startup_stm32f10x_cl.o(.text)
    EXTI3_IRQHandler                         0x0800325b   Thumb Code     0  startup_stm32f10x_cl.o(.text)
    EXTI4_IRQHandler                         0x0800325b   Thumb Code     0  startup_stm32f10x_cl.o(.text)
    EXTI9_5_IRQHandler                       0x0800325b   Thumb Code     0  startup_stm32f10x_cl.o(.text)
    FLASH_IRQHandler                         0x0800325b   Thumb Code     0  startup_stm32f10x_cl.o(.text)
    I2C1_ER_IRQHandler                       0x0800325b   Thumb Code     0  startup_stm32f10x_cl.o(.text)
    I2C1_EV_IRQHandler                       0x0800325b   Thumb Code     0  startup_stm32f10x_cl.o(.text)
    I2C2_ER_IRQHandler                       0x0800325b   Thumb Code     0  startup_stm32f10x_cl.o(.text)
    I2C2_EV_IRQHandler                       0x0800325b   Thumb Code     0  startup_stm32f10x_cl.o(.text)
    OTG_FS_IRQHandler                        0x0800325b   Thumb Code     0  startup_stm32f10x_cl.o(.text)
    OTG_FS_WKUP_IRQHandler                   0x0800325b   Thumb Code     0  startup_stm32f10x_cl.o(.text)
    PVD_IRQHandler                           0x0800325b   Thumb Code     0  startup_stm32f10x_cl.o(.text)
    RCC_IRQHandler                           0x0800325b   Thumb Code     0  startup_stm32f10x_cl.o(.text)
    RTCAlarm_IRQHandler                      0x0800325b   Thumb Code     0  startup_stm32f10x_cl.o(.text)
    SPI1_IRQHandler                          0x0800325b   Thumb Code     0  startup_stm32f10x_cl.o(.text)
    SPI2_IRQHandler                          0x0800325b   Thumb Code     0  startup_stm32f10x_cl.o(.text)
    SPI3_IRQHandler                          0x0800325b   Thumb Code     0  startup_stm32f10x_cl.o(.text)
    TAMPER_IRQHandler                        0x0800325b   Thumb Code     0  startup_stm32f10x_cl.o(.text)
    TIM1_BRK_IRQHandler                      0x0800325b   Thumb Code     0  startup_stm32f10x_cl.o(.text)
    TIM1_CC_IRQHandler                       0x0800325b   Thumb Code     0  startup_stm32f10x_cl.o(.text)
    TIM1_TRG_COM_IRQHandler                  0x0800325b   Thumb Code     0  startup_stm32f10x_cl.o(.text)
    TIM1_UP_IRQHandler                       0x0800325b   Thumb Code     0  startup_stm32f10x_cl.o(.text)
    TIM3_IRQHandler                          0x0800325b   Thumb Code     0  startup_stm32f10x_cl.o(.text)
    TIM4_IRQHandler                          0x0800325b   Thumb Code     0  startup_stm32f10x_cl.o(.text)
    TIM5_IRQHandler                          0x0800325b   Thumb Code     0  startup_stm32f10x_cl.o(.text)
    TIM6_IRQHandler                          0x0800325b   Thumb Code     0  startup_stm32f10x_cl.o(.text)
    TIM7_IRQHandler                          0x0800325b   Thumb Code     0  startup_stm32f10x_cl.o(.text)
    UART4_IRQHandler                         0x0800325b   Thumb Code     0  startup_stm32f10x_cl.o(.text)
    UART5_IRQHandler                         0x0800325b   Thumb Code     0  startup_stm32f10x_cl.o(.text)
    USART1_IRQHandler                        0x0800325b   Thumb Code     0  startup_stm32f10x_cl.o(.text)
    USART3_IRQHandler                        0x0800325b   Thumb Code     0  startup_stm32f10x_cl.o(.text)
    WWDG_IRQHandler                          0x0800325b   Thumb Code     0  startup_stm32f10x_cl.o(.text)
    __user_initial_stackheap                 0x0800325d   Thumb Code     0  startup_stm32f10x_cl.o(.text)
    __use_no_semihosting                     0x0800327d   Thumb Code     2  use_no_semi_2.o(.text)
    __2printf                                0x08003281   Thumb Code    20  noretval__2printf.o(.text)
    _printf_pre_padding                      0x08003299   Thumb Code    44  _printf_pad.o(.text)
    _printf_post_padding                     0x080032c5   Thumb Code    34  _printf_pad.o(.text)
    _printf_str                              0x080032e7   Thumb Code    82  _printf_str.o(.text)
    _printf_int_dec                          0x08003339   Thumb Code   104  _printf_dec.o(.text)
    _printf_int_hex                          0x080033b1   Thumb Code    84  _printf_hex_int.o(.text)
    _printf_longlong_hex                     0x080033b1   Thumb Code     0  _printf_hex_int.o(.text)
    __printf                                 0x08003409   Thumb Code   308  __printf_flags_wp.o(.text)
    __aeabi_memcpy                           0x08003541   Thumb Code     0  rt_memcpy_v6.o(.text)
    __rt_memcpy                              0x08003541   Thumb Code   138  rt_memcpy_v6.o(.text)
    _memcpy_lastbytes                        0x080035a7   Thumb Code     0  rt_memcpy_v6.o(.text)
    __aeabi_memcpy4                          0x080035cb   Thumb Code     0  rt_memcpy_w.o(.text)
    __aeabi_memcpy8                          0x080035cb   Thumb Code     0  rt_memcpy_w.o(.text)
    __rt_memcpy_w                            0x080035cb   Thumb Code   100  rt_memcpy_w.o(.text)
    _memcpy_lastbytes_aligned                0x08003613   Thumb Code     0  rt_memcpy_w.o(.text)
    __aeabi_memclr4                          0x0800362f   Thumb Code     0  rt_memclr_w.o(.text)
    __aeabi_memclr8                          0x0800362f   Thumb Code     0  rt_memclr_w.o(.text)
    __rt_memclr_w                            0x0800362f   Thumb Code    78  rt_memclr_w.o(.text)
    _memset_w                                0x08003633   Thumb Code     0  rt_memclr_w.o(.text)
    __use_two_region_memory                  0x0800367d   Thumb Code     2  heapauxi.o(.text)
    __rt_heap_escrow$2region                 0x0800367f   Thumb Code     2  heapauxi.o(.text)
    __rt_heap_expand$2region                 0x08003681   Thumb Code     2  heapauxi.o(.text)
    __I$use$semihosting                      0x08003683   Thumb Code     0  use_no_semi.o(.text)
    __use_no_semihosting_swi                 0x08003683   Thumb Code     2  use_no_semi.o(.text)
    _printf_int_common                       0x08003685   Thumb Code   178  _printf_intcommon.o(.text)
    _printf_cs_common                        0x08003737   Thumb Code    20  _printf_char.o(.text)
    _printf_char                             0x0800374b   Thumb Code    16  _printf_char.o(.text)
    _printf_string                           0x0800375b   Thumb Code     8  _printf_char.o(.text)
    _printf_char_file                        0x08003765   Thumb Code    32  _printf_char_file.o(.text)
    _printf_char_common                      0x08003793   Thumb Code    32  _printf_char_common.o(.text)
    ferror                                   0x080037b9   Thumb Code     8  ferror.o(.text)
    __user_setup_stackheap                   0x080037c1   Thumb Code    74  sys_stackheap_outer.o(.text)
    exit                                     0x0800380b   Thumb Code    18  exit.o(.text)
    __user_libspace                          0x0800381d   Thumb Code     8  libspace.o(.text)
    __user_perproc_libspace                  0x0800381d   Thumb Code     0  libspace.o(.text)
    __user_perthread_libspace                0x0800381d   Thumb Code     0  libspace.o(.text)
    App_Command_Sever                        0x08003825   Thumb Code   166  app_command.o(i.App_Command_Sever)
    BKP_DeInit                               0x080038e5   Thumb Code    16  stm32f10x_bkp.o(i.BKP_DeInit)
    BusFault_Handler                         0x080038f5   Thumb Code     4  stm32f10x_it.o(i.BusFault_Handler)
    CAN1IrqFuc                               0x080038f9   Thumb Code   878  uhf_125k.o(i.CAN1IrqFuc)
    CAN1_RX0_IRQHandler                      0x08003d21   Thumb Code     8  stm32f10x_it.o(i.CAN1_RX0_IRQHandler)
    CAN2IrqFuc                               0x08003d29   Thumb Code   364  uhf_125k.o(i.CAN2IrqFuc)
    CAN2_RX0_IRQHandler                      0x08003ef5   Thumb Code     8  stm32f10x_it.o(i.CAN2_RX0_IRQHandler)
    CANSendData                              0x08003efd   Thumb Code    54  uhf_125k.o(i.CANSendData)
    CANSendDataConst                         0x08003f35   Thumb Code    26  uhf_125k.o(i.CANSendDataConst)
    CAN_Configuration                        0x08003f55   Thumb Code   634  drv_can.o(i.CAN_Configuration)
    CAN_DeInit                               0x08004225   Thumb Code    50  stm32f10x_can.o(i.CAN_DeInit)
    CAN_FIFORelease                          0x0800425d   Thumb Code    14  stm32f10x_can.o(i.CAN_FIFORelease)
    CAN_FilterInit                           0x0800426d   Thumb Code   258  stm32f10x_can.o(i.CAN_FilterInit)
    CAN_ITConfig                             0x08004375   Thumb Code    18  stm32f10x_can.o(i.CAN_ITConfig)
    CAN_Init                                 0x08004387   Thumb Code   276  stm32f10x_can.o(i.CAN_Init)
    CAN_Receive                              0x0800449b   Thumb Code   234  stm32f10x_can.o(i.CAN_Receive)
    CAN_Transmit                             0x08004585   Thumb Code   294  stm32f10x_can.o(i.CAN_Transmit)
    CAN_TransmitStatus                       0x080046ab   Thumb Code   142  stm32f10x_can.o(i.CAN_TransmitStatus)
    Cal_crc8                                 0x08004739   Thumb Code    30  uhf_125k.o(i.Cal_crc8)
    CheckLfRemote                            0x0800475d   Thumb Code   494  uhf_125k.o(i.CheckLfRemote)
    CheckOnTime                              0x080049b1   Thumb Code    36  uhf_125k.o(i.CheckOnTime)
    CheckconfigState                         0x080049d9   Thumb Code   266  uhf_125k.o(i.CheckconfigState)
    DebugMon_Handler                         0x08004b01   Thumb Code     2  stm32f10x_it.o(i.DebugMon_Handler)
    DelayXms                                 0x08004b05   Thumb Code    56  main.o(i.DelayXms)
    Drv_UartQueSever                         0x08004b41   Thumb Code    12  app_uart.o(i.Drv_UartQueSever)
    Drv_uartRxQuePolling                     0x08004b4d   Thumb Code    78  app_uart.o(i.Drv_uartRxQuePolling)
    Drv_uartTxQuePolling                     0x08004bad   Thumb Code    98  app_uart.o(i.Drv_uartTxQuePolling)
    FLASH_ErasePage                          0x08004c25   Thumb Code    76  stm32f10x_flash.o(i.FLASH_ErasePage)
    FLASH_GetStatus                          0x08004c75   Thumb Code    48  stm32f10x_flash.o(i.FLASH_GetStatus)
    FLASH_Lock                               0x08004ca9   Thumb Code    14  stm32f10x_flash.o(i.FLASH_Lock)
    FLASH_PrefetchBufferCmd                  0x08004cbd   Thumb Code    22  stm32f10x_flash.o(i.FLASH_PrefetchBufferCmd)
    FLASH_ProgramHalfWord                    0x08004cd9   Thumb Code    64  stm32f10x_flash.o(i.FLASH_ProgramHalfWord)
    FLASH_ReadConfigflag                     0x08004d1d   Thumb Code    94  uhf_125k.o(i.FLASH_ReadConfigflag)
    FLASH_ReadMoreWord                       0x08004d85   Thumb Code    26  uhf_125k.o(i.FLASH_ReadMoreWord)
    FLASH_ReadRemoteID                       0x08004da1   Thumb Code    94  uhf_125k.o(i.FLASH_ReadRemoteID)
    FLASH_SetLatency                         0x08004e09   Thumb Code    18  stm32f10x_flash.o(i.FLASH_SetLatency)
    FLASH_Unlock                             0x08004e21   Thumb Code    12  stm32f10x_flash.o(i.FLASH_Unlock)
    FLASH_WaitForLastOperation               0x08004e39   Thumb Code    42  stm32f10x_flash.o(i.FLASH_WaitForLastOperation)
    FLASH_WriteRemoteID                      0x08004e65   Thumb Code   194  uhf_125k.o(i.FLASH_WriteRemoteID)
    GPIO_Configuration                       0x08004f31   Thumb Code   414  main.o(i.GPIO_Configuration)
    GPIO_DeInit                              0x080050e1   Thumb Code   172  stm32f10x_gpio.o(i.GPIO_DeInit)
    GPIO_Init                                0x080051a9   Thumb Code   278  stm32f10x_gpio.o(i.GPIO_Init)
    GPIO_PinRemapConfig                      0x080052c1   Thumb Code   106  stm32f10x_gpio.o(i.GPIO_PinRemapConfig)
    GPIO_ReadInputDataBit                    0x08005331   Thumb Code    18  stm32f10x_gpio.o(i.GPIO_ReadInputDataBit)
    GPIO_ResetBits                           0x08005343   Thumb Code     4  stm32f10x_gpio.o(i.GPIO_ResetBits)
    GPIO_SDIO_Configuration                  0x08005349   Thumb Code    42  drv_spi.o(i.GPIO_SDIO_Configuration)
    GPIO_SetBits                             0x08005379   Thumb Code     4  stm32f10x_gpio.o(i.GPIO_SetBits)
    HardFault_Handler                        0x0800537d   Thumb Code     4  stm32f10x_it.o(i.HardFault_Handler)
    Help_Proc_Func                           0x08005381   Thumb Code    32  app_iap.o(i.Help_Proc_Func)
    IWDG_Configuration                       0x08005425   Thumb Code    34  main.o(i.IWDG_Configuration)
    IWDG_Enable                              0x08005449   Thumb Code    10  stm32f10x_iwdg.o(i.IWDG_Enable)
    IWDG_ReloadCounter                       0x08005459   Thumb Code    10  stm32f10x_iwdg.o(i.IWDG_ReloadCounter)
    IWDG_SetPrescaler                        0x08005469   Thumb Code     6  stm32f10x_iwdg.o(i.IWDG_SetPrescaler)
    IWDG_SetReload                           0x08005475   Thumb Code     6  stm32f10x_iwdg.o(i.IWDG_SetReload)
    IWDG_WriteAccessCmd                      0x08005481   Thumb Code     6  stm32f10x_iwdg.o(i.IWDG_WriteAccessCmd)
    KillTimer                                0x0800548d   Thumb Code    24  uhf_125k.o(i.KillTimer)
    LFSendData                               0x080054b5   Thumb Code   380  uhf_125k.o(i.LFSendData)
    List_Proc_Func                           0x08005645   Thumb Code    34  app_iap.o(i.List_Proc_Func)
    MemManage_Handler                        0x080056f1   Thumb Code     4  stm32f10x_it.o(i.MemManage_Handler)
    NMI_Handler                              0x080056f5   Thumb Code     2  stm32f10x_it.o(i.NMI_Handler)
    NVIC_Configuration                       0x080056f7   Thumb Code   128  main.o(i.NVIC_Configuration)
    NVIC_Init                                0x08005779   Thumb Code   100  misc.o(i.NVIC_Init)
    NVIC_PriorityGroupConfig                 0x080057e9   Thumb Code    10  misc.o(i.NVIC_PriorityGroupConfig)
    NVIC_SetVectorTable                      0x080057fd   Thumb Code    12  misc.o(i.NVIC_SetVectorTable)
    OnEventCarLFSend                         0x08005835   Thumb Code    38  uhf_125k.o(i.OnEventCarLFSend)
    OnEventRemoteClose                       0x0800586d   Thumb Code   220  uhf_125k.o(i.OnEventRemoteClose)
    OnEventRemoteOpen                        0x08005989   Thumb Code   298  uhf_125k.o(i.OnEventRemoteOpen)
    OnEventStudy                             0x08005b0d   Thumb Code   340  uhf_125k.o(i.OnEventStudy)
    OnEvnetLFSend                            0x08005ca9   Thumb Code   480  uhf_125k.o(i.OnEvnetLFSend)
    OnTimer                                  0x08005ff5   Thumb Code   596  uhf_125k.o(i.OnTimer)
    PWR_BackupAccessCmd                      0x080062b9   Thumb Code     6  stm32f10x_pwr.o(i.PWR_BackupAccessCmd)
    PendSV_Handler                           0x080062c5   Thumb Code     2  stm32f10x_it.o(i.PendSV_Handler)
    PowerOffSever                            0x080062c9   Thumb Code    26  uhf_125k.o(i.PowerOffSever)
    PowerOffSever1                           0x080062f1   Thumb Code    20  uhf_125k.o(i.PowerOffSever1)
    RCC_APB1PeriphClockCmd                   0x08006311   Thumb Code    26  stm32f10x_rcc.o(i.RCC_APB1PeriphClockCmd)
    RCC_APB1PeriphResetCmd                   0x08006331   Thumb Code    26  stm32f10x_rcc.o(i.RCC_APB1PeriphResetCmd)
    RCC_APB2PeriphClockCmd                   0x08006351   Thumb Code    26  stm32f10x_rcc.o(i.RCC_APB2PeriphClockCmd)
    RCC_APB2PeriphResetCmd                   0x08006371   Thumb Code    26  stm32f10x_rcc.o(i.RCC_APB2PeriphResetCmd)
    RCC_BackupResetCmd                       0x08006391   Thumb Code     6  stm32f10x_rcc.o(i.RCC_BackupResetCmd)
    RCC_ClearFlag                            0x0800639d   Thumb Code    14  stm32f10x_rcc.o(i.RCC_ClearFlag)
    RCC_Configuration                        0x080063b1   Thumb Code   166  main.o(i.RCC_Configuration)
    RCC_DeInit                               0x0800645d   Thumb Code    78  stm32f10x_rcc.o(i.RCC_DeInit)
    RCC_GetClocksFreq                        0x080064b9   Thumb Code   374  stm32f10x_rcc.o(i.RCC_GetClocksFreq)
    RCC_GetFlagStatus                        0x08006645   Thumb Code    56  stm32f10x_rcc.o(i.RCC_GetFlagStatus)
    RCC_GetSYSCLKSource                      0x08006681   Thumb Code    10  stm32f10x_rcc.o(i.RCC_GetSYSCLKSource)
    RCC_HCLKConfig                           0x08006691   Thumb Code    18  stm32f10x_rcc.o(i.RCC_HCLKConfig)
    RCC_HSEConfig                            0x080066a9   Thumb Code    70  stm32f10x_rcc.o(i.RCC_HSEConfig)
    RCC_HSICmd                               0x080066f5   Thumb Code     6  stm32f10x_rcc.o(i.RCC_HSICmd)
    RCC_LSICmd                               0x08006701   Thumb Code     6  stm32f10x_rcc.o(i.RCC_LSICmd)
    RCC_PCLK1Config                          0x0800670d   Thumb Code    18  stm32f10x_rcc.o(i.RCC_PCLK1Config)
    RCC_PCLK2Config                          0x08006725   Thumb Code    20  stm32f10x_rcc.o(i.RCC_PCLK2Config)
    RCC_RTCCLKCmd                            0x0800673d   Thumb Code     6  stm32f10x_rcc.o(i.RCC_RTCCLKCmd)
    RCC_RTCCLKConfig                         0x08006749   Thumb Code    12  stm32f10x_rcc.o(i.RCC_RTCCLKConfig)
    RCC_SYSCLKConfig                         0x08006759   Thumb Code    18  stm32f10x_rcc.o(i.RCC_SYSCLKConfig)
    RCC_WaitForHSEStartUp                    0x08006771   Thumb Code    56  stm32f10x_rcc.o(i.RCC_WaitForHSEStartUp)
    RTC_ClearITPendingBit                    0x080067a9   Thumb Code    12  stm32f10x_rtc.o(i.RTC_ClearITPendingBit)
    RTC_Configuration                        0x080067b9   Thumb Code    84  main.o(i.RTC_Configuration)
    RTC_EnterConfigMode                      0x0800680d   Thumb Code    14  stm32f10x_rtc.o(i.RTC_EnterConfigMode)
    RTC_ExitConfigMode                       0x08006821   Thumb Code    16  stm32f10x_rtc.o(i.RTC_ExitConfigMode)
    RTC_GetCounter                           0x08006835   Thumb Code    16  stm32f10x_rtc.o(i.RTC_GetCounter)
    RTC_GetITStatus                          0x08006849   Thumb Code    32  stm32f10x_rtc.o(i.RTC_GetITStatus)
    RTC_IRQHandler                           0x0800686d   Thumb Code   154  stm32f10x_it.o(i.RTC_IRQHandler)
    RTC_ITConfig                             0x0800691d   Thumb Code    26  stm32f10x_rtc.o(i.RTC_ITConfig)
    RTC_SetCounter                           0x0800693d   Thumb Code    24  stm32f10x_rtc.o(i.RTC_SetCounter)
    RTC_SetPrescaler                         0x08006959   Thumb Code    26  stm32f10x_rtc.o(i.RTC_SetPrescaler)
    RTC_WaitForLastTask                      0x08006979   Thumb Code    16  stm32f10x_rtc.o(i.RTC_WaitForLastTask)
    RTC_WaitForSynchro                       0x0800698d   Thumb Code    30  stm32f10x_rtc.o(i.RTC_WaitForSynchro)
    STMFLASH_Read                            0x080069b1   Thumb Code    34  app_flash.o(i.STMFLASH_Read)
    STMFLASH_ReadHalfWord                    0x080069d3   Thumb Code     6  app_flash.o(i.STMFLASH_ReadHalfWord)
    STMFLASH_Write                           0x080069d9   Thumb Code   222  app_flash.o(i.STMFLASH_Write)
    STMFLASH_Write_NoCheck                   0x08006ac1   Thumb Code    38  app_flash.o(i.STMFLASH_Write_NoCheck)
    SVC_Handler                              0x08006ae7   Thumb Code     2  stm32f10x_it.o(i.SVC_Handler)
    SetTimer                                 0x08006c01   Thumb Code    32  uhf_125k.o(i.SetTimer)
    StringGetLength                          0x08006c35   Thumb Code    18  app_command.o(i.StringGetLength)
    SysTick_CLKSourceConfig                  0x08006c47   Thumb Code    40  misc.o(i.SysTick_CLKSourceConfig)
    SysTick_Configuration                    0x08006c71   Thumb Code    82  main.o(i.SysTick_Configuration)
    SysTick_Handler                          0x08006ccd   Thumb Code    18  stm32f10x_it.o(i.SysTick_Handler)
    SystemInit                               0x08006ce5   Thumb Code    84  system_stm32f10x.o(i.SystemInit)
    TIM2_IRQHandler                          0x08006d45   Thumb Code    38  stm32f10x_it.o(i.TIM2_IRQHandler)
    TIM_ARRPreloadConfig                     0x08006d71   Thumb Code    24  stm32f10x_tim.o(i.TIM_ARRPreloadConfig)
    TIM_ClearITPendingBit                    0x08006d89   Thumb Code     6  stm32f10x_tim.o(i.TIM_ClearITPendingBit)
    TIM_Cmd                                  0x08006d8f   Thumb Code    24  stm32f10x_tim.o(i.TIM_Cmd)
    TIM_Configuration                        0x08006da9   Thumb Code   222  drv_time.o(i.TIM_Configuration)
    TIM_CtrlPWMOutputs                       0x08006e8d   Thumb Code    30  stm32f10x_tim.o(i.TIM_CtrlPWMOutputs)
    TIM_GetCounter                           0x08006eab   Thumb Code     6  stm32f10x_tim.o(i.TIM_GetCounter)
    TIM_GetITStatus                          0x08006eb1   Thumb Code    34  stm32f10x_tim.o(i.TIM_GetITStatus)
    TIM_ITConfig                             0x08006ed3   Thumb Code    18  stm32f10x_tim.o(i.TIM_ITConfig)
    TIM_OC1Init                              0x08006ee5   Thumb Code   110  stm32f10x_tim.o(i.TIM_OC1Init)
    TIM_OC1PreloadConfig                     0x08006f5d   Thumb Code    18  stm32f10x_tim.o(i.TIM_OC1PreloadConfig)
    TIM_OC2Init                              0x08006f71   Thumb Code   148  stm32f10x_tim.o(i.TIM_OC2Init)
    TIM_OC2PreloadConfig                     0x0800700d   Thumb Code    26  stm32f10x_tim.o(i.TIM_OC2PreloadConfig)
    TIM_OC3Init                              0x08007029   Thumb Code   144  stm32f10x_tim.o(i.TIM_OC3Init)
    TIM_OC3PreloadConfig                     0x080070c1   Thumb Code    18  stm32f10x_tim.o(i.TIM_OC3PreloadConfig)
    TIM_SetCounter                           0x080070d3   Thumb Code     4  stm32f10x_tim.o(i.TIM_SetCounter)
    TIM_TimeBaseInit                         0x080070d9   Thumb Code    50  stm32f10x_tim.o(i.TIM_TimeBaseInit)
    Test_Write                               0x08007115   Thumb Code    16  app_flash.o(i.Test_Write)
    USART2_Config                            0x08007125   Thumb Code   164  drv_serial.o(i.USART2_Config)
    USART2_IRQHandler                        0x080071d1   Thumb Code    68  drv_serial.o(i.USART2_IRQHandler)
    USART_ClearITPendingBit                  0x08007221   Thumb Code    30  stm32f10x_usart.o(i.USART_ClearITPendingBit)
    USART_Cmd                                0x0800723f   Thumb Code    24  stm32f10x_usart.o(i.USART_Cmd)
    USART_Configuration                      0x08007259   Thumb Code    58  main.o(i.USART_Configuration)
    USART_GetFlagStatus                      0x08007299   Thumb Code    26  stm32f10x_usart.o(i.USART_GetFlagStatus)
    USART_GetITStatus                        0x080072b3   Thumb Code    84  stm32f10x_usart.o(i.USART_GetITStatus)
    USART_ITConfig                           0x08007307   Thumb Code    74  stm32f10x_usart.o(i.USART_ITConfig)
    USART_Init                               0x08007351   Thumb Code   156  stm32f10x_usart.o(i.USART_Init)
    USART_ReceiveData                        0x080073f1   Thumb Code    10  stm32f10x_usart.o(i.USART_ReceiveData)
    USART_SendData                           0x080073fb   Thumb Code     8  stm32f10x_usart.o(i.USART_SendData)
    USER_Configuration                       0x08007405   Thumb Code   404  uhf_125k.o(i.USER_Configuration)
    UhfRevData_First                         0x08007615   Thumb Code   342  uhf_125k.o(i.UhfRevData_First)
    UsageFault_Handler                       0x0800777d   Thumb Code     4  stm32f10x_it.o(i.UsageFault_Handler)
    ValueRange                               0x08007781   Thumb Code    30  uhf_125k.o(i.ValueRange)
    WaitSendCANLamp                          0x080077a1   Thumb Code    32  uhf_125k.o(i.WaitSendCANLamp)
    _delay_us                                0x080077cd   Thumb Code    20  drv_spi.o(i._delay_us)
    _is_digit                                0x080077e1   Thumb Code    14  __printf_wp.o(i._is_digit)
    _sys_exit                                0x080077ef   Thumb Code     6  drv_serial.o(i._sys_exit)
    bGoRx                                    0x080077f5   Thumb Code   134  drv_cmt2300.o(i.bGoRx)
    bGoSleep                                 0x08007889   Thumb Code    38  drv_cmt2300.o(i.bGoSleep)
    bGoStandby                               0x080078b1   Thumb Code    68  drv_cmt2300.o(i.bGoStandby)
    bIntSrcFlagClr                           0x080078fd   Thumb Code   190  drv_cmt2300.o(i.bIntSrcFlagClr)
    bSpi3Read                                0x080079bd   Thumb Code    46  drv_spi.o(i.bSpi3Read)
    bSpi3ReadByte                            0x080079f1   Thumb Code   116  drv_spi.o(i.bSpi3ReadByte)
    debug_Func                               0x08007a69   Thumb Code    16  app_iap.o(i.debug_Func)
    fputc                                    0x08007aa9   Thumb Code    24  drv_serial.o(i.fputc)
    iap_Func                                 0x08007ac5   Thumb Code    90  app_iap.o(i.iap_Func)
    main                                     0x08007b35   Thumb Code   168  main.o(i.main)
    uartRx_SyncByte                          0x08007be9   Thumb Code    94  app_uart.o(i.uartRx_SyncByte)
    vAfterCfg                                0x08007c5d   Thumb Code    70  drv_cmt2300.o(i.vAfterCfg)
    vCfgBank                                 0x08007cb5   Thumb Code    30  drv_cmt2300.o(i.vCfgBank)
    vEnableRdFifo                            0x08007cd5   Thumb Code    42  drv_cmt2300.o(i.vEnableRdFifo)
    vGpioFuncCfg                             0x08007d05   Thumb Code    14  drv_cmt2300.o(i.vGpioFuncCfg)
    vInit                                    0x08007d15   Thumb Code    44  drv_cmt2300.o(i.vInit)
    vInitRadio                               0x08007d45   Thumb Code   128  drv_cmt2300.o(i.vInitRadio)
    vSetPayloadLength                        0x08007de9   Thumb Code    90  drv_cmt2300.o(i.vSetPayloadLength)
    vSoftReset                               0x08007e49   Thumb Code    18  drv_cmt2300.o(i.vSoftReset)
    vSpi3Init                                0x08007e5d   Thumb Code    58  drv_spi.o(i.vSpi3Init)
    vSpi3Write                               0x08007e9d   Thumb Code    38  drv_spi.o(i.vSpi3Write)
    vSpi3WriteByte                           0x08007ec9   Thumb Code   154  drv_spi.o(i.vSpi3WriteByte)
    Lavida_LFData_Open                       0x08007f68   Data          23  uhf_125k.o(.constdata)
    CarGetWindowLQ                           0x08007f80   Data          20  uhf_125k.o(.constdata)
    CarGetWindowRQ                           0x08007f94   Data          20  uhf_125k.o(.constdata)
    CarGetWindowLH                           0x08007fa8   Data          20  uhf_125k.o(.constdata)
    CarGetWindowRH                           0x08007fbc   Data          20  uhf_125k.o(.constdata)
    CarGetlonkmode                           0x08007fd0   Data          20  uhf_125k.o(.constdata)
    ConstCanCmdLock                          0x08007fe4   Data          20  uhf_125k.o(.constdata)
    ConstCanCmdUpWin_F                       0x08007ff8   Data          20  uhf_125k.o(.constdata)
    ConstCanCmdlockAccOFF1                   0x0800800c   Data          20  uhf_125k.o(.constdata)
    ConstCanCmdlockAccOFF2                   0x08008020   Data          20  uhf_125k.o(.constdata)
    ConstCanCmdlockAccOFF3                   0x08008034   Data          20  uhf_125k.o(.constdata)
    ConstCanCmdlockAccOFF4                   0x08008048   Data          20  uhf_125k.o(.constdata)
    ConstCanCmdHorn                          0x0800805c   Data          20  uhf_125k.o(.constdata)
    ConstCanCmdHorn1                         0x08008070   Data          20  uhf_125k.o(.constdata)
    ConstCanCmdHorn0                         0x08008084   Data          20  uhf_125k.o(.constdata)
    ConstCanCmdHorn2                         0x08008098   Data          20  uhf_125k.o(.constdata)
    ConstCanCmdALARM                         0x080080ac   Data          20  uhf_125k.o(.constdata)
    ConstCanCmdUnLock                        0x080080c0   Data          20  uhf_125k.o(.constdata)
    ConstCanCmdCloseGlass                    0x080080d4   Data          20  uhf_125k.o(.constdata)
    ConstCanCmdOpenGlass                     0x080080e8   Data          20  uhf_125k.o(.constdata)
    ConstCanCmdLamp                          0x080080fc   Data          20  uhf_125k.o(.constdata)
    ConstCarCMDOBDSKY1                       0x08008110   Data          20  uhf_125k.o(.constdata)
    ConstCarCMDOBDSKY2                       0x08008124   Data          20  uhf_125k.o(.constdata)
    ConstCarCmdCloseSKY                      0x08008138   Data          20  uhf_125k.o(.constdata)
    ConstCarCmdDoorPWR                       0x0800814c   Data          20  uhf_125k.o(.constdata)
    ConstCanCmdlight                         0x08008160   Data          20  uhf_125k.o(.constdata)
    caution_light_data4                      0x08008174   Data          20  uhf_125k.o(.constdata)
    caution_light_data5                      0x08008188   Data          20  uhf_125k.o(.constdata)
    off_light                                0x0800819c   Data          20  uhf_125k.o(.constdata)
    cmd_unlock_data                          0x080081b0   Data          20  uhf_125k.o(.constdata)
    cmd_lock_data                            0x080081c4   Data          20  uhf_125k.o(.constdata)
    ConstCanCarLFBACK                        0x080081d8   Data          20  uhf_125k.o(.constdata)
    CarChargingState                         0x080081ec   Data          20  uhf_125k.o(.constdata)
    cmd_into_security                        0x08008200   Data          20  uhf_125k.o(.constdata)
    cmd_outo_security                        0x08008214   Data          20  uhf_125k.o(.constdata)
    cmd_outo1_security                       0x08008228   Data          20  uhf_125k.o(.constdata)
    cmd_Set_light                            0x0800823c   Data          20  uhf_125k.o(.constdata)
    cmd_Set_light0                           0x08008250   Data          20  uhf_125k.o(.constdata)
    cmd_POWEROFF0                            0x08008264   Data          20  uhf_125k.o(.constdata)
    cmd_POWEROFF1                            0x08008278   Data          20  uhf_125k.o(.constdata)
    cmd_POWEROFF2                            0x0800828c   Data          20  uhf_125k.o(.constdata)
    cmd_POWEROFF3                            0x080082a0   Data          20  uhf_125k.o(.constdata)
    cmd_POWEROFF4                            0x080082b4   Data          20  uhf_125k.o(.constdata)
    cmd_POWEROFF5                            0x080082c8   Data          20  uhf_125k.o(.constdata)
    cmd_POWEROFF6                            0x080082dc   Data          20  uhf_125k.o(.constdata)
    cmd_POWEROFF7                            0x080082f0   Data          20  uhf_125k.o(.constdata)
    cmd_POWEROFF8                            0x08008304   Data          20  uhf_125k.o(.constdata)
    CrcTable                                 0x08008318   Data         256  uhf_125k.o(.constdata)
    BasePlus                                 0x08008418   Data          50  uhf_125k.o(.constdata)
    Region$$Table$$Base                      0x08008484   Number         0  anon$$obj.o(Region$$Table)
    Region$$Table$$Limit                     0x080084a4   Number         0  anon$$obj.o(Region$$Table)
    FixedPktLength                           0x20000014   Data           1  drv_cmt2300.o(.data)
    PayloadLength                            0x20000015   Data           1  drv_cmt2300.o(.data)
    PktRssi                                  0x20000016   Data           1  drv_cmt2300.o(.data)
    PktRssiCode                              0x20000017   Data           1  drv_cmt2300.o(.data)
    PktRevError                              0x20000018   Data           1  drv_cmt2300.o(.data)
    RssiTrig                                 0x20000019   Data           1  drv_cmt2300.o(.data)
    FhssLockTrig                             0x2000001a   Data           1  drv_cmt2300.o(.data)
    FhssLockChannel                          0x2000001b   Data           1  drv_cmt2300.o(.data)
    RssiPeakLock                             0x2000001c   Data           1  drv_cmt2300.o(.data)
    FhssPeakChannel                          0x2000001d   Data           1  drv_cmt2300.o(.data)
    FhssChannelRange                         0x2000001e   Data           1  drv_cmt2300.o(.data)
    FhssChannel                              0x2000001f   Data           1  drv_cmt2300.o(.data)
    FhssRssiAvg                              0x20000020   Data           4  drv_cmt2300.o(.data)
    FhssRssiTH                               0x20000024   Data           1  drv_cmt2300.o(.data)
    SleepTimerM                              0x20000026   Data           2  drv_cmt2300.o(.data)
    SleepTimerR                              0x20000028   Data           1  drv_cmt2300.o(.data)
    RxTimerT1M                               0x2000002a   Data           2  drv_cmt2300.o(.data)
    RxTimerT1R                               0x2000002c   Data           1  drv_cmt2300.o(.data)
    RxTimerT2M                               0x2000002e   Data           2  drv_cmt2300.o(.data)
    RxTimerT2R                               0x20000030   Data           1  drv_cmt2300.o(.data)
    TxPktNum                                 0x20000031   Data           1  drv_cmt2300.o(.data)
    TxPktGap                                 0x20000032   Data           1  drv_cmt2300.o(.data)
    PJDSel                                   0x20000033   Data           1  drv_cmt2300.o(.data)
    DutyCycleMode                            0x20000034   Data           1  drv_cmt2300.o(.data)
    DetectMode                               0x20000035   Data           1  drv_cmt2300.o(.data)
    RxExtendMode                             0x20000036   Data           1  drv_cmt2300.o(.data)
    RxExitState                              0x20000037   Data           1  drv_cmt2300.o(.data)
    TxExitState                              0x20000038   Data           1  drv_cmt2300.o(.data)
    RssiTrigLevel                            0x20000039   Data           1  drv_cmt2300.o(.data)
    PreambleRxDetect                         0x2000003a   Data           1  drv_cmt2300.o(.data)
    FreqString                               0x2000003b   Data          16  drv_cmt2300.o(.data)
    BRnDevString                             0x2000004b   Data          16  drv_cmt2300.o(.data)
    PowerString                              0x2000005b   Data          17  drv_cmt2300.o(.data)
    CMTBank_OOK                              0x2000006c   Data          24  drv_cmt2300.o(.data)
    SystemBank_OOK                           0x20000084   Data          24  drv_cmt2300.o(.data)
    FrequencyBank_OOK_433_20                 0x2000009c   Data          16  drv_cmt2300.o(.data)
    DataRateBank_OOK                         0x200000ac   Data          48  drv_cmt2300.o(.data)
    BasebandBank_OOK                         0x200000dc   Data          58  drv_cmt2300.o(.data)
    TXBank_OOK                               0x20000116   Data          22  drv_cmt2300.o(.data)
    FrequencyBank_OOK434_65                  0x2000012c   Data          16  drv_cmt2300.o(.data)
    CMTBank                                  0x2000013c   Data          24  drv_cmt2300.o(.data)
    SystemBank                               0x20000154   Data          24  drv_cmt2300.o(.data)
    FrequencyBank_433_20                     0x2000016c   Data          16  drv_cmt2300.o(.data)
    DataRateBank                             0x2000017c   Data          48  drv_cmt2300.o(.data)
    BasebandBank                             0x200001ac   Data          58  drv_cmt2300.o(.data)
    TXBank                                   0x200001e6   Data          22  drv_cmt2300.o(.data)
    FrequencyBank434_65                      0x200001fc   Data          16  drv_cmt2300.o(.data)
    __stdout                                 0x2000020c   Data           4  drv_serial.o(.data)
    EventFlag                                0x20000210   Data           1  main.o(.data)
    TimingDelay                              0x20000214   Data           4  main.o(.data)
    RTCValue                                 0x20000218   Data           4  uhf_125k.o(.data)
    TIM2flag                                 0x2000021c   Data           1  uhf_125k.o(.data)
    IDEventFlag                              0x2000021d   Data           7  uhf_125k.o(.data)
    OnTimeFlag                               0x20000224   Data           7  uhf_125k.o(.data)
    RTCDisableFlag                           0x2000022b   Data           1  uhf_125k.o(.data)
    door                                     0x2000022c   Data           1  uhf_125k.o(.data)
    CarPower                                 0x2000022d   Data           1  uhf_125k.o(.data)
    AllowCloseUpwinFlag                      0x2000022e   Data           1  uhf_125k.o(.data)
    ChangeRevMode                            0x2000022f   Data           1  uhf_125k.o(.data)
    StudyTime                                0x20000230   Data           4  uhf_125k.o(.data)
    RevIndexTotal                            0x20000234   Data           1  uhf_125k.o(.data)
    CloseCount                               0x20000235   Data           1  uhf_125k.o(.data)
    IsLQWinOpen                              0x20000236   Data           1  uhf_125k.o(.data)
    IsLHWinOpen                              0x20000237   Data           1  uhf_125k.o(.data)
    IsRQWinOpen                              0x20000238   Data           1  uhf_125k.o(.data)
    IsRHWinOpen                              0x20000239   Data           1  uhf_125k.o(.data)
    IsSKYWinOpen                             0x2000023a   Data           1  uhf_125k.o(.data)
    CarIsLockFlag                            0x2000023b   Data           1  uhf_125k.o(.data)
    CarDoorOpenFlag                          0x2000023c   Data           1  uhf_125k.o(.data)
    PrvCarDoorOpenFlag                       0x2000023d   Data           1  uhf_125k.o(.data)
    ConnectFlag                              0x2000023e   Data           1  uhf_125k.o(.data)
    CarDWAActiveFlag                         0x2000023f   Data           1  uhf_125k.o(.data)
    Disable_lf_flag                          0x20000240   Data           1  uhf_125k.o(.data)
    Disable_lf                               0x20000241   Data           1  uhf_125k.o(.data)
    Disable_lf_car_flag                      0x20000242   Data           1  uhf_125k.o(.data)
    Disable_lf_unlock                        0x20000243   Data           1  uhf_125k.o(.data)
    Disable_win                              0x20000244   Data           1  uhf_125k.o(.data)
    Disable_hron                             0x20000245   Data           1  uhf_125k.o(.data)
    Disable_ANIT                             0x20000246   Data           1  uhf_125k.o(.data)
    AllowWriteFlag                           0x20000247   Data           1  uhf_125k.o(.data)
    FD_OPEN_flag                             0x20000248   Data           1  uhf_125k.o(.data)
    AlarmOpen_flag                           0x20000249   Data           1  uhf_125k.o(.data)
    DoorHron_flag                            0x2000024a   Data           1  uhf_125k.o(.data)
    OPEN_ANIT                                0x2000024b   Data           1  uhf_125k.o(.data)
    LOCKMODEFLAG                             0x2000024c   Data           1  uhf_125k.o(.data)
    LFPowerOff_doorclose                     0x2000024d   Data           1  uhf_125k.o(.data)
    HronSelFlag                              0x2000024e   Data           1  uhf_125k.o(.data)
    Disableglass                             0x2000024f   Data           1  uhf_125k.o(.data)
    DisablePoweroffOncharg                   0x20000250   Data           1  uhf_125k.o(.data)
    CarLFFlagBcak                            0x20000251   Data           1  uhf_125k.o(.data)
    FindRMLFFlag                             0x20000252   Data           1  uhf_125k.o(.data)
    BACKLFOPENFLAG                           0x20000253   Data           1  uhf_125k.o(.data)
    ENCarLFFlag                              0x20000254   Data           1  uhf_125k.o(.data)
    IsLqdooropen                             0x20000255   Data           1  uhf_125k.o(.data)
    Isenginestartf                           0x20000256   Data           1  uhf_125k.o(.data)
    ResStart                                 0x20000257   Data           1  uhf_125k.o(.data)
    preremote                                0x20000258   Data           1  uhf_125k.o(.data)
    CarFindRemoteCnt                         0x20000259   Data           1  uhf_125k.o(.data)
    MCUID                                    0x2000025a   Data           4  uhf_125k.o(.data)
    TboxCnt                                  0x2000025e   Data           1  uhf_125k.o(.data)
    doordata                                 0x2000025f   Data           1  uhf_125k.o(.data)
    prvdoordata                              0x20000260   Data           1  uhf_125k.o(.data)
    LFPrvdoordata                            0x20000261   Data           1  uhf_125k.o(.data)
    button_counter                           0x20000264   Data           4  uhf_125k.o(.data)
    prvTmp_button                            0x20000268   Data           2  uhf_125k.o(.data)
    DoorOpenLfcount                          0x2000026a   Data           2  uhf_125k.o(.data)
    DoorOpenNoLfcount                        0x2000026c   Data           1  uhf_125k.o(.data)
    Lockedf                                  0x2000026d   Data           1  uhf_125k.o(.data)
    DoorHoncount                             0x2000026e   Data           1  uhf_125k.o(.data)
    UnfindRemoteCount                        0x2000026f   Data           1  uhf_125k.o(.data)
    FindRemoteCount                          0x20000270   Data           1  uhf_125k.o(.data)
    q_Remotedata                             0x20000271   Data           1  uhf_125k.o(.data)
    q_Remoteunlockcnt                        0x20000272   Data           1  uhf_125k.o(.data)
    DoorOpenLFsleep                          0x20000273   Data           1  uhf_125k.o(.data)
    config_flag                              0x20000274   Data           4  uhf_125k.o(.data)
    config_flagtemp                          0x20000278   Data           4  uhf_125k.o(.data)
    configflag                               0x2000027c   Data           8  uhf_125k.o(.data)
    configflagtemp                           0x20000284   Data           8  uhf_125k.o(.data)
    LFData_StARTID                           0x2000028c   Data          14  uhf_125k.o(.data)
    LFData_StartR1                           0x2000029a   Data          20  uhf_125k.o(.data)
    LFData_Open                              0x200002ae   Data          27  uhf_125k.o(.data)
    LFData_Open1                             0x200002c9   Data          27  uhf_125k.o(.data)
    LFData_Open2                             0x200002e4   Data          27  uhf_125k.o(.data)
    CanTxTmp                                 0x20000300   Data          20  uhf_125k.o(.data)
    CanCmdCart                               0x20000314   Data          20  uhf_125k.o(.data)
    CanCmdLamp1                              0x20000328   Data          20  uhf_125k.o(.data)
    engine_state                             0x2000033c   Data          20  uhf_125k.o(.data)
    CanCmdlight                              0x20000350   Data          20  uhf_125k.o(.data)
    ConstCanCmdCarLFSEND                     0x20000364   Data          20  uhf_125k.o(.data)
    CarGetRemote                             0x20000378   Data          20  uhf_125k.o(.data)
    CarGetWindowSKY                          0x2000038c   Data          20  uhf_125k.o(.data)
    CanGetDoorstate                          0x200003a0   Data          20  uhf_125k.o(.data)
    CanGetNumKey                             0x200003b4   Data          20  uhf_125k.o(.data)
    CanGetAccState                           0x200003c8   Data          20  uhf_125k.o(.data)
    CarGetCarLockState                       0x200003dc   Data          20  uhf_125k.o(.data)
    CarGetCarTbox                            0x200003f0   Data          20  uhf_125k.o(.data)
    CarCmdAntiTheft                          0x20000404   Data          20  uhf_125k.o(.data)
    CarFd                                    0x20000418   Data          20  uhf_125k.o(.data)
    secnedflag                               0x2000042c   Data           1  uhf_125k.o(.data)
    CarFindRemoteFlag                        0x2000042d   Data           1  uhf_125k.o(.data)
    FindRemoteFlag                           0x2000042e   Data           1  uhf_125k.o(.data)
    lfsendcount                              0x20000430   Data           4  uhf_125k.o(.data)
    carlfcnt                                 0x20000434   Data           1  uhf_125k.o(.data)
    gu8PCconnect                             0x20000438   Data           1  app_command.o(.data)
    gu8commandLength1                        0x20000439   Data           1  app_command.o(.data)
    gu8commandLength2                        0x2000043a   Data           1  app_command.o(.data)
    commandStringList                        0x2000043b   Data         200  app_command.o(.data)
    Command_Proc_Func_Table                  0x20000504   Data          16  app_command.o(.data)
    Debug_flag                               0x20000514   Data           1  app_iap.o(.data)
    jump2iap                                 0x20000518   Data           4  app_iap.o(.data)
    RxCounter                                0x2000051c   Data           1  app_uart.o(.data)
    uartRxByte                               0x2000051d   Data           1  app_uart.o(.data)
    uartRxStep                               0x2000051e   Data           1  app_uart.o(.data)
    uartRxBufPos                             0x2000051f   Data           1  app_uart.o(.data)
    uartRxDataLen                            0x20000520   Data           1  app_uart.o(.data)
    uartRxCirQueGet                          0x20000521   Data           1  app_uart.o(.data)
    TxCounter                                0x20000522   Data           1  app_uart.o(.data)
    TxByte                                   0x20000523   Data           1  app_uart.o(.data)
    UartTxCounter                            0x20000524   Data           1  app_uart.o(.data)
    ElapseTime                               0x20000528   Data          28  uhf_125k.o(.bss)
    ElapseTimeEnd                            0x20000544   Data          28  uhf_125k.o(.bss)
    RxMessage                                0x20000560   Data          20  uhf_125k.o(.bss)
    Data                                     0x20000574   Data          64  uhf_125k.o(.bss)
    DataPlus                                 0x200005b4   Data         426  uhf_125k.o(.bss)
    STMFLASH_BUF                             0x2000075e   Data        1024  app_flash.o(.bss)
    commandStringBuffer                      0x20000b5e   Data         250  app_command.o(.bss)
    RxBuffer                                 0x20000c58   Data         250  app_uart.o(.bss)
    uartRxBuf                                0x20000d52   Data         250  app_uart.o(.bss)
    TxBuffer                                 0x20000e4c   Data         250  app_uart.o(.bss)
    __libspace_start                         0x20000f48   Data          96  libspace.o(.bss)
    __temporary_stack_top$libspace           0x20000fa8   Data           0  libspace.o(.bss)



==============================================================================

Memory Map of the image

  Image Entry point : 0x08003151

  Load Region LR_IROM1 (Base: 0x08003000, Size: 0x000059cc, Max: 0x00040000, ABSOLUTE, COMPRESSED[0x00005740])

    Execution Region ER_IROM1 (Exec base: 0x08003000, Load base: 0x08003000, Size: 0x000054a4, Max: 0x00040000, ABSOLUTE)

    Exec Addr    Load Addr    Size         Type   Attr      Idx    E Section Name        Object

    0x08003000   0x08003000   0x00000150   Data   RO            3    RESET               startup_stm32f10x_cl.o
    0x08003150   0x08003150   0x00000008   Code   RO         3172  * !!!main             c_w.l(__main.o)
    0x08003158   0x08003158   0x00000034   Code   RO         3344    !!!scatter          c_w.l(__scatter.o)
    0x0800318c   0x0800318c   0x0000005a   Code   RO         3342    !!dczerorl2         c_w.l(__dczerorl2.o)
    0x080031e6   0x080031e6   0x00000002   PAD
    0x080031e8   0x080031e8   0x0000001c   Code   RO         3346    !!handler_zi        c_w.l(__scatter_zi.o)
    0x08003204   0x08003204   0x00000000   Code   RO         3163    .ARM.Collect$$_printf_percent$$00000000  c_w.l(_printf_percent.o)
    0x08003204   0x08003204   0x00000006   Code   RO         3162    .ARM.Collect$$_printf_percent$$00000009  c_w.l(_printf_d.o)
    0x0800320a   0x0800320a   0x00000006   Code   RO         3161    .ARM.Collect$$_printf_percent$$0000000C  c_w.l(_printf_x.o)
    0x08003210   0x08003210   0x00000006   Code   RO         3160    .ARM.Collect$$_printf_percent$$00000014  c_w.l(_printf_s.o)
    0x08003216   0x08003216   0x00000004   Code   RO         3183    .ARM.Collect$$_printf_percent$$00000017  c_w.l(_printf_percent_end.o)
    0x0800321a   0x0800321a   0x00000002   Code   RO         3216    .ARM.Collect$$libinit$$00000000  c_w.l(libinit.o)
    0x0800321c   0x0800321c   0x00000000   Code   RO         3223    .ARM.Collect$$libinit$$00000002  c_w.l(libinit2.o)
    0x0800321c   0x0800321c   0x00000000   Code   RO         3225    .ARM.Collect$$libinit$$00000004  c_w.l(libinit2.o)
    0x0800321c   0x0800321c   0x00000000   Code   RO         3228    .ARM.Collect$$libinit$$0000000A  c_w.l(libinit2.o)
    0x0800321c   0x0800321c   0x00000000   Code   RO         3230    .ARM.Collect$$libinit$$0000000C  c_w.l(libinit2.o)
    0x0800321c   0x0800321c   0x00000000   Code   RO         3232    .ARM.Collect$$libinit$$0000000E  c_w.l(libinit2.o)
    0x0800321c   0x0800321c   0x00000000   Code   RO         3235    .ARM.Collect$$libinit$$00000011  c_w.l(libinit2.o)
    0x0800321c   0x0800321c   0x00000000   Code   RO         3237    .ARM.Collect$$libinit$$00000013  c_w.l(libinit2.o)
    0x0800321c   0x0800321c   0x00000000   Code   RO         3239    .ARM.Collect$$libinit$$00000015  c_w.l(libinit2.o)
    0x0800321c   0x0800321c   0x00000000   Code   RO         3241    .ARM.Collect$$libinit$$00000017  c_w.l(libinit2.o)
    0x0800321c   0x0800321c   0x00000000   Code   RO         3243    .ARM.Collect$$libinit$$00000019  c_w.l(libinit2.o)
    0x0800321c   0x0800321c   0x00000000   Code   RO         3245    .ARM.Collect$$libinit$$0000001B  c_w.l(libinit2.o)
    0x0800321c   0x0800321c   0x00000000   Code   RO         3247    .ARM.Collect$$libinit$$0000001D  c_w.l(libinit2.o)
    0x0800321c   0x0800321c   0x00000000   Code   RO         3249    .ARM.Collect$$libinit$$0000001F  c_w.l(libinit2.o)
    0x0800321c   0x0800321c   0x00000000   Code   RO         3251    .ARM.Collect$$libinit$$00000021  c_w.l(libinit2.o)
    0x0800321c   0x0800321c   0x00000000   Code   RO         3253    .ARM.Collect$$libinit$$00000023  c_w.l(libinit2.o)
    0x0800321c   0x0800321c   0x00000000   Code   RO         3255    .ARM.Collect$$libinit$$00000025  c_w.l(libinit2.o)
    0x0800321c   0x0800321c   0x00000000   Code   RO         3259    .ARM.Collect$$libinit$$0000002C  c_w.l(libinit2.o)
    0x0800321c   0x0800321c   0x00000000   Code   RO         3261    .ARM.Collect$$libinit$$0000002E  c_w.l(libinit2.o)
    0x0800321c   0x0800321c   0x00000000   Code   RO         3263    .ARM.Collect$$libinit$$00000030  c_w.l(libinit2.o)
    0x0800321c   0x0800321c   0x00000000   Code   RO         3265    .ARM.Collect$$libinit$$00000032  c_w.l(libinit2.o)
    0x0800321c   0x0800321c   0x00000002   Code   RO         3266    .ARM.Collect$$libinit$$00000033  c_w.l(libinit2.o)
    0x0800321e   0x0800321e   0x00000002   Code   RO         3284    .ARM.Collect$$libshutdown$$00000000  c_w.l(libshutdown.o)
    0x08003220   0x08003220   0x00000000   Code   RO         3294    .ARM.Collect$$libshutdown$$00000002  c_w.l(libshutdown2.o)
    0x08003220   0x08003220   0x00000000   Code   RO         3296    .ARM.Collect$$libshutdown$$00000004  c_w.l(libshutdown2.o)
    0x08003220   0x08003220   0x00000000   Code   RO         3299    .ARM.Collect$$libshutdown$$00000007  c_w.l(libshutdown2.o)
    0x08003220   0x08003220   0x00000000   Code   RO         3302    .ARM.Collect$$libshutdown$$0000000A  c_w.l(libshutdown2.o)
    0x08003220   0x08003220   0x00000000   Code   RO         3304    .ARM.Collect$$libshutdown$$0000000C  c_w.l(libshutdown2.o)
    0x08003220   0x08003220   0x00000000   Code   RO         3307    .ARM.Collect$$libshutdown$$0000000F  c_w.l(libshutdown2.o)
    0x08003220   0x08003220   0x00000002   Code   RO         3308    .ARM.Collect$$libshutdown$$00000010  c_w.l(libshutdown2.o)
    0x08003222   0x08003222   0x00000000   Code   RO         3176    .ARM.Collect$$rtentry$$00000000  c_w.l(__rtentry.o)
    0x08003222   0x08003222   0x00000000   Code   RO         3185    .ARM.Collect$$rtentry$$00000002  c_w.l(__rtentry2.o)
    0x08003222   0x08003222   0x00000006   Code   RO         3197    .ARM.Collect$$rtentry$$00000004  c_w.l(__rtentry4.o)
    0x08003228   0x08003228   0x00000000   Code   RO         3187    .ARM.Collect$$rtentry$$00000009  c_w.l(__rtentry2.o)
    0x08003228   0x08003228   0x00000004   Code   RO         3188    .ARM.Collect$$rtentry$$0000000A  c_w.l(__rtentry2.o)
    0x0800322c   0x0800322c   0x00000000   Code   RO         3190    .ARM.Collect$$rtentry$$0000000C  c_w.l(__rtentry2.o)
    0x0800322c   0x0800322c   0x00000008   Code   RO         3191    .ARM.Collect$$rtentry$$0000000D  c_w.l(__rtentry2.o)
    0x08003234   0x08003234   0x00000002   Code   RO         3220    .ARM.Collect$$rtexit$$00000000  c_w.l(rtexit.o)
    0x08003236   0x08003236   0x00000000   Code   RO         3268    .ARM.Collect$$rtexit$$00000002  c_w.l(rtexit2.o)
    0x08003236   0x08003236   0x00000004   Code   RO         3269    .ARM.Collect$$rtexit$$00000003  c_w.l(rtexit2.o)
    0x0800323a   0x0800323a   0x00000006   Code   RO         3270    .ARM.Collect$$rtexit$$00000004  c_w.l(rtexit2.o)
    0x08003240   0x08003240   0x0000003c   Code   RO            4    .text               startup_stm32f10x_cl.o
    0x0800327c   0x0800327c   0x00000002   Code   RO         3105    .text               c_w.l(use_no_semi_2.o)
    0x0800327e   0x0800327e   0x00000002   PAD
    0x08003280   0x08003280   0x00000018   Code   RO         3109    .text               c_w.l(noretval__2printf.o)
    0x08003298   0x08003298   0x0000004e   Code   RO         3113    .text               c_w.l(_printf_pad.o)
    0x080032e6   0x080032e6   0x00000052   Code   RO         3115    .text               c_w.l(_printf_str.o)
    0x08003338   0x08003338   0x00000078   Code   RO         3117    .text               c_w.l(_printf_dec.o)
    0x080033b0   0x080033b0   0x00000058   Code   RO         3122    .text               c_w.l(_printf_hex_int.o)
    0x08003408   0x08003408   0x00000138   Code   RO         3152    .text               c_w.l(__printf_flags_wp.o)
    0x08003540   0x08003540   0x0000008a   Code   RO         3164    .text               c_w.l(rt_memcpy_v6.o)
    0x080035ca   0x080035ca   0x00000064   Code   RO         3166    .text               c_w.l(rt_memcpy_w.o)
    0x0800362e   0x0800362e   0x0000004e   Code   RO         3168    .text               c_w.l(rt_memclr_w.o)
    0x0800367c   0x0800367c   0x00000006   Code   RO         3170    .text               c_w.l(heapauxi.o)
    0x08003682   0x08003682   0x00000002   Code   RO         3174    .text               c_w.l(use_no_semi.o)
    0x08003684   0x08003684   0x000000b2   Code   RO         3177    .text               c_w.l(_printf_intcommon.o)
    0x08003736   0x08003736   0x0000002c   Code   RO         3179    .text               c_w.l(_printf_char.o)
    0x08003762   0x08003762   0x00000002   PAD
    0x08003764   0x08003764   0x00000024   Code   RO         3181    .text               c_w.l(_printf_char_file.o)
    0x08003788   0x08003788   0x00000030   Code   RO         3199    .text               c_w.l(_printf_char_common.o)
    0x080037b8   0x080037b8   0x00000008   Code   RO         3201    .text               c_w.l(ferror.o)
    0x080037c0   0x080037c0   0x0000004a   Code   RO         3205    .text               c_w.l(sys_stackheap_outer.o)
    0x0800380a   0x0800380a   0x00000012   Code   RO         3209    .text               c_w.l(exit.o)
    0x0800381c   0x0800381c   0x00000008   Code   RO         3217    .text               c_w.l(libspace.o)
    0x08003824   0x08003824   0x000000c0   Code   RO         2948    i.App_Command_Sever  app_command.o
    0x080038e4   0x080038e4   0x00000010   Code   RO          169    i.BKP_DeInit        stm32f10x_bkp.o
    0x080038f4   0x080038f4   0x00000004   Code   RO         2588    i.BusFault_Handler  stm32f10x_it.o
    0x080038f8   0x080038f8   0x00000428   Code   RO         2676    i.CAN1IrqFuc        uhf_125k.o
    0x08003d20   0x08003d20   0x00000008   Code   RO         2589    i.CAN1_RX0_IRQHandler  stm32f10x_it.o
    0x08003d28   0x08003d28   0x000001cc   Code   RO         2677    i.CAN2IrqFuc        uhf_125k.o
    0x08003ef4   0x08003ef4   0x00000008   Code   RO         2590    i.CAN2_RX0_IRQHandler  stm32f10x_it.o
    0x08003efc   0x08003efc   0x00000036   Code   RO         2678    i.CANSendData       uhf_125k.o
    0x08003f32   0x08003f32   0x00000002   PAD
    0x08003f34   0x08003f34   0x00000020   Code   RO         2679    i.CANSendDataConst  uhf_125k.o
    0x08003f54   0x08003f54   0x000002d0   Code   RO         1993    i.CAN_Configuration  drv_can.o
    0x08004224   0x08004224   0x00000038   Code   RO          249    i.CAN_DeInit        stm32f10x_can.o
    0x0800425c   0x0800425c   0x0000000e   Code   RO          250    i.CAN_FIFORelease   stm32f10x_can.o
    0x0800426a   0x0800426a   0x00000002   PAD
    0x0800426c   0x0800426c   0x00000108   Code   RO          251    i.CAN_FilterInit    stm32f10x_can.o
    0x08004374   0x08004374   0x00000012   Code   RO          254    i.CAN_ITConfig      stm32f10x_can.o
    0x08004386   0x08004386   0x00000114   Code   RO          255    i.CAN_Init          stm32f10x_can.o
    0x0800449a   0x0800449a   0x000000ea   Code   RO          257    i.CAN_Receive       stm32f10x_can.o
    0x08004584   0x08004584   0x00000126   Code   RO          261    i.CAN_Transmit      stm32f10x_can.o
    0x080046aa   0x080046aa   0x0000008e   Code   RO          262    i.CAN_TransmitStatus  stm32f10x_can.o
    0x08004738   0x08004738   0x00000024   Code   RO         2680    i.Cal_crc8          uhf_125k.o
    0x0800475c   0x0800475c   0x00000254   Code   RO         2682    i.CheckLfRemote     uhf_125k.o
    0x080049b0   0x080049b0   0x00000028   Code   RO         2683    i.CheckOnTime       uhf_125k.o
    0x080049d8   0x080049d8   0x00000128   Code   RO         2684    i.CheckconfigState  uhf_125k.o
    0x08004b00   0x08004b00   0x00000002   Code   RO         2591    i.DebugMon_Handler  stm32f10x_it.o
    0x08004b02   0x08004b02   0x00000002   PAD
    0x08004b04   0x08004b04   0x0000003c   Code   RO         2492    i.DelayXms          main.o
    0x08004b40   0x08004b40   0x0000000c   Code   RO         3021    i.Drv_UartQueSever  app_uart.o
    0x08004b4c   0x08004b4c   0x00000060   Code   RO         3022    i.Drv_uartRxQuePolling  app_uart.o
    0x08004bac   0x08004bac   0x00000078   Code   RO         3023    i.Drv_uartTxQuePolling  app_uart.o
    0x08004c24   0x08004c24   0x00000050   Code   RO          374    i.FLASH_ErasePage   stm32f10x_flash.o
    0x08004c74   0x08004c74   0x00000034   Code   RO          378    i.FLASH_GetStatus   stm32f10x_flash.o
    0x08004ca8   0x08004ca8   0x00000014   Code   RO          383    i.FLASH_Lock        stm32f10x_flash.o
    0x08004cbc   0x08004cbc   0x0000001c   Code   RO          384    i.FLASH_PrefetchBufferCmd  stm32f10x_flash.o
    0x08004cd8   0x08004cd8   0x00000044   Code   RO          385    i.FLASH_ProgramHalfWord  stm32f10x_flash.o
    0x08004d1c   0x08004d1c   0x00000068   Code   RO         2686    i.FLASH_ReadConfigflag  uhf_125k.o
    0x08004d84   0x08004d84   0x0000001a   Code   RO         2688    i.FLASH_ReadMoreWord  uhf_125k.o
    0x08004d9e   0x08004d9e   0x00000002   PAD
    0x08004da0   0x08004da0   0x00000068   Code   RO         2689    i.FLASH_ReadRemoteID  uhf_125k.o
    0x08004e08   0x08004e08   0x00000018   Code   RO          389    i.FLASH_SetLatency  stm32f10x_flash.o
    0x08004e20   0x08004e20   0x00000018   Code   RO          390    i.FLASH_Unlock      stm32f10x_flash.o
    0x08004e38   0x08004e38   0x0000002a   Code   RO          392    i.FLASH_WaitForLastOperation  stm32f10x_flash.o
    0x08004e62   0x08004e62   0x00000002   PAD
    0x08004e64   0x08004e64   0x000000cc   Code   RO         2690    i.FLASH_WriteRemoteID  uhf_125k.o
    0x08004f30   0x08004f30   0x000001b0   Code   RO         2493    i.GPIO_Configuration  main.o
    0x080050e0   0x080050e0   0x000000c8   Code   RO          520    i.GPIO_DeInit       stm32f10x_gpio.o
    0x080051a8   0x080051a8   0x00000116   Code   RO          525    i.GPIO_Init         stm32f10x_gpio.o
    0x080052be   0x080052be   0x00000002   PAD
    0x080052c0   0x080052c0   0x00000070   Code   RO          527    i.GPIO_PinRemapConfig  stm32f10x_gpio.o
    0x08005330   0x08005330   0x00000012   Code   RO          529    i.GPIO_ReadInputDataBit  stm32f10x_gpio.o
    0x08005342   0x08005342   0x00000004   Code   RO          532    i.GPIO_ResetBits    stm32f10x_gpio.o
    0x08005346   0x08005346   0x00000002   PAD
    0x08005348   0x08005348   0x00000030   Code   RO         2033    i.GPIO_SDIO_Configuration  drv_spi.o
    0x08005378   0x08005378   0x00000004   Code   RO          533    i.GPIO_SetBits      stm32f10x_gpio.o
    0x0800537c   0x0800537c   0x00000004   Code   RO         2592    i.HardFault_Handler  stm32f10x_it.o
    0x08005380   0x08005380   0x000000a4   Code   RO         2974    i.Help_Proc_Func    app_iap.o
    0x08005424   0x08005424   0x00000022   Code   RO         2494    i.IWDG_Configuration  main.o
    0x08005446   0x08005446   0x00000002   PAD
    0x08005448   0x08005448   0x00000010   Code   RO         1951    i.IWDG_Enable       stm32f10x_iwdg.o
    0x08005458   0x08005458   0x00000010   Code   RO         1953    i.IWDG_ReloadCounter  stm32f10x_iwdg.o
    0x08005468   0x08005468   0x0000000c   Code   RO         1954    i.IWDG_SetPrescaler  stm32f10x_iwdg.o
    0x08005474   0x08005474   0x0000000c   Code   RO         1955    i.IWDG_SetReload    stm32f10x_iwdg.o
    0x08005480   0x08005480   0x0000000c   Code   RO         1956    i.IWDG_WriteAccessCmd  stm32f10x_iwdg.o
    0x0800548c   0x0800548c   0x00000028   Code   RO         2692    i.KillTimer         uhf_125k.o
    0x080054b4   0x080054b4   0x00000190   Code   RO         2693    i.LFSendData        uhf_125k.o
    0x08005644   0x08005644   0x000000ac   Code   RO         2975    i.List_Proc_Func    app_iap.o
    0x080056f0   0x080056f0   0x00000004   Code   RO         2593    i.MemManage_Handler  stm32f10x_it.o
    0x080056f4   0x080056f4   0x00000002   Code   RO         2594    i.NMI_Handler       stm32f10x_it.o
    0x080056f6   0x080056f6   0x00000080   Code   RO         2495    i.NVIC_Configuration  main.o
    0x08005776   0x08005776   0x00000002   PAD
    0x08005778   0x08005778   0x00000070   Code   RO          127    i.NVIC_Init         misc.o
    0x080057e8   0x080057e8   0x00000014   Code   RO          128    i.NVIC_PriorityGroupConfig  misc.o
    0x080057fc   0x080057fc   0x00000014   Code   RO          129    i.NVIC_SetVectorTable  misc.o
    0x08005810   0x08005810   0x00000024   Code   RO         2697    i.NVIC_SystemReset  uhf_125k.o
    0x08005834   0x08005834   0x00000038   Code   RO         2698    i.OnEventCarLFSend  uhf_125k.o
    0x0800586c   0x0800586c   0x0000011c   Code   RO         2699    i.OnEventRemoteClose  uhf_125k.o
    0x08005988   0x08005988   0x00000184   Code   RO         2700    i.OnEventRemoteOpen  uhf_125k.o
    0x08005b0c   0x08005b0c   0x0000019c   Code   RO         2701    i.OnEventStudy      uhf_125k.o
    0x08005ca8   0x08005ca8   0x0000034c   Code   RO         2702    i.OnEvnetLFSend     uhf_125k.o
    0x08005ff4   0x08005ff4   0x000002c4   Code   RO         2703    i.OnTimer           uhf_125k.o
    0x080062b8   0x080062b8   0x0000000c   Code   RO          633    i.PWR_BackupAccessCmd  stm32f10x_pwr.o
    0x080062c4   0x080062c4   0x00000002   Code   RO         2595    i.PendSV_Handler    stm32f10x_it.o
    0x080062c6   0x080062c6   0x00000002   PAD
    0x080062c8   0x080062c8   0x00000028   Code   RO         2704    i.PowerOffSever     uhf_125k.o
    0x080062f0   0x080062f0   0x00000020   Code   RO         2705    i.PowerOffSever1    uhf_125k.o
    0x08006310   0x08006310   0x00000020   Code   RO          696    i.RCC_APB1PeriphClockCmd  stm32f10x_rcc.o
    0x08006330   0x08006330   0x00000020   Code   RO          697    i.RCC_APB1PeriphResetCmd  stm32f10x_rcc.o
    0x08006350   0x08006350   0x00000020   Code   RO          698    i.RCC_APB2PeriphClockCmd  stm32f10x_rcc.o
    0x08006370   0x08006370   0x00000020   Code   RO          699    i.RCC_APB2PeriphResetCmd  stm32f10x_rcc.o
    0x08006390   0x08006390   0x0000000c   Code   RO          701    i.RCC_BackupResetCmd  stm32f10x_rcc.o
    0x0800639c   0x0800639c   0x00000014   Code   RO          702    i.RCC_ClearFlag     stm32f10x_rcc.o
    0x080063b0   0x080063b0   0x000000ac   Code   RO         2496    i.RCC_Configuration  main.o
    0x0800645c   0x0800645c   0x0000005c   Code   RO          705    i.RCC_DeInit        stm32f10x_rcc.o
    0x080064b8   0x080064b8   0x0000018c   Code   RO          706    i.RCC_GetClocksFreq  stm32f10x_rcc.o
    0x08006644   0x08006644   0x0000003c   Code   RO          707    i.RCC_GetFlagStatus  stm32f10x_rcc.o
    0x08006680   0x08006680   0x00000010   Code   RO          709    i.RCC_GetSYSCLKSource  stm32f10x_rcc.o
    0x08006690   0x08006690   0x00000018   Code   RO          710    i.RCC_HCLKConfig    stm32f10x_rcc.o
    0x080066a8   0x080066a8   0x0000004c   Code   RO          711    i.RCC_HSEConfig     stm32f10x_rcc.o
    0x080066f4   0x080066f4   0x0000000c   Code   RO          712    i.RCC_HSICmd        stm32f10x_rcc.o
    0x08006700   0x08006700   0x0000000c   Code   RO          717    i.RCC_LSICmd        stm32f10x_rcc.o
    0x0800670c   0x0800670c   0x00000018   Code   RO          720    i.RCC_PCLK1Config   stm32f10x_rcc.o
    0x08006724   0x08006724   0x00000018   Code   RO          721    i.RCC_PCLK2Config   stm32f10x_rcc.o
    0x0800673c   0x0800673c   0x0000000c   Code   RO          730    i.RCC_RTCCLKCmd     stm32f10x_rcc.o
    0x08006748   0x08006748   0x00000010   Code   RO          731    i.RCC_RTCCLKConfig  stm32f10x_rcc.o
    0x08006758   0x08006758   0x00000018   Code   RO          732    i.RCC_SYSCLKConfig  stm32f10x_rcc.o
    0x08006770   0x08006770   0x00000038   Code   RO          733    i.RCC_WaitForHSEStartUp  stm32f10x_rcc.o
    0x080067a8   0x080067a8   0x00000010   Code   RO          948    i.RTC_ClearITPendingBit  stm32f10x_rtc.o
    0x080067b8   0x080067b8   0x00000054   Code   RO         2497    i.RTC_Configuration  main.o
    0x0800680c   0x0800680c   0x00000014   Code   RO          949    i.RTC_EnterConfigMode  stm32f10x_rtc.o
    0x08006820   0x08006820   0x00000014   Code   RO          950    i.RTC_ExitConfigMode  stm32f10x_rtc.o
    0x08006834   0x08006834   0x00000014   Code   RO          951    i.RTC_GetCounter    stm32f10x_rtc.o
    0x08006848   0x08006848   0x00000024   Code   RO          954    i.RTC_GetITStatus   stm32f10x_rtc.o
    0x0800686c   0x0800686c   0x000000b0   Code   RO         2596    i.RTC_IRQHandler    stm32f10x_it.o
    0x0800691c   0x0800691c   0x00000020   Code   RO          955    i.RTC_ITConfig      stm32f10x_rtc.o
    0x0800693c   0x0800693c   0x0000001c   Code   RO          957    i.RTC_SetCounter    stm32f10x_rtc.o
    0x08006958   0x08006958   0x00000020   Code   RO          958    i.RTC_SetPrescaler  stm32f10x_rtc.o
    0x08006978   0x08006978   0x00000014   Code   RO          959    i.RTC_WaitForLastTask  stm32f10x_rtc.o
    0x0800698c   0x0800698c   0x00000024   Code   RO          960    i.RTC_WaitForSynchro  stm32f10x_rtc.o
    0x080069b0   0x080069b0   0x00000022   Code   RO         2909    i.STMFLASH_Read     app_flash.o
    0x080069d2   0x080069d2   0x00000006   Code   RO         2910    i.STMFLASH_ReadHalfWord  app_flash.o
    0x080069d8   0x080069d8   0x000000e8   Code   RO         2911    i.STMFLASH_Write    app_flash.o
    0x08006ac0   0x08006ac0   0x00000026   Code   RO         2912    i.STMFLASH_Write_NoCheck  app_flash.o
    0x08006ae6   0x08006ae6   0x00000002   Code   RO         2597    i.SVC_Handler       stm32f10x_it.o
    0x08006ae8   0x08006ae8   0x00000008   Code   RO           24    i.SetSysClock       system_stm32f10x.o
    0x08006af0   0x08006af0   0x00000110   Code   RO           25    i.SetSysClockTo72   system_stm32f10x.o
    0x08006c00   0x08006c00   0x00000034   Code   RO         2706    i.SetTimer          uhf_125k.o
    0x08006c34   0x08006c34   0x00000012   Code   RO         2949    i.StringGetLength   app_command.o
    0x08006c46   0x08006c46   0x00000028   Code   RO          131    i.SysTick_CLKSourceConfig  misc.o
    0x08006c6e   0x08006c6e   0x00000002   PAD
    0x08006c70   0x08006c70   0x0000005c   Code   RO         2500    i.SysTick_Configuration  main.o
    0x08006ccc   0x08006ccc   0x00000018   Code   RO         2598    i.SysTick_Handler   stm32f10x_it.o
    0x08006ce4   0x08006ce4   0x00000060   Code   RO           26    i.SystemInit        system_stm32f10x.o
    0x08006d44   0x08006d44   0x0000002c   Code   RO         2599    i.TIM2_IRQHandler   stm32f10x_it.o
    0x08006d70   0x08006d70   0x00000018   Code   RO         1041    i.TIM_ARRPreloadConfig  stm32f10x_tim.o
    0x08006d88   0x08006d88   0x00000006   Code   RO         1048    i.TIM_ClearITPendingBit  stm32f10x_tim.o
    0x08006d8e   0x08006d8e   0x00000018   Code   RO         1053    i.TIM_Cmd           stm32f10x_tim.o
    0x08006da6   0x08006da6   0x00000002   PAD
    0x08006da8   0x08006da8   0x000000e4   Code   RO         2021    i.TIM_Configuration  drv_time.o
    0x08006e8c   0x08006e8c   0x0000001e   Code   RO         1055    i.TIM_CtrlPWMOutputs  stm32f10x_tim.o
    0x08006eaa   0x08006eaa   0x00000006   Code   RO         1072    i.TIM_GetCounter    stm32f10x_tim.o
    0x08006eb0   0x08006eb0   0x00000022   Code   RO         1074    i.TIM_GetITStatus   stm32f10x_tim.o
    0x08006ed2   0x08006ed2   0x00000012   Code   RO         1078    i.TIM_ITConfig      stm32f10x_tim.o
    0x08006ee4   0x08006ee4   0x00000078   Code   RO         1082    i.TIM_OC1Init       stm32f10x_tim.o
    0x08006f5c   0x08006f5c   0x00000012   Code   RO         1085    i.TIM_OC1PreloadConfig  stm32f10x_tim.o
    0x08006f6e   0x08006f6e   0x00000002   PAD
    0x08006f70   0x08006f70   0x0000009c   Code   RO         1087    i.TIM_OC2Init       stm32f10x_tim.o
    0x0800700c   0x0800700c   0x0000001a   Code   RO         1090    i.TIM_OC2PreloadConfig  stm32f10x_tim.o
    0x08007026   0x08007026   0x00000002   PAD
    0x08007028   0x08007028   0x00000098   Code   RO         1092    i.TIM_OC3Init       stm32f10x_tim.o
    0x080070c0   0x080070c0   0x00000012   Code   RO         1095    i.TIM_OC3PreloadConfig  stm32f10x_tim.o
    0x080070d2   0x080070d2   0x00000004   Code   RO         1118    i.TIM_SetCounter    stm32f10x_tim.o
    0x080070d6   0x080070d6   0x00000002   PAD
    0x080070d8   0x080070d8   0x0000003c   Code   RO         1124    i.TIM_TimeBaseInit  stm32f10x_tim.o
    0x08007114   0x08007114   0x00000010   Code   RO         2913    i.Test_Write        app_flash.o
    0x08007124   0x08007124   0x000000ac   Code   RO         2451    i.USART2_Config     drv_serial.o
    0x080071d0   0x080071d0   0x00000050   Code   RO         2452    i.USART2_IRQHandler  drv_serial.o
    0x08007220   0x08007220   0x0000001e   Code   RO         1730    i.USART_ClearITPendingBit  stm32f10x_usart.o
    0x0800723e   0x0800723e   0x00000018   Code   RO         1733    i.USART_Cmd         stm32f10x_usart.o
    0x08007256   0x08007256   0x00000002   PAD
    0x08007258   0x08007258   0x00000040   Code   RO         2501    i.USART_Configuration  main.o
    0x08007298   0x08007298   0x0000001a   Code   RO         1736    i.USART_GetFlagStatus  stm32f10x_usart.o
    0x080072b2   0x080072b2   0x00000054   Code   RO         1737    i.USART_GetITStatus  stm32f10x_usart.o
    0x08007306   0x08007306   0x0000004a   Code   RO         1739    i.USART_ITConfig    stm32f10x_usart.o
    0x08007350   0x08007350   0x000000a0   Code   RO         1740    i.USART_Init        stm32f10x_usart.o
    0x080073f0   0x080073f0   0x0000000a   Code   RO         1745    i.USART_ReceiveData  stm32f10x_usart.o
    0x080073fa   0x080073fa   0x00000008   Code   RO         1748    i.USART_SendData    stm32f10x_usart.o
    0x08007402   0x08007402   0x00000002   PAD
    0x08007404   0x08007404   0x00000210   Code   RO         2707    i.USER_Configuration  uhf_125k.o
    0x08007614   0x08007614   0x00000168   Code   RO         2708    i.UhfRevData_First  uhf_125k.o
    0x0800777c   0x0800777c   0x00000004   Code   RO         2600    i.UsageFault_Handler  stm32f10x_it.o
    0x08007780   0x08007780   0x0000001e   Code   RO         2709    i.ValueRange        uhf_125k.o
    0x0800779e   0x0800779e   0x00000002   PAD
    0x080077a0   0x080077a0   0x0000002c   Code   RO         2711    i.WaitSendCANLamp   uhf_125k.o
    0x080077cc   0x080077cc   0x00000014   Code   RO         2034    i._delay_us         drv_spi.o
    0x080077e0   0x080077e0   0x0000000e   Code   RO         3150    i._is_digit         c_w.l(__printf_wp.o)
    0x080077ee   0x080077ee   0x00000006   Code   RO         2453    i._sys_exit         drv_serial.o
    0x080077f4   0x080077f4   0x00000094   Code   RO         2162    i.bGoRx             drv_cmt2300.o
    0x08007888   0x08007888   0x00000026   Code   RO         2163    i.bGoSleep          drv_cmt2300.o
    0x080078ae   0x080078ae   0x00000002   PAD
    0x080078b0   0x080078b0   0x0000004c   Code   RO         2164    i.bGoStandby        drv_cmt2300.o
    0x080078fc   0x080078fc   0x000000be   Code   RO         2167    i.bIntSrcFlagClr    drv_cmt2300.o
    0x080079ba   0x080079ba   0x00000002   PAD
    0x080079bc   0x080079bc   0x00000034   Code   RO         2035    i.bSpi3Read         drv_spi.o
    0x080079f0   0x080079f0   0x00000078   Code   RO         2036    i.bSpi3ReadByte     drv_spi.o
    0x08007a68   0x08007a68   0x00000024   Code   RO         2976    i.debug_Func        app_iap.o
    0x08007a8c   0x08007a8c   0x0000001a   Code   RO          393    i.delay             stm32f10x_flash.o
    0x08007aa6   0x08007aa6   0x00000002   PAD
    0x08007aa8   0x08007aa8   0x0000001c   Code   RO         2454    i.fputc             drv_serial.o
    0x08007ac4   0x08007ac4   0x00000070   Code   RO         2977    i.iap_Func          app_iap.o
    0x08007b34   0x08007b34   0x000000b4   Code   RO         2502    i.main              main.o
    0x08007be8   0x08007be8   0x00000074   Code   RO         3029    i.uartRx_SyncByte   app_uart.o
    0x08007c5c   0x08007c5c   0x00000058   Code   RO         2174    i.vAfterCfg         drv_cmt2300.o
    0x08007cb4   0x08007cb4   0x0000001e   Code   RO         2175    i.vCfgBank          drv_cmt2300.o
    0x08007cd2   0x08007cd2   0x00000002   PAD
    0x08007cd4   0x08007cd4   0x00000030   Code   RO         2180    i.vEnableRdFifo     drv_cmt2300.o
    0x08007d04   0x08007d04   0x0000000e   Code   RO         2182    i.vGpioFuncCfg      drv_cmt2300.o
    0x08007d12   0x08007d12   0x00000002   PAD
    0x08007d14   0x08007d14   0x00000030   Code   RO         2183    i.vInit             drv_cmt2300.o
    0x08007d44   0x08007d44   0x000000a4   Code   RO         2185    i.vInitRadio        drv_cmt2300.o
    0x08007de8   0x08007de8   0x00000060   Code   RO         2196    i.vSetPayloadLength  drv_cmt2300.o
    0x08007e48   0x08007e48   0x00000012   Code   RO         2198    i.vSoftReset        drv_cmt2300.o
    0x08007e5a   0x08007e5a   0x00000002   PAD
    0x08007e5c   0x08007e5c   0x00000040   Code   RO         2043    i.vSpi3Init         drv_spi.o
    0x08007e9c   0x08007e9c   0x0000002c   Code   RO         2046    i.vSpi3Write        drv_spi.o
    0x08007ec8   0x08007ec8   0x000000a0   Code   RO         2047    i.vSpi3WriteByte    drv_spi.o
    0x08007f68   0x08007f68   0x000004e2   Data   RO         2713    .constdata          uhf_125k.o
    0x0800844a   0x0800844a   0x00000028   Data   RO         3123    .constdata          c_w.l(_printf_hex_int.o)
    0x08008472   0x08008472   0x00000011   Data   RO         3153    .constdata          c_w.l(__printf_flags_wp.o)
    0x08008483   0x08008483   0x00000001   PAD
    0x08008484   0x08008484   0x00000020   Data   RO         3340    Region$$Table       anon$$obj.o


    Execution Region RW_IRAM1 (Exec base: 0x20000000, Load base: 0x080084a4, Size: 0x000015a8, Max: 0x00010000, ABSOLUTE, COMPRESSED[0x0000029c])

    Exec Addr    Load Addr    Size         Type   Attr      Idx    E Section Name        Object

    0x20000000   COMPRESSED   0x00000014   Data   RW          734    .data               stm32f10x_rcc.o
    0x20000014   COMPRESSED   0x000001f8   Data   RW         2206    .data               drv_cmt2300.o
    0x2000020c   COMPRESSED   0x00000004   Data   RW         2455    .data               drv_serial.o
    0x20000210   COMPRESSED   0x00000008   Data   RW         2503    .data               main.o
    0x20000218   COMPRESSED   0x0000021d   Data   RW         2714    .data               uhf_125k.o
    0x20000435   COMPRESSED   0x00000003   PAD
    0x20000438   COMPRESSED   0x000000dc   Data   RW         2951    .data               app_command.o
    0x20000514   COMPRESSED   0x00000008   Data   RW         2979    .data               app_iap.o
    0x2000051c   COMPRESSED   0x00000009   Data   RW         3032    .data               app_uart.o
    0x20000525   COMPRESSED   0x00000003   PAD
    0x20000528        -       0x00000236   Zero   RW         2712    .bss                uhf_125k.o
    0x2000075e        -       0x00000400   Zero   RW         2914    .bss                app_flash.o
    0x20000b5e        -       0x000000fa   Zero   RW         2950    .bss                app_command.o
    0x20000c58        -       0x000002ee   Zero   RW         3030    .bss                app_uart.o
    0x20000f46   COMPRESSED   0x00000002   PAD
    0x20000f48        -       0x00000060   Zero   RW         3218    .bss                c_w.l(libspace.o)
    0x20000fa8        -       0x00000200   Zero   RW            2    HEAP                startup_stm32f10x_cl.o
    0x200011a8        -       0x00000400   Zero   RW            1    STACK               startup_stm32f10x_cl.o


==============================================================================

Image component sizes


      Code (inc. data)   RO Data    RW Data    ZI Data      Debug   Object Name

       210         26          0        220        250       2459   app_command.o
       326         10          0          0       1024       3930   app_flash.o
       484        312          0          8          0       2508   app_iap.o
       344         62          0          9        750       3119   app_uart.o
         0          0          0          0          0       4508   core_cm3.o
       720         86          0          0          0      11100   drv_can.o
       958         92          0        504          0      10053   drv_cmt2300.o
       286         24          0          4          0       4098   drv_serial.o
       508         34          0          0          0       4020   drv_spi.o
       228          6          0          0          0        688   drv_time.o
      1246         62          0          8          0      12271   main.o
       192         30          0          0          0       2691   misc.o
        60         22        336          0       1536        836   startup_stm32f10x_cl.o
        16          0          0          0          0        501   stm32f10x_bkp.o
      1298         12          0          0          0       7168   stm32f10x_can.o
       364         42          0          0          0       6526   stm32f10x_flash.o
       616         34          0          0          0       5176   stm32f10x_gpio.o
       284         34          0          0          0       6077   stm32f10x_it.o
        68         30          0          0          0       2554   stm32f10x_iwdg.o
        12          6          0          0          0        530   stm32f10x_pwr.o
      1004        132          0         20          0      14753   stm32f10x_rcc.o
       260         48          0          0          0       5340   stm32f10x_rtc.o
       696         36          0          0          0      12287   stm32f10x_tim.o
       416          4          0          0          0       6883   stm32f10x_usart.o
       376         26          0          0          0     275369   system_stm32f10x.o
      7270       1440       1250        541        566      31652   uhf_125k.o

    ----------------------------------------------------------------------
     18290       2610       1618       1320       4128     437097   Object Totals
         0          0         32          0          0          0   (incl. Generated)
        48          0          0          6          2          0   (incl. Padding)

    ----------------------------------------------------------------------

      Code (inc. data)   RO Data    RW Data    ZI Data      Debug   Library Member Name

        90          0          0          0          0          0   __dczerorl2.o
         8          0          0          0          0         68   __main.o
       312          4         17          0          0         92   __printf_flags_wp.o
        14          0          0          0          0         68   __printf_wp.o
         0          0          0          0          0          0   __rtentry.o
        12          0          0          0          0          0   __rtentry2.o
         6          0          0          0          0          0   __rtentry4.o
        52          8          0          0          0          0   __scatter.o
        28          0          0          0          0          0   __scatter_zi.o
        44          0          0          0          0        108   _printf_char.o
        48          6          0          0          0         96   _printf_char_common.o
        36          4          0          0          0         80   _printf_char_file.o
         6          0          0          0          0          0   _printf_d.o
       120         16          0          0          0         92   _printf_dec.o
        88          4         40          0          0         88   _printf_hex_int.o
       178          0          0          0          0         88   _printf_intcommon.o
        78          0          0          0          0        108   _printf_pad.o
         0          0          0          0          0          0   _printf_percent.o
         4          0          0          0          0          0   _printf_percent_end.o
         6          0          0          0          0          0   _printf_s.o
        82          0          0          0          0         80   _printf_str.o
         6          0          0          0          0          0   _printf_x.o
        18          0          0          0          0         80   exit.o
         8          0          0          0          0         68   ferror.o
         6          0          0          0          0        152   heapauxi.o
         2          0          0          0          0          0   libinit.o
         2          0          0          0          0          0   libinit2.o
         2          0          0          0          0          0   libshutdown.o
         2          0          0          0          0          0   libshutdown2.o
         8          4          0          0         96         68   libspace.o
        24          4          0          0          0         84   noretval__2printf.o
        78          0          0          0          0         80   rt_memclr_w.o
       138          0          0          0          0         68   rt_memcpy_v6.o
       100          0          0          0          0         80   rt_memcpy_w.o
         2          0          0          0          0          0   rtexit.o
        10          0          0          0          0          0   rtexit2.o
        74          0          0          0          0         80   sys_stackheap_outer.o
         2          0          0          0          0         68   use_no_semi.o
         2          0          0          0          0         68   use_no_semi_2.o

    ----------------------------------------------------------------------
      1702         50         58          0         96       1864   Library Totals
         6          0          1          0          0          0   (incl. Padding)

    ----------------------------------------------------------------------

      Code (inc. data)   RO Data    RW Data    ZI Data      Debug   Library Name

      1696         50         57          0         96       1864   c_w.l

    ----------------------------------------------------------------------
      1702         50         58          0         96       1864   Library Totals

    ----------------------------------------------------------------------

==============================================================================


      Code (inc. data)   RO Data    RW Data    ZI Data      Debug   

     19992       2660       1676       1320       4224     428973   Grand Totals
     19992       2660       1676        668       4224     428973   ELF Image Totals (compressed)
     19992       2660       1676        668          0          0   ROM Totals

==============================================================================

    Total RO  Size (Code + RO Data)                21668 (  21.16kB)
    Total RW  Size (RW Data + ZI Data)              5544 (   5.41kB)
    Total ROM Size (Code + RO Data + RW Data)      22336 (  21.81kB)

==============================================================================

