Component: ARM Compiler 5.06 update 2 (build 183) Tool: armlink [4d35b7]

==============================================================================

Section Cross References

    startup_stm32f10x_cl.o(STACK) refers (Special) to heapauxi.o(.text) for __use_two_region_memory
    startup_stm32f10x_cl.o(HEAP) refers (Special) to heapauxi.o(.text) for __use_two_region_memory
    startup_stm32f10x_cl.o(RESET) refers (Special) to heapauxi.o(.text) for __use_two_region_memory
    startup_stm32f10x_cl.o(RESET) refers to startup_stm32f10x_cl.o(STACK) for __initial_sp
    startup_stm32f10x_cl.o(RESET) refers to startup_stm32f10x_cl.o(.text) for Reset_Handler
    startup_stm32f10x_cl.o(RESET) refers to stm32f10x_it.o(i.NMI_Handler) for NMI_Handler
    startup_stm32f10x_cl.o(RESET) refers to stm32f10x_it.o(i.HardFault_Handler) for HardFault_Handler
    startup_stm32f10x_cl.o(RESET) refers to stm32f10x_it.o(i.MemManage_Handler) for MemManage_Handler
    startup_stm32f10x_cl.o(RESET) refers to stm32f10x_it.o(i.BusFault_Handler) for BusFault_Handler
    startup_stm32f10x_cl.o(RESET) refers to stm32f10x_it.o(i.UsageFault_Handler) for UsageFault_Handler
    startup_stm32f10x_cl.o(RESET) refers to stm32f10x_it.o(i.SVC_Handler) for SVC_Handler
    startup_stm32f10x_cl.o(RESET) refers to stm32f10x_it.o(i.DebugMon_Handler) for DebugMon_Handler
    startup_stm32f10x_cl.o(RESET) refers to stm32f10x_it.o(i.PendSV_Handler) for PendSV_Handler
    startup_stm32f10x_cl.o(RESET) refers to stm32f10x_it.o(i.SysTick_Handler) for SysTick_Handler
    startup_stm32f10x_cl.o(RESET) refers to stm32f10x_it.o(i.RTC_IRQHandler) for RTC_IRQHandler
    startup_stm32f10x_cl.o(RESET) refers to stm32f10x_it.o(i.CAN1_RX0_IRQHandler) for CAN1_RX0_IRQHandler
    startup_stm32f10x_cl.o(RESET) refers to stm32f10x_it.o(i.TIM2_IRQHandler) for TIM2_IRQHandler
    startup_stm32f10x_cl.o(.text) refers (Special) to heapauxi.o(.text) for __use_two_region_memory
    startup_stm32f10x_cl.o(.text) refers to system_stm32f10x.o(i.SystemInit) for SystemInit
    startup_stm32f10x_cl.o(.text) refers to __main.o(!!!main) for __main
    startup_stm32f10x_cl.o(.text) refers to startup_stm32f10x_cl.o(HEAP) for Heap_Mem
    startup_stm32f10x_cl.o(.text) refers to startup_stm32f10x_cl.o(STACK) for Stack_Mem
    system_stm32f10x.o(i.SetSysClock) refers to system_stm32f10x.o(i.SetSysClockTo72) for SetSysClockTo72
    system_stm32f10x.o(i.SystemInit) refers to system_stm32f10x.o(i.SetSysClock) for SetSysClock
    stm32f10x_can.o(i.CAN_DeInit) refers to stm32f10x_rcc.o(i.RCC_APB1PeriphResetCmd) for RCC_APB1PeriphResetCmd
    stm32f10x_can.o(i.CAN_GetITStatus) refers to stm32f10x_can.o(i.CheckITStatus) for CheckITStatus
    stm32f10x_can.o(i.CAN_Receive) refers to stm32f10x_can.o(i.CAN_FIFORelease) for CAN_FIFORelease
    stm32f10x_flash.o(i.FLASH_EnableWriteProtection) refers to stm32f10x_flash.o(i.FLASH_WaitForLastOperation) for FLASH_WaitForLastOperation
    stm32f10x_flash.o(i.FLASH_EraseAllPages) refers to stm32f10x_flash.o(i.FLASH_WaitForLastOperation) for FLASH_WaitForLastOperation
    stm32f10x_flash.o(i.FLASH_EraseOptionBytes) refers to stm32f10x_flash.o(i.FLASH_WaitForLastOperation) for FLASH_WaitForLastOperation
    stm32f10x_flash.o(i.FLASH_ErasePage) refers to stm32f10x_flash.o(i.FLASH_WaitForLastOperation) for FLASH_WaitForLastOperation
    stm32f10x_flash.o(i.FLASH_ProgramHalfWord) refers to stm32f10x_flash.o(i.FLASH_WaitForLastOperation) for FLASH_WaitForLastOperation
    stm32f10x_flash.o(i.FLASH_ProgramOptionByteData) refers to stm32f10x_flash.o(i.FLASH_WaitForLastOperation) for FLASH_WaitForLastOperation
    stm32f10x_flash.o(i.FLASH_ProgramWord) refers to stm32f10x_flash.o(i.FLASH_WaitForLastOperation) for FLASH_WaitForLastOperation
    stm32f10x_flash.o(i.FLASH_ReadOutProtection) refers to stm32f10x_flash.o(i.FLASH_WaitForLastOperation) for FLASH_WaitForLastOperation
    stm32f10x_flash.o(i.FLASH_UserOptionByteConfig) refers to stm32f10x_flash.o(i.FLASH_WaitForLastOperation) for FLASH_WaitForLastOperation
    stm32f10x_flash.o(i.FLASH_WaitForLastOperation) refers to stm32f10x_flash.o(i.FLASH_GetStatus) for FLASH_GetStatus
    stm32f10x_flash.o(i.FLASH_WaitForLastOperation) refers to stm32f10x_flash.o(i.delay) for delay
    stm32f10x_gpio.o(i.GPIO_AFIODeInit) refers to stm32f10x_rcc.o(i.RCC_APB2PeriphResetCmd) for RCC_APB2PeriphResetCmd
    stm32f10x_gpio.o(i.GPIO_DeInit) refers to stm32f10x_rcc.o(i.RCC_APB2PeriphResetCmd) for RCC_APB2PeriphResetCmd
    stm32f10x_rcc.o(i.RCC_GetClocksFreq) refers to stm32f10x_rcc.o(.data) for APBAHBPrescTable
    stm32f10x_rcc.o(i.RCC_WaitForHSEStartUp) refers to stm32f10x_rcc.o(i.RCC_GetFlagStatus) for RCC_GetFlagStatus
    stm32f10x_tim.o(i.TIM_DeInit) refers to stm32f10x_rcc.o(i.RCC_APB2PeriphResetCmd) for RCC_APB2PeriphResetCmd
    stm32f10x_tim.o(i.TIM_DeInit) refers to stm32f10x_rcc.o(i.RCC_APB1PeriphResetCmd) for RCC_APB1PeriphResetCmd
[...]
    ../clib/angel/sys.s                      0x00000000   Number         0  indicate_semi.o ABSOLUTE
    ../clib/angel/sysapp.c                   0x00000000   Number         0  sys_exit.o ABSOLUTE
    ../clib/angel/sysapp.c                   0x00000000   Number         0  sys_wrch.o ABSOLUTE
    ../clib/angel/sysapp.c                   0x00000000   Number         0  sys_command.o ABSOLUTE
    ../clib/armsys.c                         0x00000000   Number         0  _get_argv_nomalloc.o ABSOLUTE
    ../clib/armsys.c                         0x00000000   Number         0  argv_veneer.o ABSOLUTE
    ../clib/armsys.c                         0x00000000   Number         0  argv_veneer.o ABSOLUTE
    ../clib/armsys.c                         0x00000000   Number         0  no_argv.o ABSOLUTE
    ../clib/heapalloc.c                      0x00000000   Number         0  hrguard.o ABSOLUTE
    ../clib/heapaux.c                        0x00000000   Number         0  heapauxi.o ABSOLUTE
    ../clib/libinit.s                        0x00000000   Number         0  libinit.o ABSOLUTE
    ../clib/libinit.s                        0x00000000   Number         0  libinit2.o ABSOLUTE
    ../clib/libinit.s                        0x00000000   Number         0  libshutdown2.o ABSOLUTE
    ../clib/libinit.s                        0x00000000   Number         0  libshutdown.o ABSOLUTE
    ../clib/memcpset.s                       0x00000000   Number         0  rt_memclr_w.o ABSOLUTE
    ../clib/memcpset.s                       0x00000000   Number         0  rt_memcpy_w.o ABSOLUTE
    ../clib/signal.c                         0x00000000   Number         0  defsig_general.o ABSOLUTE
    ../clib/signal.c                         0x00000000   Number         0  __raise.o ABSOLUTE
    ../clib/signal.c                         0x00000000   Number         0  defsig_other.o ABSOLUTE
    ../clib/signal.c                         0x00000000   Number         0  defsig_cppl_inner.o ABSOLUTE
    ../clib/signal.c                         0x00000000   Number         0  defsig_pvfn_inner.o ABSOLUTE
    ../clib/signal.c                         0x00000000   Number         0  defsig_stak_inner.o ABSOLUTE
    ../clib/signal.c                         0x00000000   Number         0  defsig_rtred_inner.o ABSOLUTE
    ../clib/signal.c                         0x00000000   Number         0  defsig_fpe_inner.o ABSOLUTE
    ../clib/signal.c                         0x00000000   Number         0  defsig_abrt_inner.o ABSOLUTE
    ../clib/signal.c                         0x00000000   Number         0  defsig_rtmem_inner.o ABSOLUTE
    ../clib/signal.c                         0x00000000   Number         0  defsig_exit.o ABSOLUTE
    ../clib/signal.c                         0x00000000   Number         0  defsig_segv_inner.o ABSOLUTE
    ../clib/signal.c                         0x00000000   Number         0  defsig_rtmem_formal.o ABSOLUTE
    ../clib/signal.c                         0x00000000   Number         0  defsig_rtmem_outer.o ABSOLUTE
    ../clib/signal.s                         0x00000000   Number         0  defsig.o ABSOLUTE
    ../clib/stdlib.c                         0x00000000   Number         0  exit.o ABSOLUTE
    ../fplib/fpinit.s                        0x00000000   Number         0  fpinit.o ABSOLUTE
    ..\CMSIS\source\core_cm3.c               0x00000000   Number         0  core_cm3.o ABSOLUTE
    ..\CMSIS\source\system_stm32f10x.c       0x00000000   Number         0  system_stm32f10x.o ABSOLUTE
    ..\Drv_drivers\source\Drv_Time.c         0x00000000   Number         0  drv_time.o ABSOLUTE
    ..\STM32F10x_StdPeriph_Driver\src\misc.c 0x00000000   Number         0  misc.o ABSOLUTE
    ..\STM32F10x_StdPeriph_Driver\src\stm32f10x_bkp.c 0x00000000   Number         0  stm32f10x_bkp.o ABSOLUTE
    ..\STM32F10x_StdPeriph_Driver\src\stm32f10x_can.c 0x00000000   Number         0  stm32f10x_can.o ABSOLUTE
    ..\STM32F10x_StdPeriph_Driver\src\stm32f10x_flash.c 0x00000000   Number         0  stm32f10x_flash.o ABSOLUTE
    ..\STM32F10x_StdPeriph_Driver\src\stm32f10x_gpio.c 0x00000000   Number         0  stm32f10x_gpio.o ABSOLUTE
    ..\STM32F10x_StdPeriph_Driver\src\stm32f10x_iwdg.c 0x00000000   Number         0  stm32f10x_iwdg.o ABSOLUTE
    ..\STM32F10x_StdPeriph_Driver\src\stm32f10x_pwr.c 0x00000000   Number         0  stm32f10x_pwr.o ABSOLUTE
    ..\STM32F10x_StdPeriph_Driver\src\stm32f10x_rcc.c 0x00000000   Number         0  stm32f10x_rcc.o ABSOLUTE
    ..\STM32F10x_StdPeriph_Driver\src\stm32f10x_rtc.c 0x00000000   Number         0  stm32f10x_rtc.o ABSOLUTE
    ..\STM32F10x_StdPeriph_Driver\src\stm32f10x_spi.c 0x00000000   Number         0  stm32f10x_spi.o ABSOLUTE
    ..\STM32F10x_StdPeriph_Driver\src\stm32f10x_tim.c 0x00000000   Number         0  stm32f10x_tim.o ABSOLUTE
    ..\STM32F10x_StdPeriph_Driver\src\stm32f10x_usart.c 0x00000000   Number         0  stm32f10x_usart.o ABSOLUTE
    ..\STM32F10x_StdPeriph_Driver\src\stm32f10x_wwdg.c 0x00000000   Number         0  stm32f10x_wwdg.o ABSOLUTE
    ..\StartUp\startup_stm32f10x_cl.s        0x00000000   Number         0  startup_stm32f10x_cl.o ABSOLUTE
    ..\User\Source\UHF_125K.c                0x00000000   Number         0  uhf_125k.o ABSOLUTE
    ..\User\Source\as3933.c                  0x00000000   Number         0  as3933.o ABSOLUTE
    ..\User\Source\main.c                    0x00000000   Number         0  main.o ABSOLUTE
    ..\User\Source\stm32f10x_it.c            0x00000000   Number         0  stm32f10x_it.o ABSOLUTE
    ..\\CMSIS\\source\\core_cm3.c            0x00000000   Number         0  core_cm3.o ABSOLUTE
    dc.s                                     0x00000000   Number         0  dc.o ABSOLUTE
    RESET                                    0x08000000   Section      336  startup_stm32f10x_cl.o(RESET)
    !!!main                                  0x08000150   Section        8  __main.o(!!!main)
    !!!scatter                               0x08000158   Section       52  __scatter.o(!!!scatter)
    !!dczerorl2                              0x0800018c   Section       90  __dczerorl2.o(!!dczerorl2)
    !!handler_zi                             0x080001e8   Section       28  __scatter_zi.o(!!handler_zi)
    .ARM.Collect$$libinit$$00000000          0x08000204   Section        2  libinit.o(.ARM.Collect$$libinit$$00000000)
    .ARM.Collect$$libinit$$00000002          0x08000206   Section        0  libinit2.o(.ARM.Collect$$libinit$$00000002)
    .ARM.Collect$$libinit$$00000004          0x08000206   Section        0  libinit2.o(.ARM.Collect$$libinit$$00000004)
    .ARM.Collect$$libinit$$0000000A          0x08000206   Section        0  libinit2.o(.ARM.Collect$$libinit$$0000000A)
    .ARM.Collect$$libinit$$0000000C          0x08000206   Section        0  libinit2.o(.ARM.Collect$$libinit$$0000000C)
    .ARM.Collect$$libinit$$0000000E          0x08000206   Section        0  libinit2.o(.ARM.Collect$$libinit$$0000000E)
    .ARM.Collect$$libinit$$00000011          0x08000206   Section        0  libinit2.o(.ARM.Collect$$libinit$$00000011)
    .ARM.Collect$$libinit$$00000013          0x08000206   Section        0  libinit2.o(.ARM.Collect$$libinit$$00000013)
    .ARM.Collect$$libinit$$00000015          0x08000206   Section        0  libinit2.o(.ARM.Collect$$libinit$$00000015)
    .ARM.Collect$$libinit$$00000017          0x08000206   Section        0  libinit2.o(.ARM.Collect$$libinit$$00000017)
    .ARM.Collect$$libinit$$00000019          0x08000206   Section        0  libinit2.o(.ARM.Collect$$libinit$$00000019)
    .ARM.Collect$$libinit$$0000001B          0x08000206   Section        0  libinit2.o(.ARM.Collect$$libinit$$0000001B)
    .ARM.Collect$$libinit$$0000001D          0x08000206   Section        0  libinit2.o(.ARM.Collect$$libinit$$0000001D)
    .ARM.Collect$$libinit$$0000001F          0x08000206   Section        0  libinit2.o(.ARM.Collect$$libinit$$0000001F)
    .ARM.Collect$$libinit$$00000021          0x08000206   Section        0  libinit2.o(.ARM.Collect$$libinit$$00000021)
    .ARM.Collect$$libinit$$00000023          0x08000206   Section        0  libinit2.o(.ARM.Collect$$libinit$$00000023)
    .ARM.Collect$$libinit$$00000025          0x08000206   Section        0  libinit2.o(.ARM.Collect$$libinit$$00000025)
    .ARM.Collect$$libinit$$0000002C          0x08000206   Section        0  libinit2.o(.ARM.Collect$$libinit$$0000002C)
    .ARM.Collect$$libinit$$0000002E          0x08000206   Section        0  libinit2.o(.ARM.Collect$$libinit$$0000002E)
    .ARM.Collect$$libinit$$00000030          0x08000206   Section        0  libinit2.o(.ARM.Collect$$libinit$$00000030)
    .ARM.Collect$$libinit$$00000032          0x08000206   Section        0  libinit2.o(.ARM.Collect$$libinit$$00000032)
    .ARM.Collect$$libinit$$00000033          0x08000206   Section        2  libinit2.o(.ARM.Collect$$libinit$$00000033)
    .ARM.Collect$$libshutdown$$00000000      0x08000208   Section        2  libshutdown.o(.ARM.Collect$$libshutdown$$00000000)
    .ARM.Collect$$libshutdown$$00000002      0x0800020a   Section        0  libshutdown2.o(.ARM.Collect$$libshutdown$$00000002)
    .ARM.Collect$$libshutdown$$00000004      0x0800020a   Section        0  libshutdown2.o(.ARM.Collect$$libshutdown$$00000004)
    .ARM.Collect$$libshutdown$$00000007      0x0800020a   Section        0  libshutdown2.o(.ARM.Collect$$libshutdown$$00000007)
    .ARM.Collect$$libshutdown$$0000000A      0x0800020a   Section        0  libshutdown2.o(.ARM.Collect$$libshutdown$$0000000A)
    .ARM.Collect$$libshutdown$$0000000C      0x0800020a   Section        0  libshutdown2.o(.ARM.Collect$$libshutdown$$0000000C)
    .ARM.Collect$$libshutdown$$0000000F      0x0800020a   Section        0  libshutdown2.o(.ARM.Collect$$libshutdown$$0000000F)
    .ARM.Collect$$libshutdown$$00000010      0x0800020a   Section        2  libshutdown2.o(.ARM.Collect$$libshutdown$$00000010)
    .ARM.Collect$$rtentry$$00000000          0x0800020c   Section        0  __rtentry.o(.ARM.Collect$$rtentry$$00000000)
    .ARM.Collect$$rtentry$$00000002          0x0800020c   Section        0  __rtentry2.o(.ARM.Collect$$rtentry$$00000002)
    .ARM.Collect$$rtentry$$00000004          0x0800020c   Section        6  __rtentry4.o(.ARM.Collect$$rtentry$$00000004)
    .ARM.Collect$$rtentry$$00000009          0x08000212   Section        0  __rtentry2.o(.ARM.Collect$$rtentry$$00000009)
    .ARM.Collect$$rtentry$$0000000A          0x08000212   Section        4  __rtentry2.o(.ARM.Collect$$rtentry$$0000000A)
    .ARM.Collect$$rtentry$$0000000C          0x08000216   Section        0  __rtentry2.o(.ARM.Collect$$rtentry$$0000000C)
    .ARM.Collect$$rtentry$$0000000D          0x08000216   Section        8  __rtentry2.o(.ARM.Collect$$rtentry$$0000000D)
    .ARM.Collect$$rtexit$$00000000           0x0800021e   Section        2  rtexit.o(.ARM.Collect$$rtexit$$00000000)
    .ARM.Collect$$rtexit$$00000002           0x08000220   Section        0  rtexit2.o(.ARM.Collect$$rtexit$$00000002)
    .ARM.Collect$$rtexit$$00000003           0x08000220   Section        4  rtexit2.o(.ARM.Collect$$rtexit$$00000003)
    .ARM.Collect$$rtexit$$00000004           0x08000224   Section        6  rtexit2.o(.ARM.Collect$$rtexit$$00000004)
    .text                                    0x0800022c   Section       64  startup_stm32f10x_cl.o(.text)
    .text                                    0x0800026c   Section      100  rt_memcpy_w.o(.text)
    .text                                    0x080002d0   Section        0  heapauxi.o(.text)
    .text                                    0x080002d6   Section       74  sys_stackheap_outer.o(.text)
    .text                                    0x08000320   Section        0  exit.o(.text)
    .text                                    0x08000334   Section        8  libspace.o(.text)
    .text                                    0x0800033c   Section        0  sys_exit.o(.text)
    .text                                    0x08000348   Section        2  use_no_semi.o(.text)
    .text                                    0x0800034a   Section        0  indicate_semi.o(.text)
    i.BKP_DeInit                             0x0800034a   Section        0  stm32f10x_bkp.o(i.BKP_DeInit)
    i.BusFault_Handler                       0x0800035a   Section        0  stm32f10x_it.o(i.BusFault_Handler)
    i.CAN1IrqFuc                             0x08000360   Section        0  uhf_125k.o(i.CAN1IrqFuc)
    i.CAN1_RX0_IRQHandler                    0x08000868   Section        0  stm32f10x_it.o(i.CAN1_RX0_IRQHandler)
    i.CANSendData                            0x08000870   Section        0  uhf_125k.o(i.CANSendData)
    i.CANSendDataConst                       0x08000888   Section        0  uhf_125k.o(i.CANSendDataConst)
    i.CAN_Configuration                      0x080008a4   Section        0  main.o(i.CAN_Configuration)
    i.CAN_DeInit                             0x08000a20   Section        0  stm32f10x_can.o(i.CAN_DeInit)
    i.CAN_FIFORelease                        0x08000a58   Section        0  stm32f10x_can.o(i.CAN_FIFORelease)
    i.CAN_FilterInit                         0x08000a68   Section        0  stm32f10x_can.o(i.CAN_FilterInit)
    i.CAN_ITConfig                           0x08000b70   Section        0  stm32f10x_can.o(i.CAN_ITConfig)
    i.CAN_Init                               0x08000b82   Section        0  stm32f10x_can.o(i.CAN_Init)
    i.CAN_Receive                            0x08000c96   Section        0  stm32f10x_can.o(i.CAN_Receive)
    i.CAN_Transmit                           0x08000d80   Section        0  stm32f10x_can.o(i.CAN_Transmit)
    i.Cal_crc8                               0x08000ea8   Section        0  uhf_125k.o(i.Cal_crc8)
    i.CheckAndSetOBD09Code                   0x08000ecc   Section        0  uhf_125k.o(i.CheckAndSetOBD09Code)
    i.CheckDriveIsOK                         0x08001224   Section        0  uhf_125k.o(i.CheckDriveIsOK)
    i.CheckIOState                           0x08001328   Section        0  uhf_125k.o(i.CheckIOState)
    i.CheckLfRemote                          0x08001344   Section        0  uhf_125k.o(i.CheckLfRemote)
    i.CheckOnTime                            0x08001408   Section        0  uhf_125k.o(i.CheckOnTime)
    i.DebugMon_Handler                       0x08001430   Section        0  stm32f10x_it.o(i.DebugMon_Handler)
    i.DelayXms                               0x08001434   Section        0  main.o(i.DelayXms)
    i.FLASH_ClearFlag                        0x08001470   Section        0  stm32f10x_flash.o(i.FLASH_ClearFlag)
    i.FLASH_ErasePage                        0x0800147c   Section        0  stm32f10x_flash.o(i.FLASH_ErasePage)
    i.FLASH_GetStatus                        0x080014cc   Section        0  stm32f10x_flash.o(i.FLASH_GetStatus)
    i.FLASH_Lock                             0x08001500   Section        0  stm32f10x_flash.o(i.FLASH_Lock)
    i.FLASH_PrefetchBufferCmd                0x08001514   Section        0  stm32f10x_flash.o(i.FLASH_PrefetchBufferCmd)
    i.FLASH_ProgramMoreWord                  0x08001530   Section        0  uhf_125k.o(i.FLASH_ProgramMoreWord)
    i.FLASH_ProgramWord                      0x08001558   Section        0  stm32f10x_flash.o(i.FLASH_ProgramWord)
    i.FLASH_ReadCount                        0x080015cc   Section        0  uhf_125k.o(i.FLASH_ReadCount)
    i.FLASH_ReadMoreWord                     0x080015d8   Section        0  uhf_125k.o(i.FLASH_ReadMoreWord)
    i.FLASH_SetLatency                       0x080015f4   Section        0  stm32f10x_flash.o(i.FLASH_SetLatency)
    i.FLASH_Unlock                           0x0800160c   Section        0  stm32f10x_flash.o(i.FLASH_Unlock)
    i.FLASH_WaitForLastOperation             0x08001624   Section        0  stm32f10x_flash.o(i.FLASH_WaitForLastOperation)
    i.FLASH_WriteCount                       0x08001650   Section        0  uhf_125k.o(i.FLASH_WriteCount)
    i.FLASH_WriteRemoteID                    0x0800168c   Section        0  uhf_125k.o(i.FLASH_WriteRemoteID)
    i.FlashLedShow                           0x0800175c   Section        0  uhf_125k.o(i.FlashLedShow)
    i.GPIO_Configuration                     0x08001798   Section        0  main.o(i.GPIO_Configuration)
    i.GPIO_DeInit                            0x08001908   Section        0  stm32f10x_gpio.o(i.GPIO_DeInit)
    i.GPIO_Init                              0x080019d0   Section        0  stm32f10x_gpio.o(i.GPIO_Init)
    i.GPIO_PinRemapConfig                    0x08001ae8   Section        0  stm32f10x_gpio.o(i.GPIO_PinRemapConfig)
    i.GPIO_ReadInputDataBit                  0x08001b58   Section        0  stm32f10x_gpio.o(i.GPIO_ReadInputDataBit)
    i.GPIO_ReadOutputDataBit                 0x08001b6a   Section        0  stm32f10x_gpio.o(i.GPIO_ReadOutputDataBit)
    i.GPIO_ResetBits                         0x08001b7c   Section        0  stm32f10x_gpio.o(i.GPIO_ResetBits)
    i.GPIO_SetBits                           0x08001b80   Section        0  stm32f10x_gpio.o(i.GPIO_SetBits)
    i.HardFault_Handler                      0x08001b84   Section        0  stm32f10x_it.o(i.HardFault_Handler)
    i.KillTimer                              0x08001b88   Section        0  uhf_125k.o(i.KillTimer)
    i.LFSendData                             0x08001bb0   Section        0  uhf_125k.o(i.LFSendData)
    i.MemManage_Handler                      0x08001d98   Section        0  stm32f10x_it.o(i.MemManage_Handler)
    i.NMI_Handler                            0x08001d9c   Section        0  stm32f10x_it.o(i.NMI_Handler)
    i.NVIC_Configuration                     0x08001d9e   Section        0  main.o(i.NVIC_Configuration)
    i.NVIC_Init                              0x08001e00   Section        0  misc.o(i.NVIC_Init)
    i.NVIC_PriorityGroupConfig               0x08001e70   Section        0  misc.o(i.NVIC_PriorityGroupConfig)
    i.NVIC_SystemReset                       0x08001e84   Section        0  uhf_125k.o(i.NVIC_SystemReset)
    NVIC_SystemReset                         0x08001e85   Thumb Code    26  uhf_125k.o(i.NVIC_SystemReset)
    i.OnEventRemoteClose                     0x08001ea8   Section        0  uhf_125k.o(i.OnEventRemoteClose)
    i.OnEventRemoteOpen                      0x08001f18   Section        0  uhf_125k.o(i.OnEventRemoteOpen)
    i.OnEventStudy                           0x08001f78   Section        0  uhf_125k.o(i.OnEventStudy)
    i.OnEvnetLFSend                          0x080020b4   Section        0  uhf_125k.o(i.OnEvnetLFSend)
    i.OnTimer                                0x080021e0   Section        0  uhf_125k.o(i.OnTimer)
    i.PWR_BackupAccessCmd                    0x0800225c   Section        0  stm32f10x_pwr.o(i.PWR_BackupAccessCmd)
    i.PendSV_Handler                         0x08002268   Section        0  stm32f10x_it.o(i.PendSV_Handler)
    i.RCC_APB1PeriphClockCmd                 0x0800226c   Section        0  stm32f10x_rcc.o(i.RCC_APB1PeriphClockCmd)
    i.RCC_APB1PeriphResetCmd                 0x0800228c   Section        0  stm32f10x_rcc.o(i.RCC_APB1PeriphResetCmd)
    i.RCC_APB2PeriphClockCmd                 0x080022ac   Section        0  stm32f10x_rcc.o(i.RCC_APB2PeriphClockCmd)
    i.RCC_APB2PeriphResetCmd                 0x080022cc   Section        0  stm32f10x_rcc.o(i.RCC_APB2PeriphResetCmd)
    i.RCC_BackupResetCmd                     0x080022ec   Section        0  stm32f10x_rcc.o(i.RCC_BackupResetCmd)
    i.RCC_ClearFlag                          0x080022f8   Section        0  stm32f10x_rcc.o(i.RCC_ClearFlag)
    i.RCC_Configuration                      0x0800230c   Section        0  main.o(i.RCC_Configuration)
    i.RCC_DeInit                             0x080023b8   Section        0  stm32f10x_rcc.o(i.RCC_DeInit)
    i.RCC_GetClocksFreq                      0x08002414   Section        0  stm32f10x_rcc.o(i.RCC_GetClocksFreq)
    i.RCC_GetFlagStatus                      0x080025a0   Section        0  stm32f10x_rcc.o(i.RCC_GetFlagStatus)
    i.RCC_GetSYSCLKSource                    0x080025dc   Section        0  stm32f10x_rcc.o(i.RCC_GetSYSCLKSource)
    i.RCC_HCLKConfig                         0x080025ec   Section        0  stm32f10x_rcc.o(i.RCC_HCLKConfig)
    i.RCC_HSEConfig                          0x08002604   Section        0  stm32f10x_rcc.o(i.RCC_HSEConfig)
    i.RCC_HSICmd                             0x08002650   Section        0  stm32f10x_rcc.o(i.RCC_HSICmd)
    i.RCC_LSICmd                             0x0800265c   Section        0  stm32f10x_rcc.o(i.RCC_LSICmd)
    i.RCC_PCLK1Config                        0x08002668   Section        0  stm32f10x_rcc.o(i.RCC_PCLK1Config)
    i.RCC_PCLK2Config                        0x08002680   Section        0  stm32f10x_rcc.o(i.RCC_PCLK2Config)
    i.RCC_RTCCLKCmd                          0x08002698   Section        0  stm32f10x_rcc.o(i.RCC_RTCCLKCmd)
    i.RCC_RTCCLKConfig                       0x080026a4   Section        0  stm32f10x_rcc.o(i.RCC_RTCCLKConfig)
    i.RCC_SYSCLKConfig                       0x080026b4   Section        0  stm32f10x_rcc.o(i.RCC_SYSCLKConfig)
    i.RCC_WaitForHSEStartUp                  0x080026cc   Section        0  stm32f10x_rcc.o(i.RCC_WaitForHSEStartUp)
    i.RTC_ClearITPendingBit                  0x08002704   Section        0  stm32f10x_rtc.o(i.RTC_ClearITPendingBit)
    i.RTC_Configuration                      0x08002714   Section        0  main.o(i.RTC_Configuration)
    i.RTC_EnterConfigMode                    0x08002768   Section        0  stm32f10x_rtc.o(i.RTC_EnterConfigMode)
    i.RTC_ExitConfigMode                     0x0800277c   Section        0  stm32f10x_rtc.o(i.RTC_ExitConfigMode)
    i.RTC_GetCounter                         0x08002790   Section        0  stm32f10x_rtc.o(i.RTC_GetCounter)
    i.RTC_GetITStatus                        0x080027a4   Section        0  stm32f10x_rtc.o(i.RTC_GetITStatus)
    i.RTC_IRQHandler                         0x080027c8   Section        0  stm32f10x_it.o(i.RTC_IRQHandler)
    i.RTC_ITConfig                           0x0800284c   Section        0  stm32f10x_rtc.o(i.RTC_ITConfig)
    i.RTC_SetCounter                         0x0800286c   Section        0  stm32f10x_rtc.o(i.RTC_SetCounter)
    i.RTC_SetPrescaler                       0x08002888   Section        0  stm32f10x_rtc.o(i.RTC_SetPrescaler)
    i.RTC_WaitForLastTask                    0x080028a8   Section        0  stm32f10x_rtc.o(i.RTC_WaitForLastTask)
    i.RTC_WaitForSynchro                     0x080028bc   Section        0  stm32f10x_rtc.o(i.RTC_WaitForSynchro)
    i.SVC_Handler                            0x080028e0   Section        0  stm32f10x_it.o(i.SVC_Handler)
    i.SetGpioPinNxpOpen                      0x080028e4   Section        0  main.o(i.SetGpioPinNxpOpen)
    i.SetGpioPinStudyIn                      0x08002920   Section        0  main.o(i.SetGpioPinStudyIn)
    i.SetSysClock                            0x08002944   Section        0  system_stm32f10x.o(i.SetSysClock)
    SetSysClock                              0x08002945   Thumb Code     8  system_stm32f10x.o(i.SetSysClock)
    i.SetSysClockTo72                        0x0800294c   Section        0  system_stm32f10x.o(i.SetSysClockTo72)
    SetSysClockTo72                          0x0800294d   Thumb Code   258  system_stm32f10x.o(i.SetSysClockTo72)
    i.SetTimer                               0x08002a5c   Section        0  uhf_125k.o(i.SetTimer)
    i.SysTick_CLKSourceConfig                0x08002a90   Section        0  misc.o(i.SysTick_CLKSourceConfig)
    i.SysTick_Configuration                  0x08002ab8   Section        0  main.o(i.SysTick_Configuration)
    i.SysTick_Handler                        0x08002b14   Section        0  stm32f10x_it.o(i.SysTick_Handler)
    i.SystemInit                             0x08002b2c   Section        0  system_stm32f10x.o(i.SystemInit)
    i.TIM2_IRQHandler                        0x08002b8c   Section        0  stm32f10x_it.o(i.TIM2_IRQHandler)
    i.TIM_ARRPreloadConfig                   0x08002bb8   Section        0  stm32f10x_tim.o(i.TIM_ARRPreloadConfig)
    i.TIM_ClearITPendingBit                  0x08002bd0   Section        0  stm32f10x_tim.o(i.TIM_ClearITPendingBit)
    i.TIM_Cmd                                0x08002bd6   Section        0  stm32f10x_tim.o(i.TIM_Cmd)
    i.TIM_Configuration                      0x08002bf0   Section        0  drv_time.o(i.TIM_Configuration)
    i.TIM_CtrlPWMOutputs                     0x08002cc4   Section        0  stm32f10x_tim.o(i.TIM_CtrlPWMOutputs)
    i.TIM_GetCounter                         0x08002ce2   Section        0  stm32f10x_tim.o(i.TIM_GetCounter)
    i.TIM_GetITStatus                        0x08002ce8   Section        0  stm32f10x_tim.o(i.TIM_GetITStatus)
    i.TIM_ITConfig                           0x08002d0a   Section        0  stm32f10x_tim.o(i.TIM_ITConfig)
    i.TIM_OC1Init                            0x08002d1c   Section        0  stm32f10x_tim.o(i.TIM_OC1Init)
    i.TIM_OC1PreloadConfig                   0x08002d94   Section        0  stm32f10x_tim.o(i.TIM_OC1PreloadConfig)
    i.TIM_OC2Init                            0x08002da8   Section        0  stm32f10x_tim.o(i.TIM_OC2Init)
    i.TIM_OC2PreloadConfig                   0x08002e44   Section        0  stm32f10x_tim.o(i.TIM_OC2PreloadConfig)
    i.TIM_SetCounter                         0x08002e5e   Section        0  stm32f10x_tim.o(i.TIM_SetCounter)
    i.TIM_TimeBaseInit                       0x08002e64   Section        0  stm32f10x_tim.o(i.TIM_TimeBaseInit)
    i.USART_Cmd                              0x08002ea0   Section        0  stm32f10x_usart.o(i.USART_Cmd)
    i.USART_Configuration                    0x08002eb8   Section        0  main.o(i.USART_Configuration)
    i.USART_GetFlagStatus                    0x08002ef0   Section        0  stm32f10x_usart.o(i.USART_GetFlagStatus)
    i.USART_Init                             0x08002f0c   Section        0  stm32f10x_usart.o(i.USART_Init)
    i.USART_ReceiveData                      0x08002fac   Section        0  stm32f10x_usart.o(i.USART_ReceiveData)
    i.USER_Configuration                     0x08002fb8   Section        0  uhf_125k.o(i.USER_Configuration)
    i.UhfRevData_First                       0x08003074   Section        0  uhf_125k.o(i.UhfRevData_First)
    i.UsageFault_Handler                     0x08003224   Section        0  stm32f10x_it.o(i.UsageFault_Handler)
    i.ValueRange                             0x08003228   Section        0  uhf_125k.o(i.ValueRange)
    i.WaitSendCANLamp                        0x08003248   Section        0  uhf_125k.o(i.WaitSendCANLamp)
    i.WaitSendCANLock                        0x080032d8   Section        0  uhf_125k.o(i.WaitSendCANLock)
    i.WaitSendCANUnLock                      0x08003340   Section        0  uhf_125k.o(i.WaitSendCANUnLock)
    i.delay                                  0x080033a8   Section        0  stm32f10x_flash.o(i.delay)
    delay                                    0x080033a9   Thumb Code    26  stm32f10x_flash.o(i.delay)
    i.main                                   0x080033c4   Section        0  main.o(i.main)
    .constdata                               0x08003450   Section     1186  uhf_125k.o(.constdata)
    .data                                    0x20000000   Section       20  stm32f10x_rcc.o(.data)
    APBAHBPrescTable                         0x20000000   Data          16  stm32f10x_rcc.o(.data)
    ADCPrescTable                            0x20000010   Data           4  stm32f10x_rcc.o(.data)
    .data                                    0x20000014   Section        8  main.o(.data)
    .data                                    0x2000001c   Section      487  uhf_125k.o(.data)
    .bss                                     0x20000204   Section      542  uhf_125k.o(.bss)
    .bss                                     0x20000424   Section       96  libspace.o(.bss)
    HEAP                                     0x20000488   Section      512  startup_stm32f10x_cl.o(HEAP)
    Heap_Mem                                 0x20000488   Data         512  startup_stm32f10x_cl.o(HEAP)
    STACK                                    0x20000688   Section     1024  startup_stm32f10x_cl.o(STACK)
    Stack_Mem                                0x20000688   Data        1024  startup_stm32f10x_cl.o(STACK)
    __initial_sp                             0x20000a88   Data           0  startup_stm32f10x_cl.o(STACK)

    Global Symbols

    Symbol Name                              Value     Ov Type        Size  Object(Section)

    BuildAttributes$$THM_ISAv4$P$D$K$B$S$PE$A:L22UL41UL21$X:L11$S22US41US21$IEEE1$IW$USESV6$~STKCKD$USESV7$~SHL$OSPACE$ROPI$EBA8$UX$STANDARDLIB$REQ8$PRES8$EABIv2 0x00000000   Number         0  anon$$obj.o ABSOLUTE
    __ARM_use_no_argv                        0x00000000   Number         0  main.o ABSOLUTE
    __ARM_exceptions_init                     - Undefined Weak Reference
    __alloca_initialize                       - Undefined Weak Reference
    __arm_preinit_                            - Undefined Weak Reference
    __cpp_initialize__aeabi_                  - Undefined Weak Reference
    __cxa_finalize                            - Undefined Weak Reference
    __rt_locale                               - Undefined Weak Reference
    __sigvec_lookup                           - Undefined Weak Reference
    _atexit_init                              - Undefined Weak Reference
    _call_atexit_fns                          - Undefined Weak Reference
    _clock_init                               - Undefined Weak Reference
    _fp_trap_init                             - Undefined Weak Reference
    _fp_trap_shutdown                         - Undefined Weak Reference
    _get_lc_collate                           - Undefined Weak Reference
    _get_lc_ctype                             - Undefined Weak Reference
    _get_lc_monetary                          - Undefined Weak Reference
    _get_lc_numeric                           - Undefined Weak Reference
    _get_lc_time                              - Undefined Weak Reference
    _getenv_init                              - Undefined Weak Reference
    _handle_redirection                       - Undefined Weak Reference
    _init_alloc                               - Undefined Weak Reference
    _init_user_alloc                          - Undefined Weak Reference
    _initio                                   - Undefined Weak Reference
    _rand_init                                - Undefined Weak Reference
    _signal_finish                            - Undefined Weak Reference
    _signal_init                              - Undefined Weak Reference
    _terminate_alloc                          - Undefined Weak Reference
    _terminate_user_alloc                     - Undefined Weak Reference
    _terminateio                              - Undefined Weak Reference
    __Vectors_Size                           0x00000150   Number         0  startup_stm32f10x_cl.o ABSOLUTE
    __Vectors                                0x08000000   Data           4  startup_stm32f10x_cl.o(RESET)
    __Vectors_End                            0x08000150   Data           0  startup_stm32f10x_cl.o(RESET)
    __main                                   0x08000151   Thumb Code     8  __main.o(!!!main)
    __scatterload                            0x08000159   Thumb Code     0  __scatter.o(!!!scatter)
    __scatterload_rt2                        0x08000159   Thumb Code    44  __scatter.o(!!!scatter)
    __scatterload_rt2_thumb_only             0x08000159   Thumb Code     0  __scatter.o(!!!scatter)
    __scatterload_null                       0x08000167   Thumb Code     0  __scatter.o(!!!scatter)
    __decompress                             0x0800018d   Thumb Code    90  __dczerorl2.o(!!dczerorl2)
    __decompress1                            0x0800018d   Thumb Code     0  __dczerorl2.o(!!dczerorl2)
    __scatterload_zeroinit                   0x080001e9   Thumb Code    28  __scatter_zi.o(!!handler_zi)
    __rt_lib_init                            0x08000205   Thumb Code     0  libinit.o(.ARM.Collect$$libinit$$00000000)
    __rt_lib_init_alloca_1                   0x08000207   Thumb Code     0  libinit2.o(.ARM.Collect$$libinit$$0000002E)
    __rt_lib_init_argv_1                     0x08000207   Thumb Code     0  libinit2.o(.ARM.Collect$$libinit$$0000002C)
    __rt_lib_init_atexit_1                   0x08000207   Thumb Code     0  libinit2.o(.ARM.Collect$$libinit$$0000001B)
    __rt_lib_init_clock_1                    0x08000207   Thumb Code     0  libinit2.o(.ARM.Collect$$libinit$$00000021)
    __rt_lib_init_cpp_1                      0x08000207   Thumb Code     0  libinit2.o(.ARM.Collect$$libinit$$00000032)
    __rt_lib_init_exceptions_1               0x08000207   Thumb Code     0  libinit2.o(.ARM.Collect$$libinit$$00000030)
    __rt_lib_init_fp_1                       0x08000207   Thumb Code     0  libinit2.o(.ARM.Collect$$libinit$$00000002)
    __rt_lib_init_fp_trap_1                  0x08000207   Thumb Code     0  libinit2.o(.ARM.Collect$$libinit$$0000001F)
    __rt_lib_init_getenv_1                   0x08000207   Thumb Code     0  libinit2.o(.ARM.Collect$$libinit$$00000023)
    __rt_lib_init_heap_1                     0x08000207   Thumb Code     0  libinit2.o(.ARM.Collect$$libinit$$0000000A)
    __rt_lib_init_lc_collate_1               0x08000207   Thumb Code     0  libinit2.o(.ARM.Collect$$libinit$$00000011)
    __rt_lib_init_lc_ctype_1                 0x08000207   Thumb Code     0  libinit2.o(.ARM.Collect$$libinit$$00000013)
    __rt_lib_init_lc_monetary_1              0x08000207   Thumb Code     0  libinit2.o(.ARM.Collect$$libinit$$00000015)
    __rt_lib_init_lc_numeric_1               0x08000207   Thumb Code     0  libinit2.o(.ARM.Collect$$libinit$$00000017)
    __rt_lib_init_lc_time_1                  0x08000207   Thumb Code     0  libinit2.o(.ARM.Collect$$libinit$$00000019)
    __rt_lib_init_preinit_1                  0x08000207   Thumb Code     0  libinit2.o(.ARM.Collect$$libinit$$00000004)
    __rt_lib_init_rand_1                     0x08000207   Thumb Code     0  libinit2.o(.ARM.Collect$$libinit$$0000000E)
    __rt_lib_init_return                     0x08000207   Thumb Code     0  libinit2.o(.ARM.Collect$$libinit$$00000033)
    __rt_lib_init_signal_1                   0x08000207   Thumb Code     0  libinit2.o(.ARM.Collect$$libinit$$0000001D)
    __rt_lib_init_stdio_1                    0x08000207   Thumb Code     0  libinit2.o(.ARM.Collect$$libinit$$00000025)
    __rt_lib_init_user_alloc_1               0x08000207   Thumb Code     0  libinit2.o(.ARM.Collect$$libinit$$0000000C)
    __rt_lib_shutdown                        0x08000209   Thumb Code     0  libshutdown.o(.ARM.Collect$$libshutdown$$00000000)
    __rt_lib_shutdown_cpp_1                  0x0800020b   Thumb Code     0  libshutdown2.o(.ARM.Collect$$libshutdown$$00000002)
    __rt_lib_shutdown_fp_trap_1              0x0800020b   Thumb Code     0  libshutdown2.o(.ARM.Collect$$libshutdown$$00000007)
    __rt_lib_shutdown_heap_1                 0x0800020b   Thumb Code     0  libshutdown2.o(.ARM.Collect$$libshutdown$$0000000F)
    __rt_lib_shutdown_return                 0x0800020b   Thumb Code     0  libshutdown2.o(.ARM.Collect$$libshutdown$$00000010)
    __rt_lib_shutdown_signal_1               0x0800020b   Thumb Code     0  libshutdown2.o(.ARM.Collect$$libshutdown$$0000000A)
    __rt_lib_shutdown_stdio_1                0x0800020b   Thumb Code     0  libshutdown2.o(.ARM.Collect$$libshutdown$$00000004)
    __rt_lib_shutdown_user_alloc_1           0x0800020b   Thumb Code     0  libshutdown2.o(.ARM.Collect$$libshutdown$$0000000C)
    __rt_entry                               0x0800020d   Thumb Code     0  __rtentry.o(.ARM.Collect$$rtentry$$00000000)
    __rt_entry_presh_1                       0x0800020d   Thumb Code     0  __rtentry2.o(.ARM.Collect$$rtentry$$00000002)
    __rt_entry_sh                            0x0800020d   Thumb Code     0  __rtentry4.o(.ARM.Collect$$rtentry$$00000004)
    __rt_entry_li                            0x08000213   Thumb Code     0  __rtentry2.o(.ARM.Collect$$rtentry$$0000000A)
    __rt_entry_postsh_1                      0x08000213   Thumb Code     0  __rtentry2.o(.ARM.Collect$$rtentry$$00000009)
    __rt_entry_main                          0x08000217   Thumb Code     0  __rtentry2.o(.ARM.Collect$$rtentry$$0000000D)
    __rt_entry_postli_1                      0x08000217   Thumb Code     0  __rtentry2.o(.ARM.Collect$$rtentry$$0000000C)
    __rt_exit                                0x0800021f   Thumb Code     0  rtexit.o(.ARM.Collect$$rtexit$$00000000)
    __rt_exit_ls                             0x08000221   Thumb Code     0  rtexit2.o(.ARM.Collect$$rtexit$$00000003)
    __rt_exit_prels_1                        0x08000221   Thumb Code     0  rtexit2.o(.ARM.Collect$$rtexit$$00000002)
    __rt_exit_exit                           0x08000225   Thumb Code     0  rtexit2.o(.ARM.Collect$$rtexit$$00000004)
    Reset_Handler                            0x0800022d   Thumb Code     8  startup_stm32f10x_cl.o(.text)
    ADC1_2_IRQHandler                        0x08000247   Thumb Code     0  startup_stm32f10x_cl.o(.text)
    CAN1_RX1_IRQHandler                      0x08000247   Thumb Code     0  startup_stm32f10x_cl.o(.text)
    CAN1_SCE_IRQHandler                      0x08000247   Thumb Code     0  startup_stm32f10x_cl.o(.text)
    CAN1_TX_IRQHandler                       0x08000247   Thumb Code     0  startup_stm32f10x_cl.o(.text)
    CAN2_RX0_IRQHandler                      0x08000247   Thumb Code     0  startup_stm32f10x_cl.o(.text)
    CAN2_RX1_IRQHandler                      0x08000247   Thumb Code     0  startup_stm32f10x_cl.o(.text)
    CAN2_SCE_IRQHandler                      0x08000247   Thumb Code     0  startup_stm32f10x_cl.o(.text)
    CAN2_TX_IRQHandler                       0x08000247   Thumb Code     0  startup_stm32f10x_cl.o(.text)
    DMA1_Channel1_IRQHandler                 0x08000247   Thumb Code     0  startup_stm32f10x_cl.o(.text)
    DMA1_Channel2_IRQHandler                 0x08000247   Thumb Code     0  startup_stm32f10x_cl.o(.text)
    DMA1_Channel3_IRQHandler                 0x08000247   Thumb Code     0  startup_stm32f10x_cl.o(.text)
    DMA1_Channel4_IRQHandler                 0x08000247   Thumb Code     0  startup_stm32f10x_cl.o(.text)
    DMA1_Channel5_IRQHandler                 0x08000247   Thumb Code     0  startup_stm32f10x_cl.o(.text)
    DMA1_Channel6_IRQHandler                 0x08000247   Thumb Code     0  startup_stm32f10x_cl.o(.text)
    DMA1_Channel7_IRQHandler                 0x08000247   Thumb Code     0  startup_stm32f10x_cl.o(.text)
    DMA2_Channel1_IRQHandler                 0x08000247   Thumb Code     0  startup_stm32f10x_cl.o(.text)
    DMA2_Channel2_IRQHandler                 0x08000247   Thumb Code     0  startup_stm32f10x_cl.o(.text)
    DMA2_Channel3_IRQHandler                 0x08000247   Thumb Code     0  startup_stm32f10x_cl.o(.text)
    DMA2_Channel4_IRQHandler                 0x08000247   Thumb Code     0  startup_stm32f10x_cl.o(.text)
    DMA2_Channel5_IRQHandler                 0x08000247   Thumb Code     0  startup_stm32f10x_cl.o(.text)
    ETH_IRQHandler                           0x08000247   Thumb Code     0  startup_stm32f10x_cl.o(.text)
    ETH_WKUP_IRQHandler                      0x08000247   Thumb Code     0  startup_stm32f10x_cl.o(.text)
    EXTI0_IRQHandler                         0x08000247   Thumb Code     0  startup_stm32f10x_cl.o(.text)
    EXTI15_10_IRQHandler                     0x08000247   Thumb Code     0  startup_stm32f10x_cl.o(.text)
    EXTI1_IRQHandler                         0x08000247   Thumb Code     0  startup_stm32f10x_cl.o(.text)
    EXTI2_IRQHandler                         0x08000247   Thumb Code     0  startup_stm32f10x_cl.o(.text)
    EXTI3_IRQHandler                         0x08000247   Thumb Code     0  startup_stm32f10x_cl.o(.text)
    EXTI4_IRQHandler                         0x08000247   Thumb Code     0  startup_stm32f10x_cl.o(.text)
    EXTI9_5_IRQHandler                       0x08000247   Thumb Code     0  startup_stm32f10x_cl.o(.text)
    FLASH_IRQHandler                         0x08000247   Thumb Code     0  startup_stm32f10x_cl.o(.text)
    I2C1_ER_IRQHandler                       0x08000247   Thumb Code     0  startup_stm32f10x_cl.o(.text)
    I2C1_EV_IRQHandler                       0x08000247   Thumb Code     0  startup_stm32f10x_cl.o(.text)
    I2C2_ER_IRQHandler                       0x08000247   Thumb Code     0  startup_stm32f10x_cl.o(.text)
    I2C2_EV_IRQHandler                       0x08000247   Thumb Code     0  startup_stm32f10x_cl.o(.text)
    OTG_FS_IRQHandler                        0x08000247   Thumb Code     0  startup_stm32f10x_cl.o(.text)
    OTG_FS_WKUP_IRQHandler                   0x08000247   Thumb Code     0  startup_stm32f10x_cl.o(.text)
    PVD_IRQHandler                           0x08000247   Thumb Code     0  startup_stm32f10x_cl.o(.text)
    RCC_IRQHandler                           0x08000247   Thumb Code     0  startup_stm32f10x_cl.o(.text)
    RTCAlarm_IRQHandler                      0x08000247   Thumb Code     0  startup_stm32f10x_cl.o(.text)
    SPI1_IRQHandler                          0x08000247   Thumb Code     0  startup_stm32f10x_cl.o(.text)
    SPI2_IRQHandler                          0x08000247   Thumb Code     0  startup_stm32f10x_cl.o(.text)
    SPI3_IRQHandler                          0x08000247   Thumb Code     0  startup_stm32f10x_cl.o(.text)
    TAMPER_IRQHandler                        0x08000247   Thumb Code     0  startup_stm32f10x_cl.o(.text)
    TIM1_BRK_IRQHandler                      0x08000247   Thumb Code     0  startup_stm32f10x_cl.o(.text)
    TIM1_CC_IRQHandler                       0x08000247   Thumb Code     0  startup_stm32f10x_cl.o(.text)
    TIM1_TRG_COM_IRQHandler                  0x08000247   Thumb Code     0  startup_stm32f10x_cl.o(.text)
    TIM1_UP_IRQHandler                       0x08000247   Thumb Code     0  startup_stm32f10x_cl.o(.text)
    TIM3_IRQHandler                          0x08000247   Thumb Code     0  startup_stm32f10x_cl.o(.text)
    TIM4_IRQHandler                          0x08000247   Thumb Code     0  startup_stm32f10x_cl.o(.text)
    TIM5_IRQHandler                          0x08000247   Thumb Code     0  startup_stm32f10x_cl.o(.text)
    TIM6_IRQHandler                          0x08000247   Thumb Code     0  startup_stm32f10x_cl.o(.text)
    TIM7_IRQHandler                          0x08000247   Thumb Code     0  startup_stm32f10x_cl.o(.text)
    UART4_IRQHandler                         0x08000247   Thumb Code     0  startup_stm32f10x_cl.o(.text)
    UART5_IRQHandler                         0x08000247   Thumb Code     0  startup_stm32f10x_cl.o(.text)
    USART1_IRQHandler                        0x08000247   Thumb Code     0  startup_stm32f10x_cl.o(.text)
    USART2_IRQHandler                        0x08000247   Thumb Code     0  startup_stm32f10x_cl.o(.text)
    USART3_IRQHandler                        0x08000247   Thumb Code     0  startup_stm32f10x_cl.o(.text)
    WWDG_IRQHandler                          0x08000247   Thumb Code     0  startup_stm32f10x_cl.o(.text)
    __user_initial_stackheap                 0x08000249   Thumb Code     0  startup_stm32f10x_cl.o(.text)
    __aeabi_memcpy4                          0x0800026d   Thumb Code     0  rt_memcpy_w.o(.text)
    __aeabi_memcpy8                          0x0800026d   Thumb Code     0  rt_memcpy_w.o(.text)
    __rt_memcpy_w                            0x0800026d   Thumb Code   100  rt_memcpy_w.o(.text)
    _memcpy_lastbytes_aligned                0x080002b5   Thumb Code     0  rt_memcpy_w.o(.text)
    __use_two_region_memory                  0x080002d1   Thumb Code     2  heapauxi.o(.text)
    __rt_heap_escrow$2region                 0x080002d3   Thumb Code     2  heapauxi.o(.text)
    __rt_heap_expand$2region                 0x080002d5   Thumb Code     2  heapauxi.o(.text)
    __user_setup_stackheap                   0x080002d7   Thumb Code    74  sys_stackheap_outer.o(.text)
    exit                                     0x08000321   Thumb Code    18  exit.o(.text)
    __user_libspace                          0x08000335   Thumb Code     8  libspace.o(.text)
    __user_perproc_libspace                  0x08000335   Thumb Code     0  libspace.o(.text)
    __user_perthread_libspace                0x08000335   Thumb Code     0  libspace.o(.text)
    _sys_exit                                0x0800033d   Thumb Code     8  sys_exit.o(.text)
    __I$use$semihosting                      0x08000349   Thumb Code     0  use_no_semi.o(.text)
    __use_no_semihosting_swi                 0x08000349   Thumb Code     2  use_no_semi.o(.text)
    BKP_DeInit                               0x0800034b   Thumb Code    16  stm32f10x_bkp.o(i.BKP_DeInit)
    __semihosting_library_function           0x0800034b   Thumb Code     0  indicate_semi.o(.text)
    BusFault_Handler                         0x0800035b   Thumb Code     4  stm32f10x_it.o(i.BusFault_Handler)
    CAN1IrqFuc                               0x08000361   Thumb Code  1266  uhf_125k.o(i.CAN1IrqFuc)
    CAN1_RX0_IRQHandler                      0x08000869   Thumb Code     8  stm32f10x_it.o(i.CAN1_RX0_IRQHandler)
    CANSendData                              0x08000871   Thumb Code    18  uhf_125k.o(i.CANSendData)
    CANSendDataConst                         0x08000889   Thumb Code    22  uhf_125k.o(i.CANSendDataConst)
    CAN_Configuration                        0x080008a5   Thumb Code   336  main.o(i.CAN_Configuration)
    CAN_DeInit                               0x08000a21   Thumb Code    50  stm32f10x_can.o(i.CAN_DeInit)
    CAN_FIFORelease                          0x08000a59   Thumb Code    14  stm32f10x_can.o(i.CAN_FIFORelease)
    CAN_FilterInit                           0x08000a69   Thumb Code   258  stm32f10x_can.o(i.CAN_FilterInit)
    CAN_ITConfig                             0x08000b71   Thumb Code    18  stm32f10x_can.o(i.CAN_ITConfig)
    CAN_Init                                 0x08000b83   Thumb Code   276  stm32f10x_can.o(i.CAN_Init)
    CAN_Receive                              0x08000c97   Thumb Code   234  stm32f10x_can.o(i.CAN_Receive)
    CAN_Transmit                             0x08000d81   Thumb Code   294  stm32f10x_can.o(i.CAN_Transmit)
    Cal_crc8                                 0x08000ea9   Thumb Code    30  uhf_125k.o(i.Cal_crc8)
    CheckAndSetOBD09Code                     0x08000ecd   Thumb Code   720  uhf_125k.o(i.CheckAndSetOBD09Code)
    CheckDriveIsOK                           0x08001225   Thumb Code   234  uhf_125k.o(i.CheckDriveIsOK)
    CheckIOState                             0x08001329   Thumb Code    24  uhf_125k.o(i.CheckIOState)
    CheckLfRemote                            0x08001345   Thumb Code   170  uhf_125k.o(i.CheckLfRemote)
    CheckOnTime                              0x08001409   Thumb Code    36  uhf_125k.o(i.CheckOnTime)
    DebugMon_Handler                         0x08001431   Thumb Code     2  stm32f10x_it.o(i.DebugMon_Handler)
    DelayXms                                 0x08001435   Thumb Code    56  main.o(i.DelayXms)
    FLASH_ClearFlag                          0x08001471   Thumb Code     6  stm32f10x_flash.o(i.FLASH_ClearFlag)
    FLASH_ErasePage                          0x0800147d   Thumb Code    76  stm32f10x_flash.o(i.FLASH_ErasePage)
    FLASH_GetStatus                          0x080014cd   Thumb Code    48  stm32f10x_flash.o(i.FLASH_GetStatus)
    FLASH_Lock                               0x08001501   Thumb Code    14  stm32f10x_flash.o(i.FLASH_Lock)
    FLASH_PrefetchBufferCmd                  0x08001515   Thumb Code    22  stm32f10x_flash.o(i.FLASH_PrefetchBufferCmd)
    FLASH_ProgramMoreWord                    0x08001531   Thumb Code    38  uhf_125k.o(i.FLASH_ProgramMoreWord)
    FLASH_ProgramWord                        0x08001559   Thumb Code   110  stm32f10x_flash.o(i.FLASH_ProgramWord)
    FLASH_ReadCount                          0x080015cd   Thumb Code     6  uhf_125k.o(i.FLASH_ReadCount)
    FLASH_ReadMoreWord                       0x080015d9   Thumb Code    26  uhf_125k.o(i.FLASH_ReadMoreWord)
    FLASH_SetLatency                         0x080015f5   Thumb Code    18  stm32f10x_flash.o(i.FLASH_SetLatency)
    FLASH_Unlock                             0x0800160d   Thumb Code    12  stm32f10x_flash.o(i.FLASH_Unlock)
    FLASH_WaitForLastOperation               0x08001625   Thumb Code    42  stm32f10x_flash.o(i.FLASH_WaitForLastOperation)
    FLASH_WriteCount                         0x08001651   Thumb Code    56  uhf_125k.o(i.FLASH_WriteCount)
    FLASH_WriteRemoteID                      0x0800168d   Thumb Code   186  uhf_125k.o(i.FLASH_WriteRemoteID)
    FlashLedShow                             0x0800175d   Thumb Code    54  uhf_125k.o(i.FlashLedShow)
    GPIO_Configuration                       0x08001799   Thumb Code   352  main.o(i.GPIO_Configuration)
    GPIO_DeInit                              0x08001909   Thumb Code   172  stm32f10x_gpio.o(i.GPIO_DeInit)
    GPIO_Init                                0x080019d1   Thumb Code   278  stm32f10x_gpio.o(i.GPIO_Init)
    GPIO_PinRemapConfig                      0x08001ae9   Thumb Code   106  stm32f10x_gpio.o(i.GPIO_PinRemapConfig)
    GPIO_ReadInputDataBit                    0x08001b59   Thumb Code    18  stm32f10x_gpio.o(i.GPIO_ReadInputDataBit)
    GPIO_ReadOutputDataBit                   0x08001b6b   Thumb Code    18  stm32f10x_gpio.o(i.GPIO_ReadOutputDataBit)
    GPIO_ResetBits                           0x08001b7d   Thumb Code     4  stm32f10x_gpio.o(i.GPIO_ResetBits)
    GPIO_SetBits                             0x08001b81   Thumb Code     4  stm32f10x_gpio.o(i.GPIO_SetBits)
    HardFault_Handler                        0x08001b85   Thumb Code     4  stm32f10x_it.o(i.HardFault_Handler)
    KillTimer                                0x08001b89   Thumb Code    24  uhf_125k.o(i.KillTimer)
    LFSendData                               0x08001bb1   Thumb Code   460  uhf_125k.o(i.LFSendData)
    MemManage_Handler                        0x08001d99   Thumb Code     4  stm32f10x_it.o(i.MemManage_Handler)
    NMI_Handler                              0x08001d9d   Thumb Code     2  stm32f10x_it.o(i.NMI_Handler)
    NVIC_Configuration                       0x08001d9f   Thumb Code    98  main.o(i.NVIC_Configuration)
    NVIC_Init                                0x08001e01   Thumb Code   100  misc.o(i.NVIC_Init)
    NVIC_PriorityGroupConfig                 0x08001e71   Thumb Code    10  misc.o(i.NVIC_PriorityGroupConfig)
    OnEventRemoteClose                       0x08001ea9   Thumb Code    92  uhf_125k.o(i.OnEventRemoteClose)
    OnEventRemoteOpen                        0x08001f19   Thumb Code    80  uhf_125k.o(i.OnEventRemoteOpen)
    OnEventStudy                             0x08001f79   Thumb Code   280  uhf_125k.o(i.OnEventStudy)
    OnEvnetLFSend                            0x080020b5   Thumb Code   242  uhf_125k.o(i.OnEvnetLFSend)
    OnTimer                                  0x080021e1   Thumb Code    96  uhf_125k.o(i.OnTimer)
    PWR_BackupAccessCmd                      0x0800225d   Thumb Code     6  stm32f10x_pwr.o(i.PWR_BackupAccessCmd)
    PendSV_Handler                           0x08002269   Thumb Code     2  stm32f10x_it.o(i.PendSV_Handler)
    RCC_APB1PeriphClockCmd                   0x0800226d   Thumb Code    26  stm32f10x_rcc.o(i.RCC_APB1PeriphClockCmd)
    RCC_APB1PeriphResetCmd                   0x0800228d   Thumb Code    26  stm32f10x_rcc.o(i.RCC_APB1PeriphResetCmd)
    RCC_APB2PeriphClockCmd                   0x080022ad   Thumb Code    26  stm32f10x_rcc.o(i.RCC_APB2PeriphClockCmd)
    RCC_APB2PeriphResetCmd                   0x080022cd   Thumb Code    26  stm32f10x_rcc.o(i.RCC_APB2PeriphResetCmd)
    RCC_BackupResetCmd                       0x080022ed   Thumb Code     6  stm32f10x_rcc.o(i.RCC_BackupResetCmd)
    RCC_ClearFlag                            0x080022f9   Thumb Code    14  stm32f10x_rcc.o(i.RCC_ClearFlag)
    RCC_Configuration                        0x0800230d   Thumb Code   166  main.o(i.RCC_Configuration)
    RCC_DeInit                               0x080023b9   Thumb Code    78  stm32f10x_rcc.o(i.RCC_DeInit)
    RCC_GetClocksFreq                        0x08002415   Thumb Code   374  stm32f10x_rcc.o(i.RCC_GetClocksFreq)
    RCC_GetFlagStatus                        0x080025a1   Thumb Code    56  stm32f10x_rcc.o(i.RCC_GetFlagStatus)
    RCC_GetSYSCLKSource                      0x080025dd   Thumb Code    10  stm32f10x_rcc.o(i.RCC_GetSYSCLKSource)
    RCC_HCLKConfig                           0x080025ed   Thumb Code    18  stm32f10x_rcc.o(i.RCC_HCLKConfig)
    RCC_HSEConfig                            0x08002605   Thumb Code    70  stm32f10x_rcc.o(i.RCC_HSEConfig)
    RCC_HSICmd                               0x08002651   Thumb Code     6  stm32f10x_rcc.o(i.RCC_HSICmd)
    RCC_LSICmd                               0x0800265d   Thumb Code     6  stm32f10x_rcc.o(i.RCC_LSICmd)
    RCC_PCLK1Config                          0x08002669   Thumb Code    18  stm32f10x_rcc.o(i.RCC_PCLK1Config)
    RCC_PCLK2Config                          0x08002681   Thumb Code    20  stm32f10x_rcc.o(i.RCC_PCLK2Config)
    RCC_RTCCLKCmd                            0x08002699   Thumb Code     6  stm32f10x_rcc.o(i.RCC_RTCCLKCmd)
    RCC_RTCCLKConfig                         0x080026a5   Thumb Code    12  stm32f10x_rcc.o(i.RCC_RTCCLKConfig)
    RCC_SYSCLKConfig                         0x080026b5   Thumb Code    18  stm32f10x_rcc.o(i.RCC_SYSCLKConfig)
    RCC_WaitForHSEStartUp                    0x080026cd   Thumb Code    56  stm32f10x_rcc.o(i.RCC_WaitForHSEStartUp)
    RTC_ClearITPendingBit                    0x08002705   Thumb Code    12  stm32f10x_rtc.o(i.RTC_ClearITPendingBit)
    RTC_Configuration                        0x08002715   Thumb Code    84  main.o(i.RTC_Configuration)
    RTC_EnterConfigMode                      0x08002769   Thumb Code    14  stm32f10x_rtc.o(i.RTC_EnterConfigMode)
    RTC_ExitConfigMode                       0x0800277d   Thumb Code    16  stm32f10x_rtc.o(i.RTC_ExitConfigMode)
    RTC_GetCounter                           0x08002791   Thumb Code    16  stm32f10x_rtc.o(i.RTC_GetCounter)
    RTC_GetITStatus                          0x080027a5   Thumb Code    32  stm32f10x_rtc.o(i.RTC_GetITStatus)
    RTC_IRQHandler                           0x080027c9   Thumb Code   110  stm32f10x_it.o(i.RTC_IRQHandler)
    RTC_ITConfig                             0x0800284d   Thumb Code    26  stm32f10x_rtc.o(i.RTC_ITConfig)
    RTC_SetCounter                           0x0800286d   Thumb Code    24  stm32f10x_rtc.o(i.RTC_SetCounter)
    RTC_SetPrescaler                         0x08002889   Thumb Code    26  stm32f10x_rtc.o(i.RTC_SetPrescaler)
    RTC_WaitForLastTask                      0x080028a9   Thumb Code    16  stm32f10x_rtc.o(i.RTC_WaitForLastTask)
    RTC_WaitForSynchro                       0x080028bd   Thumb Code    30  stm32f10x_rtc.o(i.RTC_WaitForSynchro)
    SVC_Handler                              0x080028e1   Thumb Code     2  stm32f10x_it.o(i.SVC_Handler)
    SetGpioPinNxpOpen                        0x080028e5   Thumb Code    54  main.o(i.SetGpioPinNxpOpen)
    SetGpioPinStudyIn                        0x08002921   Thumb Code    30  main.o(i.SetGpioPinStudyIn)
    SetTimer                                 0x08002a5d   Thumb Code    32  uhf_125k.o(i.SetTimer)
    SysTick_CLKSourceConfig                  0x08002a91   Thumb Code    40  misc.o(i.SysTick_CLKSourceConfig)
    SysTick_Configuration                    0x08002ab9   Thumb Code    82  main.o(i.SysTick_Configuration)
    SysTick_Handler                          0x08002b15   Thumb Code    18  stm32f10x_it.o(i.SysTick_Handler)
    SystemInit                               0x08002b2d   Thumb Code    84  system_stm32f10x.o(i.SystemInit)
    TIM2_IRQHandler                          0x08002b8d   Thumb Code    38  stm32f10x_it.o(i.TIM2_IRQHandler)
    TIM_ARRPreloadConfig                     0x08002bb9   Thumb Code    24  stm32f10x_tim.o(i.TIM_ARRPreloadConfig)
    TIM_ClearITPendingBit                    0x08002bd1   Thumb Code     6  stm32f10x_tim.o(i.TIM_ClearITPendingBit)
    TIM_Cmd                                  0x08002bd7   Thumb Code    24  stm32f10x_tim.o(i.TIM_Cmd)
    TIM_Configuration                        0x08002bf1   Thumb Code   206  drv_time.o(i.TIM_Configuration)
    TIM_CtrlPWMOutputs                       0x08002cc5   Thumb Code    30  stm32f10x_tim.o(i.TIM_CtrlPWMOutputs)
    TIM_GetCounter                           0x08002ce3   Thumb Code     6  stm32f10x_tim.o(i.TIM_GetCounter)
    TIM_GetITStatus                          0x08002ce9   Thumb Code    34  stm32f10x_tim.o(i.TIM_GetITStatus)
    TIM_ITConfig                             0x08002d0b   Thumb Code    18  stm32f10x_tim.o(i.TIM_ITConfig)
    TIM_OC1Init                              0x08002d1d   Thumb Code   110  stm32f10x_tim.o(i.TIM_OC1Init)
    TIM_OC1PreloadConfig                     0x08002d95   Thumb Code    18  stm32f10x_tim.o(i.TIM_OC1PreloadConfig)
    TIM_OC2Init                              0x08002da9   Thumb Code   148  stm32f10x_tim.o(i.TIM_OC2Init)
    TIM_OC2PreloadConfig                     0x08002e45   Thumb Code    26  stm32f10x_tim.o(i.TIM_OC2PreloadConfig)
    TIM_SetCounter                           0x08002e5f   Thumb Code     4  stm32f10x_tim.o(i.TIM_SetCounter)
    TIM_TimeBaseInit                         0x08002e65   Thumb Code    50  stm32f10x_tim.o(i.TIM_TimeBaseInit)
    USART_Cmd                                0x08002ea1   Thumb Code    24  stm32f10x_usart.o(i.USART_Cmd)
    USART_Configuration                      0x08002eb9   Thumb Code    50  main.o(i.USART_Configuration)
    USART_GetFlagStatus                      0x08002ef1   Thumb Code    26  stm32f10x_usart.o(i.USART_GetFlagStatus)
    USART_Init                               0x08002f0d   Thumb Code   156  stm32f10x_usart.o(i.USART_Init)
    USART_ReceiveData                        0x08002fad   Thumb Code    10  stm32f10x_usart.o(i.USART_ReceiveData)
    USER_Configuration                       0x08002fb9   Thumb Code   142  uhf_125k.o(i.USER_Configuration)
    UhfRevData_First                         0x08003075   Thumb Code   408  uhf_125k.o(i.UhfRevData_First)
    UsageFault_Handler                       0x08003225   Thumb Code     4  stm32f10x_it.o(i.UsageFault_Handler)
    ValueRange                               0x08003229   Thumb Code    32  uhf_125k.o(i.ValueRange)
    WaitSendCANLamp                          0x08003249   Thumb Code   128  uhf_125k.o(i.WaitSendCANLamp)
    WaitSendCANLock                          0x080032d9   Thumb Code    84  uhf_125k.o(i.WaitSendCANLock)
    WaitSendCANUnLock                        0x08003341   Thumb Code    84  uhf_125k.o(i.WaitSendCANUnLock)
    main                                     0x080033c5   Thumb Code   136  main.o(i.main)
    CopyRight                                0x08003450   Data          43  uhf_125k.o(.constdata)
    Lavida_LFData_Open                       0x0800347b   Data          23  uhf_125k.o(.constdata)
    ConstCanCmdLock                          0x08003494   Data          20  uhf_125k.o(.constdata)
    ConstCanCmdUnLock                        0x080034a8   Data          20  uhf_125k.o(.constdata)
    ConstCanCmdLamp                          0x080034bc   Data          20  uhf_125k.o(.constdata)
    CanGetCarPower                           0x080034d0   Data          20  uhf_125k.o(.constdata)
    CarGetWindowRQ                           0x080034e4   Data          20  uhf_125k.o(.constdata)
    CarGetWindowLH                           0x080034f8   Data          20  uhf_125k.o(.constdata)
    CarGetWindowRH                           0x0800350c   Data          20  uhf_125k.o(.constdata)
    CarGetWindowSKY                          0x08003520   Data          20  uhf_125k.o(.constdata)
    CarGetRemote                             0x08003534   Data          20  uhf_125k.o(.constdata)
    CanCmdOBD09Bigen0                        0x08003548   Data          20  uhf_125k.o(.constdata)
    CanCmdOBD09Allow0                        0x0800355c   Data          20  uhf_125k.o(.constdata)
    CanRevOBD09Allow0                        0x08003570   Data          20  uhf_125k.o(.constdata)
    CanRevOBD09Allow1                        0x08003584   Data          20  uhf_125k.o(.constdata)
    CanCmdOBD09GetAlarm0                     0x08003598   Data          20  uhf_125k.o(.constdata)
    CanRevOBD09GetAlarm0                     0x080035ac   Data          20  uhf_125k.o(.constdata)
    CanCmdOBD09GetAlarm1                     0x080035c0   Data          20  uhf_125k.o(.constdata)
    CanCmdOBD09SetAlarm0                     0x080035d4   Data          20  uhf_125k.o(.constdata)
    CanCmdOBD09SetAlarm1                     0x080035e8   Data          20  uhf_125k.o(.constdata)
    CanCmdOBD09SetAlarm2                     0x080035fc   Data          20  uhf_125k.o(.constdata)
    CanCmdOBD09SetAlarm3                     0x08003610   Data          20  uhf_125k.o(.constdata)
    CanCmdOBD09SetAlarm5                     0x08003624   Data          20  uhf_125k.o(.constdata)
    CanCmdOBD09SetAlarm6                     0x08003638   Data          20  uhf_125k.o(.constdata)
    CanCmdOBD09GetUnLock0                    0x0800364c   Data          20  uhf_125k.o(.constdata)
    CanRevOBD09GetUnLock0                    0x08003660   Data          20  uhf_125k.o(.constdata)
    CanCmdOBD09GetUnLock1                    0x08003674   Data          20  uhf_125k.o(.constdata)
    CanCmdOBD09SetUnLock0                    0x08003688   Data          20  uhf_125k.o(.constdata)
    CanCmdOBD09SetUnLock1                    0x0800369c   Data          20  uhf_125k.o(.constdata)
    CanCmdOBD09SetUnLock2                    0x080036b0   Data          20  uhf_125k.o(.constdata)
    CanCmdOBD09SetUnLock3                    0x080036c4   Data          20  uhf_125k.o(.constdata)
    CanCmdOBD09SetUnLock5                    0x080036d8   Data          20  uhf_125k.o(.constdata)
    CanCmdOBD09GetWindow0                    0x080036ec   Data          20  uhf_125k.o(.constdata)
    CanRevOBD09GetWindow0                    0x08003700   Data          20  uhf_125k.o(.constdata)
    CanCmdOBD09GetWindow1                    0x08003714   Data          20  uhf_125k.o(.constdata)
    CanCmdOBD09SetWindow0                    0x08003728   Data          20  uhf_125k.o(.constdata)
    CanCmdOBD09SetWindow1                    0x0800373c   Data          20  uhf_125k.o(.constdata)
    CanCmdOBD09SetWindow2                    0x08003750   Data          20  uhf_125k.o(.constdata)
    CanCmdOBD09SetWindow3                    0x08003764   Data          20  uhf_125k.o(.constdata)
    CanCmdOBD09SetWindow5                    0x08003778   Data          20  uhf_125k.o(.constdata)
    CanCmdOBD09Reset0                        0x0800378c   Data          20  uhf_125k.o(.constdata)
    CanCmdOBD09Reset1                        0x080037a0   Data          20  uhf_125k.o(.constdata)
    CanCmdOBD09End                           0x080037b4   Data          20  uhf_125k.o(.constdata)
    CrcTable                                 0x080037c8   Data         256  uhf_125k.o(.constdata)
    BasePlus                                 0x080038c8   Data          42  uhf_125k.o(.constdata)
    Region$$Table$$Base                      0x080038f4   Number         0  anon$$obj.o(Region$$Table)
    Region$$Table$$Limit                     0x08003914   Number         0  anon$$obj.o(Region$$Table)
    EventFlag                                0x20000014   Data           1  main.o(.data)
    TimingDelay                              0x20000018   Data           4  main.o(.data)
    RTCValue                                 0x2000001c   Data           4  uhf_125k.o(.data)
    TIM2flag                                 0x20000020   Data           1  uhf_125k.o(.data)
    IDEventFlag                              0x20000021   Data           4  uhf_125k.o(.data)
    OnTimeFlag                               0x20000025   Data           4  uhf_125k.o(.data)
    RTCDisableFlag                           0x20000029   Data           1  uhf_125k.o(.data)
    door                                     0x2000002a   Data           1  uhf_125k.o(.data)
    CarPower                                 0x2000002b   Data           1  uhf_125k.o(.data)
    AllowCloseUpwinFlag                      0x2000002c   Data           1  uhf_125k.o(.data)
    ChangeRevMode                            0x2000002d   Data           1  uhf_125k.o(.data)
    StudyTime                                0x20000030   Data           4  uhf_125k.o(.data)
    RevIndexTotal                            0x20000034   Data           1  uhf_125k.o(.data)
    ACCActiveCount                           0x20000035   Data           1  uhf_125k.o(.data)
    CanDoorOpenState                         0x20000036   Data           2  uhf_125k.o(.data)
    IsLQWinOpen                              0x20000038   Data           1  uhf_125k.o(.data)
    IsLHWinOpen                              0x20000039   Data           1  uhf_125k.o(.data)
    IsRQWinOpen                              0x2000003a   Data           1  uhf_125k.o(.data)
    IsRHWinOpen                              0x2000003b   Data           1  uhf_125k.o(.data)
    IsSKYWinOpen                             0x2000003c   Data           1  uhf_125k.o(.data)
    CarIsLockFlag                            0x2000003d   Data           1  uhf_125k.o(.data)
    ConnectFlag                              0x2000003e   Data           1  uhf_125k.o(.data)
    StartRevCANDataFlag                      0x2000003f   Data           1  uhf_125k.o(.data)
    Chang09CodeOnceFlag                      0x20000040   Data           1  uhf_125k.o(.data)
    RevCmdOBD09CodeRightFlag                 0x20000042   Data           2  uhf_125k.o(.data)
    CarDWAActiveFlag                         0x20000044   Data           1  uhf_125k.o(.data)
    Disable_lf_flag                          0x20000045   Data           1  uhf_125k.o(.data)
    AllowWriteFlag                           0x20000046   Data           1  uhf_125k.o(.data)
    SetOBDCount                              0x20000048   Data           4  uhf_125k.o(.data)
    MCUID                                    0x2000004c   Data           4  uhf_125k.o(.data)
    LFData_StARTID                           0x20000050   Data          12  uhf_125k.o(.data)
    LFData_StartR1                           0x2000005c   Data          20  uhf_125k.o(.data)
    LFData_Open                              0x20000070   Data          27  uhf_125k.o(.data)
    LFData_Open1                             0x2000008b   Data          27  uhf_125k.o(.data)
    LFData_Open2                             0x200000a6   Data          27  uhf_125k.o(.data)
    LFData_Open3                             0x200000c1   Data          27  uhf_125k.o(.data)
    LFData_Open4                             0x200000dc   Data          27  uhf_125k.o(.data)
    CanTxTmp                                 0x200000f8   Data          20  uhf_125k.o(.data)
    CanCmdCart                               0x2000010c   Data          20  uhf_125k.o(.data)
    CanCmdLock                               0x20000120   Data          20  uhf_125k.o(.data)
    CanCmdUnLock                             0x20000134   Data          20  uhf_125k.o(.data)
    CanCmdLamp                               0x20000148   Data          20  uhf_125k.o(.data)
    CanRevOBD09Code                          0x2000015c   Data          20  uhf_125k.o(.data)
    CanCmdOBD09Allow1                        0x20000170   Data          20  uhf_125k.o(.data)
    CanCmdOBD09SetAlarm4                     0x20000184   Data          20  uhf_125k.o(.data)
    CanRevOBD09SetAlarm4                     0x20000198   Data          20  uhf_125k.o(.data)
    CanCmdOBD09SetUnLock4                    0x200001ac   Data          20  uhf_125k.o(.data)
    CanRevOBD09SetUnLock4                    0x200001c0   Data          20  uhf_125k.o(.data)
    CanCmdOBD09SetWindow4                    0x200001d4   Data          20  uhf_125k.o(.data)
    CanRevOBD09SetWindow4                    0x200001e8   Data          20  uhf_125k.o(.data)
    WaitCanCmdLockFlag                       0x200001fc   Data           1  uhf_125k.o(.data)
    CarIsUnLockFlag                          0x200001fd   Data           1  uhf_125k.o(.data)
    WaitCanCmdLampFlag                       0x200001fe   Data           1  uhf_125k.o(.data)
    FindRemoteFlag                           0x200001ff   Data           1  uhf_125k.o(.data)
    UnfindRemoteCount                        0x20000200   Data           1  uhf_125k.o(.data)
    FindRemoteCount                          0x20000201   Data           1  uhf_125k.o(.data)
    AllowStudyFlag                           0x20000202   Data           1  uhf_125k.o(.data)
    ElapseTime                               0x20000204   Data          16  uhf_125k.o(.bss)
    ElapseTimeEnd                            0x20000214   Data          16  uhf_125k.o(.bss)
    RxMessage                                0x20000224   Data          20  uhf_125k.o(.bss)
    Data                                     0x20000238   Data          64  uhf_125k.o(.bss)
    DataPlus                                 0x20000278   Data         426  uhf_125k.o(.bss)
    __libspace_start                         0x20000424   Data          96  libspace.o(.bss)
    __temporary_stack_top$libspace           0x20000484   Data           0  libspace.o(.bss)



==============================================================================

Memory Map of the image

  Image Entry point : 0x08000151

  Load Region LR_IROM1 (Base: 0x08000000, Size: 0x00003b18, Max: 0x00040000, ABSOLUTE, COMPRESSED[0x00003a00])

    Execution Region ER_IROM1 (Base: 0x08000000, Size: 0x00003914, Max: 0x00040000, ABSOLUTE)

    Base Addr    Size         Type   Attr      Idx    E Section Name        Object

    0x08000000   0x00000150   Data   RO            3    RESET               startup_stm32f10x_cl.o
    0x08000150   0x00000008   Code   RO         2437  * !!!main             c_w.l(__main.o)
    0x08000158   0x00000034   Code   RO         2596    !!!scatter          c_w.l(__scatter.o)
    0x0800018c   0x0000005a   Code   RO         2594    !!dczerorl2         c_w.l(__dczerorl2.o)
    0x080001e6   0x00000002   PAD
    0x080001e8   0x0000001c   Code   RO         2598    !!handler_zi        c_w.l(__scatter_zi.o)
    0x08000204   0x00000002   Code   RO         2464    .ARM.Collect$$libinit$$00000000  c_w.l(libinit.o)
    0x08000206   0x00000000   Code   RO         2471    .ARM.Collect$$libinit$$00000002  c_w.l(libinit2.o)
    0x08000206   0x00000000   Code   RO         2473    .ARM.Collect$$libinit$$00000004  c_w.l(libinit2.o)
    0x08000206   0x00000000   Code   RO         2476    .ARM.Collect$$libinit$$0000000A  c_w.l(libinit2.o)
    0x08000206   0x00000000   Code   RO         2478    .ARM.Collect$$libinit$$0000000C  c_w.l(libinit2.o)
    0x08000206   0x00000000   Code   RO         2480    .ARM.Collect$$libinit$$0000000E  c_w.l(libinit2.o)
    0x08000206   0x00000000   Code   RO         2483    .ARM.Collect$$libinit$$00000011  c_w.l(libinit2.o)
    0x08000206   0x00000000   Code   RO         2485    .ARM.Collect$$libinit$$00000013  c_w.l(libinit2.o)
    0x08000206   0x00000000   Code   RO         2487    .ARM.Collect$$libinit$$00000015  c_w.l(libinit2.o)
    0x08000206   0x00000000   Code   RO         2489    .ARM.Collect$$libinit$$00000017  c_w.l(libinit2.o)
    0x08000206   0x00000000   Code   RO         2491    .ARM.Collect$$libinit$$00000019  c_w.l(libinit2.o)
    0x08000206   0x00000000   Code   RO         2493    .ARM.Collect$$libinit$$0000001B  c_w.l(libinit2.o)
    0x08000206   0x00000000   Code   RO         2495    .ARM.Collect$$libinit$$0000001D  c_w.l(libinit2.o)
    0x08000206   0x00000000   Code   RO         2497    .ARM.Collect$$libinit$$0000001F  c_w.l(libinit2.o)
    0x08000206   0x00000000   Code   RO         2499    .ARM.Collect$$libinit$$00000021  c_w.l(libinit2.o)
    0x08000206   0x00000000   Code   RO         2501    .ARM.Collect$$libinit$$00000023  c_w.l(libinit2.o)
    0x08000206   0x00000000   Code   RO         2503    .ARM.Collect$$libinit$$00000025  c_w.l(libinit2.o)
    0x08000206   0x00000000   Code   RO         2507    .ARM.Collect$$libinit$$0000002C  c_w.l(libinit2.o)
    0x08000206   0x00000000   Code   RO         2509    .ARM.Collect$$libinit$$0000002E  c_w.l(libinit2.o)
    0x08000206   0x00000000   Code   RO         2511    .ARM.Collect$$libinit$$00000030  c_w.l(libinit2.o)
    0x08000206   0x00000000   Code   RO         2513    .ARM.Collect$$libinit$$00000032  c_w.l(libinit2.o)
    0x08000206   0x00000002   Code   RO         2514    .ARM.Collect$$libinit$$00000033  c_w.l(libinit2.o)
    0x08000208   0x00000002   Code   RO         2534    .ARM.Collect$$libshutdown$$00000000  c_w.l(libshutdown.o)
    0x0800020a   0x00000000   Code   RO         2547    .ARM.Collect$$libshutdown$$00000002  c_w.l(libshutdown2.o)
    0x0800020a   0x00000000   Code   RO         2549    .ARM.Collect$$libshutdown$$00000004  c_w.l(libshutdown2.o)
    0x0800020a   0x00000000   Code   RO         2552    .ARM.Collect$$libshutdown$$00000007  c_w.l(libshutdown2.o)
    0x0800020a   0x00000000   Code   RO         2555    .ARM.Collect$$libshutdown$$0000000A  c_w.l(libshutdown2.o)
    0x0800020a   0x00000000   Code   RO         2557    .ARM.Collect$$libshutdown$$0000000C  c_w.l(libshutdown2.o)
    0x0800020a   0x00000000   Code   RO         2560    .ARM.Collect$$libshutdown$$0000000F  c_w.l(libshutdown2.o)
    0x0800020a   0x00000002   Code   RO         2561    .ARM.Collect$$libshutdown$$00000010  c_w.l(libshutdown2.o)
    0x0800020c   0x00000000   Code   RO         2439    .ARM.Collect$$rtentry$$00000000  c_w.l(__rtentry.o)
    0x0800020c   0x00000000   Code   RO         2441    .ARM.Collect$$rtentry$$00000002  c_w.l(__rtentry2.o)
    0x0800020c   0x00000006   Code   RO         2453    .ARM.Collect$$rtentry$$00000004  c_w.l(__rtentry4.o)
    0x08000212   0x00000000   Code   RO         2443    .ARM.Collect$$rtentry$$00000009  c_w.l(__rtentry2.o)
    0x08000212   0x00000004   Code   RO         2444    .ARM.Collect$$rtentry$$0000000A  c_w.l(__rtentry2.o)
    0x08000216   0x00000000   Code   RO         2446    .ARM.Collect$$rtentry$$0000000C  c_w.l(__rtentry2.o)
    0x08000216   0x00000008   Code   RO         2447    .ARM.Collect$$rtentry$$0000000D  c_w.l(__rtentry2.o)
    0x0800021e   0x00000002   Code   RO         2468    .ARM.Collect$$rtexit$$00000000  c_w.l(rtexit.o)
    0x08000220   0x00000000   Code   RO         2516    .ARM.Collect$$rtexit$$00000002  c_w.l(rtexit2.o)
    0x08000220   0x00000004   Code   RO         2517    .ARM.Collect$$rtexit$$00000003  c_w.l(rtexit2.o)
    0x08000224   0x00000006   Code   RO         2518    .ARM.Collect$$rtexit$$00000004  c_w.l(rtexit2.o)
    0x0800022a   0x00000002   PAD
    0x0800022c   0x00000040   Code   RO            4    .text               startup_stm32f10x_cl.o
    0x0800026c   0x00000064   Code   RO         2431    .text               c_w.l(rt_memcpy_w.o)
    0x080002d0   0x00000006   Code   RO         2435    .text               c_w.l(heapauxi.o)
    0x080002d6   0x0000004a   Code   RO         2455    .text               c_w.l(sys_stackheap_outer.o)
    0x08000320   0x00000012   Code   RO         2457    .text               c_w.l(exit.o)
    0x08000332   0x00000002   PAD
    0x08000334   0x00000008   Code   RO         2465    .text               c_w.l(libspace.o)
    0x0800033c   0x0000000c   Code   RO         2526    .text               c_w.l(sys_exit.o)
    0x08000348   0x00000002   Code   RO         2537    .text               c_w.l(use_no_semi.o)
    0x0800034a   0x00000000   Code   RO         2539    .text               c_w.l(indicate_semi.o)
    0x0800034a   0x00000010   Code   RO         1773    i.BKP_DeInit        stm32f10x_bkp.o
    0x0800035a   0x00000004   Code   RO         2099    i.BusFault_Handler  stm32f10x_it.o
    0x0800035e   0x00000002   PAD
    0x08000360   0x00000508   Code   RO         2181    i.CAN1IrqFuc        uhf_125k.o
    0x08000868   0x00000008   Code   RO         2100    i.CAN1_RX0_IRQHandler  stm32f10x_it.o
    0x08000870   0x00000018   Code   RO         2182    i.CANSendData       uhf_125k.o
    0x08000888   0x0000001c   Code   RO         2183    i.CANSendDataConst  uhf_125k.o
    0x080008a4   0x0000017c   Code   RO         2011    i.CAN_Configuration  main.o
    0x08000a20   0x00000038   Code   RO          171    i.CAN_DeInit        stm32f10x_can.o
    0x08000a58   0x0000000e   Code   RO          172    i.CAN_FIFORelease   stm32f10x_can.o
    0x08000a66   0x00000002   PAD
    0x08000a68   0x00000108   Code   RO          173    i.CAN_FilterInit    stm32f10x_can.o
    0x08000b70   0x00000012   Code   RO          176    i.CAN_ITConfig      stm32f10x_can.o
    0x08000b82   0x00000114   Code   RO          177    i.CAN_Init          stm32f10x_can.o
    0x08000c96   0x000000ea   Code   RO          179    i.CAN_Receive       stm32f10x_can.o
    0x08000d80   0x00000126   Code   RO          183    i.CAN_Transmit      stm32f10x_can.o
    0x08000ea6   0x00000002   PAD
    0x08000ea8   0x00000024   Code   RO         2184    i.Cal_crc8          uhf_125k.o
    0x08000ecc   0x00000358   Code   RO         2185    i.CheckAndSetOBD09Code  uhf_125k.o
    0x08001224   0x00000104   Code   RO         2186    i.CheckDriveIsOK    uhf_125k.o
    0x08001328   0x0000001c   Code   RO         2187    i.CheckIOState      uhf_125k.o
    0x08001344   0x000000c4   Code   RO         2188    i.CheckLfRemote     uhf_125k.o
    0x08001408   0x00000028   Code   RO         2189    i.CheckOnTime       uhf_125k.o
    0x08001430   0x00000002   Code   RO         2101    i.DebugMon_Handler  stm32f10x_it.o
    0x08001432   0x00000002   PAD
    0x08001434   0x0000003c   Code   RO         2012    i.DelayXms          main.o
    0x08001470   0x0000000c   Code   RO          292    i.FLASH_ClearFlag   stm32f10x_flash.o
    0x0800147c   0x00000050   Code   RO          296    i.FLASH_ErasePage   stm32f10x_flash.o
    0x080014cc   0x00000034   Code   RO          300    i.FLASH_GetStatus   stm32f10x_flash.o
    0x08001500   0x00000014   Code   RO          305    i.FLASH_Lock        stm32f10x_flash.o
    0x08001514   0x0000001c   Code   RO          306    i.FLASH_PrefetchBufferCmd  stm32f10x_flash.o
    0x08001530   0x00000026   Code   RO         2190    i.FLASH_ProgramMoreWord  uhf_125k.o
    0x08001556   0x00000002   PAD
    0x08001558   0x00000074   Code   RO          309    i.FLASH_ProgramWord  stm32f10x_flash.o
    0x080015cc   0x0000000c   Code   RO         2191    i.FLASH_ReadCount   uhf_125k.o
    0x080015d8   0x0000001a   Code   RO         2192    i.FLASH_ReadMoreWord  uhf_125k.o
    0x080015f2   0x00000002   PAD
    0x080015f4   0x00000018   Code   RO          311    i.FLASH_SetLatency  stm32f10x_flash.o
    0x0800160c   0x00000018   Code   RO          312    i.FLASH_Unlock      stm32f10x_flash.o
    0x08001624   0x0000002a   Code   RO          314    i.FLASH_WaitForLastOperation  stm32f10x_flash.o
    0x0800164e   0x00000002   PAD
    0x08001650   0x0000003c   Code   RO         2194    i.FLASH_WriteCount  uhf_125k.o
    0x0800168c   0x000000d0   Code   RO         2195    i.FLASH_WriteRemoteID  uhf_125k.o
    0x0800175c   0x0000003c   Code   RO         2196    i.FlashLedShow      uhf_125k.o
    0x08001798   0x00000170   Code   RO         2013    i.GPIO_Configuration  main.o
    0x08001908   0x000000c8   Code   RO          442    i.GPIO_DeInit       stm32f10x_gpio.o
    0x080019d0   0x00000116   Code   RO          447    i.GPIO_Init         stm32f10x_gpio.o
    0x08001ae6   0x00000002   PAD
    0x08001ae8   0x00000070   Code   RO          449    i.GPIO_PinRemapConfig  stm32f10x_gpio.o
    0x08001b58   0x00000012   Code   RO          451    i.GPIO_ReadInputDataBit  stm32f10x_gpio.o
    0x08001b6a   0x00000012   Code   RO          453    i.GPIO_ReadOutputDataBit  stm32f10x_gpio.o
    0x08001b7c   0x00000004   Code   RO          454    i.GPIO_ResetBits    stm32f10x_gpio.o
    0x08001b80   0x00000004   Code   RO          455    i.GPIO_SetBits      stm32f10x_gpio.o
    0x08001b84   0x00000004   Code   RO         2102    i.HardFault_Handler  stm32f10x_it.o
    0x08001b88   0x00000028   Code   RO         2197    i.KillTimer         uhf_125k.o
    0x08001bb0   0x000001e8   Code   RO         2198    i.LFSendData        uhf_125k.o
    0x08001d98   0x00000004   Code   RO         2103    i.MemManage_Handler  stm32f10x_it.o
    0x08001d9c   0x00000002   Code   RO         2104    i.NMI_Handler       stm32f10x_it.o
    0x08001d9e   0x00000062   Code   RO         2015    i.NVIC_Configuration  main.o
    0x08001e00   0x00000070   Code   RO          127    i.NVIC_Init         misc.o
    0x08001e70   0x00000014   Code   RO          128    i.NVIC_PriorityGroupConfig  misc.o
    0x08001e84   0x00000024   Code   RO         2199    i.NVIC_SystemReset  uhf_125k.o
    0x08001ea8   0x00000070   Code   RO         2200    i.OnEventRemoteClose  uhf_125k.o
    0x08001f18   0x00000060   Code   RO         2201    i.OnEventRemoteOpen  uhf_125k.o
    0x08001f78   0x0000013c   Code   RO         2202    i.OnEventStudy      uhf_125k.o
    0x080020b4   0x0000012c   Code   RO         2203    i.OnEvnetLFSend     uhf_125k.o
    0x080021e0   0x0000007c   Code   RO         2204    i.OnTimer           uhf_125k.o
    0x0800225c   0x0000000c   Code   RO         1621    i.PWR_BackupAccessCmd  stm32f10x_pwr.o
    0x08002268   0x00000002   Code   RO         2105    i.PendSV_Handler    stm32f10x_it.o
    0x0800226a   0x00000002   PAD
    0x0800226c   0x00000020   Code   RO          600    i.RCC_APB1PeriphClockCmd  stm32f10x_rcc.o
    0x0800228c   0x00000020   Code   RO          601    i.RCC_APB1PeriphResetCmd  stm32f10x_rcc.o
    0x080022ac   0x00000020   Code   RO          602    i.RCC_APB2PeriphClockCmd  stm32f10x_rcc.o
    0x080022cc   0x00000020   Code   RO          603    i.RCC_APB2PeriphResetCmd  stm32f10x_rcc.o
    0x080022ec   0x0000000c   Code   RO          605    i.RCC_BackupResetCmd  stm32f10x_rcc.o
    0x080022f8   0x00000014   Code   RO          606    i.RCC_ClearFlag     stm32f10x_rcc.o
    0x0800230c   0x000000ac   Code   RO         2016    i.RCC_Configuration  main.o
    0x080023b8   0x0000005c   Code   RO          609    i.RCC_DeInit        stm32f10x_rcc.o
    0x08002414   0x0000018c   Code   RO          610    i.RCC_GetClocksFreq  stm32f10x_rcc.o
    0x080025a0   0x0000003c   Code   RO          611    i.RCC_GetFlagStatus  stm32f10x_rcc.o
    0x080025dc   0x00000010   Code   RO          613    i.RCC_GetSYSCLKSource  stm32f10x_rcc.o
    0x080025ec   0x00000018   Code   RO          614    i.RCC_HCLKConfig    stm32f10x_rcc.o
    0x08002604   0x0000004c   Code   RO          615    i.RCC_HSEConfig     stm32f10x_rcc.o
    0x08002650   0x0000000c   Code   RO          616    i.RCC_HSICmd        stm32f10x_rcc.o
    0x0800265c   0x0000000c   Code   RO          621    i.RCC_LSICmd        stm32f10x_rcc.o
    0x08002668   0x00000018   Code   RO          624    i.RCC_PCLK1Config   stm32f10x_rcc.o
    0x08002680   0x00000018   Code   RO          625    i.RCC_PCLK2Config   stm32f10x_rcc.o
    0x08002698   0x0000000c   Code   RO          634    i.RCC_RTCCLKCmd     stm32f10x_rcc.o
    0x080026a4   0x00000010   Code   RO          635    i.RCC_RTCCLKConfig  stm32f10x_rcc.o
    0x080026b4   0x00000018   Code   RO          636    i.RCC_SYSCLKConfig  stm32f10x_rcc.o
    0x080026cc   0x00000038   Code   RO          637    i.RCC_WaitForHSEStartUp  stm32f10x_rcc.o
    0x08002704   0x00000010   Code   RO         1682    i.RTC_ClearITPendingBit  stm32f10x_rtc.o
    0x08002714   0x00000054   Code   RO         2017    i.RTC_Configuration  main.o
    0x08002768   0x00000014   Code   RO         1683    i.RTC_EnterConfigMode  stm32f10x_rtc.o
    0x0800277c   0x00000014   Code   RO         1684    i.RTC_ExitConfigMode  stm32f10x_rtc.o
    0x08002790   0x00000014   Code   RO         1685    i.RTC_GetCounter    stm32f10x_rtc.o
    0x080027a4   0x00000024   Code   RO         1688    i.RTC_GetITStatus   stm32f10x_rtc.o
    0x080027c8   0x00000084   Code   RO         2106    i.RTC_IRQHandler    stm32f10x_it.o
    0x0800284c   0x00000020   Code   RO         1689    i.RTC_ITConfig      stm32f10x_rtc.o
    0x0800286c   0x0000001c   Code   RO         1691    i.RTC_SetCounter    stm32f10x_rtc.o
    0x08002888   0x00000020   Code   RO         1692    i.RTC_SetPrescaler  stm32f10x_rtc.o
    0x080028a8   0x00000014   Code   RO         1693    i.RTC_WaitForLastTask  stm32f10x_rtc.o
    0x080028bc   0x00000024   Code   RO         1694    i.RTC_WaitForSynchro  stm32f10x_rtc.o
    0x080028e0   0x00000002   Code   RO         2107    i.SVC_Handler       stm32f10x_it.o
    0x080028e2   0x00000002   PAD
    0x080028e4   0x0000003c   Code   RO         2018    i.SetGpioPinNxpOpen  main.o
    0x08002920   0x00000024   Code   RO         2019    i.SetGpioPinStudyIn  main.o
    0x08002944   0x00000008   Code   RO           24    i.SetSysClock       system_stm32f10x.o
    0x0800294c   0x00000110   Code   RO           25    i.SetSysClockTo72   system_stm32f10x.o
    0x08002a5c   0x00000034   Code   RO         2205    i.SetTimer          uhf_125k.o
    0x08002a90   0x00000028   Code   RO          131    i.SysTick_CLKSourceConfig  misc.o
    0x08002ab8   0x0000005c   Code   RO         2020    i.SysTick_Configuration  main.o
    0x08002b14   0x00000018   Code   RO         2108    i.SysTick_Handler   stm32f10x_it.o
    0x08002b2c   0x00000060   Code   RO           26    i.SystemInit        system_stm32f10x.o
    0x08002b8c   0x0000002c   Code   RO         2109    i.TIM2_IRQHandler   stm32f10x_it.o
    0x08002bb8   0x00000018   Code   RO          855    i.TIM_ARRPreloadConfig  stm32f10x_tim.o
    0x08002bd0   0x00000006   Code   RO          862    i.TIM_ClearITPendingBit  stm32f10x_tim.o
    0x08002bd6   0x00000018   Code   RO          867    i.TIM_Cmd           stm32f10x_tim.o
    0x08002bee   0x00000002   PAD
    0x08002bf0   0x000000d4   Code   RO         1993    i.TIM_Configuration  drv_time.o
    0x08002cc4   0x0000001e   Code   RO          869    i.TIM_CtrlPWMOutputs  stm32f10x_tim.o
    0x08002ce2   0x00000006   Code   RO          886    i.TIM_GetCounter    stm32f10x_tim.o
    0x08002ce8   0x00000022   Code   RO          888    i.TIM_GetITStatus   stm32f10x_tim.o
    0x08002d0a   0x00000012   Code   RO          892    i.TIM_ITConfig      stm32f10x_tim.o
    0x08002d1c   0x00000078   Code   RO          896    i.TIM_OC1Init       stm32f10x_tim.o
    0x08002d94   0x00000012   Code   RO          899    i.TIM_OC1PreloadConfig  stm32f10x_tim.o
    0x08002da6   0x00000002   PAD
    0x08002da8   0x0000009c   Code   RO          901    i.TIM_OC2Init       stm32f10x_tim.o
    0x08002e44   0x0000001a   Code   RO          904    i.TIM_OC2PreloadConfig  stm32f10x_tim.o
    0x08002e5e   0x00000004   Code   RO          932    i.TIM_SetCounter    stm32f10x_tim.o
    0x08002e62   0x00000002   PAD
    0x08002e64   0x0000003c   Code   RO          938    i.TIM_TimeBaseInit  stm32f10x_tim.o
    0x08002ea0   0x00000018   Code   RO         1403    i.USART_Cmd         stm32f10x_usart.o
    0x08002eb8   0x00000038   Code   RO         2021    i.USART_Configuration  main.o
    0x08002ef0   0x0000001a   Code   RO         1406    i.USART_GetFlagStatus  stm32f10x_usart.o
    0x08002f0a   0x00000002   PAD
    0x08002f0c   0x000000a0   Code   RO         1410    i.USART_Init        stm32f10x_usart.o
    0x08002fac   0x0000000a   Code   RO         1415    i.USART_ReceiveData  stm32f10x_usart.o
    0x08002fb6   0x00000002   PAD
    0x08002fb8   0x000000bc   Code   RO         2206    i.USER_Configuration  uhf_125k.o
    0x08003074   0x000001b0   Code   RO         2207    i.UhfRevData_First  uhf_125k.o
    0x08003224   0x00000004   Code   RO         2110    i.UsageFault_Handler  stm32f10x_it.o
    0x08003228   0x00000020   Code   RO         2208    i.ValueRange        uhf_125k.o
    0x08003248   0x00000090   Code   RO         2209    i.WaitSendCANLamp   uhf_125k.o
    0x080032d8   0x00000068   Code   RO         2210    i.WaitSendCANLock   uhf_125k.o
    0x08003340   0x00000068   Code   RO         2211    i.WaitSendCANUnLock  uhf_125k.o
    0x080033a8   0x0000001a   Code   RO          315    i.delay             stm32f10x_flash.o
    0x080033c2   0x00000002   PAD
    0x080033c4   0x0000008c   Code   RO         2022    i.main              main.o
    0x08003450   0x000004a2   Data   RO         2213    .constdata          uhf_125k.o
    0x080038f2   0x00000002   PAD
    0x080038f4   0x00000020   Data   RO         2592    Region$$Table       anon$$obj.o


    Execution Region RW_IRAM1 (Base: 0x20000000, Size: 0x00000a88, Max: 0x00010000, ABSOLUTE, COMPRESSED[0x000000ec])

    Base Addr    Size         Type   Attr      Idx    E Section Name        Object

    0x20000000   0x00000014   Data   RW          638    .data               stm32f10x_rcc.o
    0x20000014   0x00000008   Data   RW         2023    .data               main.o
    0x2000001c   0x000001e7   Data   RW         2214    .data               uhf_125k.o
    0x20000203   0x00000001   PAD
    0x20000204   0x0000021e   Zero   RW         2212    .bss                uhf_125k.o
    0x20000422   0x00000002   PAD
    0x20000424   0x00000060   Zero   RW         2466    .bss                c_w.l(libspace.o)
    0x20000484   0x00000004   PAD
    0x20000488   0x00000200   Zero   RW            2    HEAP                startup_stm32f10x_cl.o
    0x20000688   0x00000400   Zero   RW            1    STACK               startup_stm32f10x_cl.o


==============================================================================

Image component sizes


      Code (inc. data)   RO Data    RW Data    ZI Data      Debug   Object Name

         0          0          0          0          0       4508   core_cm3.o
       212          6          0          0          0        656   drv_time.o
      1546        108          0          8          0      12836   main.o
       172         22          0          0          0       2017   misc.o
        64         26        336          0       1536        804   startup_stm32f10x_cl.o
        16          0          0          0          0        469   stm32f10x_bkp.o
      1156         12          0          0          0       6211   stm32f10x_can.o
       424         50          0          0          0       6748   stm32f10x_flash.o
       634         34          0          0          0       5573   stm32f10x_gpio.o
       232         34          0          0          0       5191   stm32f10x_it.o
        12          6          0          0          0        498   stm32f10x_pwr.o
      1004        132          0         20          0      14073   stm32f10x_rcc.o
       260         48          0          0          0       5036   stm32f10x_rtc.o
       526         28          0          0          0      10510   stm32f10x_tim.o
       220          4          0          0          0       3871   stm32f10x_usart.o
       376         26          0          0          0     275009   system_stm32f10x.o
      5728        798       1186        487        542      29594   uhf_125k.o

    ----------------------------------------------------------------------
     12614       1334       1556        516       2080     383604   Object Totals
         0          0         32          0          0          0   (incl. Generated)
        32          0          2          1          2          0   (incl. Padding)

    ----------------------------------------------------------------------

      Code (inc. data)   RO Data    RW Data    ZI Data      Debug   Library Member Name

        90          0          0          0          0          0   __dczerorl2.o
         8          0          0          0          0         68   __main.o
         0          0          0          0          0          0   __rtentry.o
        12          0          0          0          0          0   __rtentry2.o
         6          0          0          0          0          0   __rtentry4.o
        52          8          0          0          0          0   __scatter.o
        28          0          0          0          0          0   __scatter_zi.o
        18          0          0          0          0         80   exit.o
         6          0          0          0          0        152   heapauxi.o
         0          0          0          0          0          0   indicate_semi.o
         2          0          0          0          0          0   libinit.o
         2          0          0          0          0          0   libinit2.o
         2          0          0          0          0          0   libshutdown.o
         2          0          0          0          0          0   libshutdown2.o
         8          4          0          0         96         68   libspace.o
       100          0          0          0          0         80   rt_memcpy_w.o
         2          0          0          0          0          0   rtexit.o
        10          0          0          0          0          0   rtexit2.o
        12          4          0          0          0         68   sys_exit.o
        74          0          0          0          0         80   sys_stackheap_outer.o
         2          0          0          0          0         68   use_no_semi.o

    ----------------------------------------------------------------------
       442         16          0          0        100        664   Library Totals
         6          0          0          0          4          0   (incl. Padding)

    ----------------------------------------------------------------------

      Code (inc. data)   RO Data    RW Data    ZI Data      Debug   Library Name

       436         16          0          0         96        664   c_w.l

    ----------------------------------------------------------------------
       442         16          0          0        100        664   Library Totals

    ----------------------------------------------------------------------

==============================================================================


      Code (inc. data)   RO Data    RW Data    ZI Data      Debug   

     13056       1350       1556        516       2180     377452   Grand Totals
     13056       1350       1556        236       2180     377452   ELF Image Totals (compressed)
     13056       1350       1556        236          0          0   ROM Totals

==============================================================================

    Total RO  Size (Code + RO Data)                14612 (  14.27kB)
    Total RW  Size (RW Data + ZI Data)              2696 (   2.63kB)
    Total ROM Size (Code + RO Data + RW Data)      14848 (  14.50kB)

==============================================================================

