<html>
<body>
<pre>
<h1>µVision Build Log</h1>
<h2>Tool Versions:</h2>
IDE-Version: ¦ÌVision V5.28.0.0
Copyright (C) 2019 ARM Ltd and ARM Germany GmbH. All rights reserved.
License Information: ere Microsoft, Microsoft, LIC=EXJT4-FKCYG-KPFZY-IZNJF-VPY13-2PZM9
 
Tool Versions:
Toolchain:       MDK-ARM Plus  Version: 5.28.0.0
Toolchain Path:  C:\Keil_v5\ARM\ARMCC\Bin
C Compiler:      Armcc.exe V5.06 update 6 (build 750)
Assembler:       Armasm.exe V5.06 update 6 (build 750)
Linker/Locator:  ArmLink.exe V5.06 update 6 (build 750)
Library Manager: ArmAr.exe V5.06 update 6 (build 750)
Hex Converter:   FromElf.exe V5.06 update 6 (build 750)
CPU DLL:         SARMCM3.DLL V5.28.0.0
Dialog DLL:      DCM.DLL V1.17.3.0
Target DLL:      Segger\JL2CM3.dll V2.99.36.0
Dialog DLL:      TCM.DLL V1.36.2.0
 
<h2>Project:</h2>
E:\mywork\sofe\20200609\CZG\CZGBMW5_C_0601\CZGBMW5_C\Project\BMW_PKE.uvprojx
Project File Date:  06/16/2020

<h2>Output:</h2>
*** Using Compiler 'V5.06 update 6 (build 750)', folder: 'C:\Keil_v5\ARM\ARMCC\Bin'
Build target 'BMW5NEW'
compiling UHF_125K.c...
linking...
Program Size: Code=20008 RO-data=1676 RW-data=1320 ZI-data=4224  
FromELF: creating hex file...
After Build - User command #1: fromelf.exe  --bin -o "E:\mywork\sofe\20200609\CZG\CZGBMW5_C_0601\CZGBMW5_C\Project\Objects\CZG_BMW5_C.bin" "E:\mywork\sofe\20200609\CZG\CZGBMW5_C_0601\CZGBMW5_C\Project\Objects\CZG_BMW5_C.axf"
".\Objects\CZG_BMW5_C.axf" - 0 Error(s), 0 Warning(s).

<h2>Software Packages used:</h2>

Package Vendor: Keil
                http://www.keil.com/pack/Keil.STM32F1xx_DFP.1.1.0.pack
                Keil.STM32F1xx_DFP.1.1.0
                STMicroelectronics STM32F1 Series Device Support, Drivers and Examples

<h2>Collection of Component include folders:</h2>
  .\RTE\_BMW5NEW
  C:\Users\stone\AppData\Local\Arm\Packs\Keil\STM32F1xx_DFP\1.1.0\Device\Include

<h2>Collection of Component Files used:</h2>
Build Time Elapsed:  00:00:03
</pre>
</body>
</html>
